
C:\Users\Andrew
λ ssh-vps

ssh vishus@104.200.24.182
vishus@104.200.24.182's password:
Welcome to Ubuntu 17.10 (GNU/Linux 4.13.0-21-generic x86_64)

 * Documentation:  https://help.ubuntu.com
 * Management:     https://landscape.canonical.com
 * Support:        https://ubuntu.com/advantage

 * Ubuntu Updates for the Meltdown / Spectre Vulnerabilities
   - https://ubu.one/uMelt
Last login: Sat Jan  6 09:42:30 2018 from 173.239.240.2
vishus@localhost:~$ rustup show
Default host: x86_64-unknown-linux-gnu

installed toolchains
--------------------

nightly-2016-08-01-x86_64-unknown-linux-gnu
nightly-2017-11-22-x86_64-unknown-linux-gnu (default)
nightly-2017-12-16-x86_64-unknown-linux-gnu
nightly-x86_64-unknown-linux-gnu

active toolchain
----------------

nightly-2017-11-22-x86_64-unknown-linux-gnu (default)
rustc 1.23.0-nightly (63739ab7b 2017-11-21)

vishus@localhost:~$ ls
backups  blog0                blogr   blogr-archive  blogr-exe-1                   blog.tar.bz2  deploy.env
blog     blogarchive.tar.bz2  blogr0  blogr-exe      blogr-exe-pre-prod_dev-modes  default
vishus@localhost:~$ cd /var/www/html
vishus@localhost:/var/www/html$ ls -lA
total 248
drwx------ 3 vishus vishus  4096 Jan 10 23:03 assets
-rwxrwxrwx 1 root   root   12044 Jan  7 08:47 blog-2018-01-07.js
-rwxrwxrwx 1 root   root   10787 Jan  7 08:47 blog_after-2018-01-07.js
-rwxrwxrwx 1 root   root   10787 Jan  7 04:27 blog_after.js
-rwxrwxrwx 1 root   root   12044 Jan  7 04:27 blog.js
drwxrwxrwx 2 root   root    4096 Jan  9 00:59 css
-rwxrwxrwx 1 root   root   37414 Jan  1 21:27 font-awesome.css
drwxrwxrwx 2 root   root    4096 Jan  1 21:27 fonts
-rwxrwxrwx 1 root   root   11987 Jan  1 21:27 font-selector.js
drwxrwxrwx 4 root   root    4096 Jan  1 21:27 hljs
drwxrwxrwx 2 root   root    4096 Jan  5 08:49 imgs
drwxrwxrwx 2 root   root    4096 Jan  1 21:27 js
drwxrwxrwx 3 root   root    4096 Jan  1 21:27 remarkable
-rwxrwxrwx 1 root   root    8683 Jan  1 21:27 sha256.js
-rwxrwxrwx 1 root   root   99419 Jan  1 21:27 sphere-trans2.png
-rwxrwxrwx 1 root   root    1152 Jan  1 21:27 template_footer.html
-rwxrwxrwx 1 root   root    3061 Jan  1 21:27 template_header.html
vishus@localhost:/var/www/html$ sudo chown -R root:root assets
[sudo] password for vishus:
vishus@localhost:/var/www/html$ sudo chmod -R 777 assets
vishus@localhost:/var/www/html$ ls -lA assets
total 4
drwxrwxrwx 2 root root 4096 Jan 10 23:03 imgs
vishus@localhost:/var/www/html$ ls -lA assets/imgs
total 4
-rwxrwxrwx 1 root root 294 Jan 10 23:03 bg-dot-grid.png
vishus@localhost:/var/www/html$ cd /home/vishus/blogr
vishus@localhost:~/blogr$ ls
blogr-executable                build-backup.sh  Cargo.toml      logs           Rocket.toml                 run-backup.sh  src     templates
blogr-post-copyright-and-icons  build.sh         Cargo.toml.bak  notes          Rocket.toml.old1            run.sh         static
blogr-pre-copyright-and-icons   Cargo.lock       libpq-win.lib   production.sh  Rocket.toml.old-vishus-net  scripts        target
vishus@localhost:~/blogr$ cd blogr-executable
-bash: cd: blogr-executable: Not a directory
vishus@localhost:~/blogr$ cp target/release/blogr blogr-executable-post-body-bg-img.bak
vishus@localhost:~/blogr$ sudo systemctl stop blogr
[sudo] password for vishus:
vishus@localhost:~/blogr$ vi build.sh
vishus@localhost:~/blogr$ bash build.sh
   Compiling blogr v0.4.3 (file:///home/vishus/blogr)
    Finished release [optimized] target(s) in 53.33 secs
vishus@localhost:~/blogr$ sudo systemctl start blogr
vishus@localhost:~/blogr$ cd /var/www/html
vishus@localhost:/var/www/html$ cd ../
vishus@localhost:/var/www$ sudo chown -R root:root html
vishus@localhost:/var/www$ sudo chmod -R 777 html
vishus@localhost:/var/www$ cd html/assets/imgs
vishus@localhost:/var/www/html/assets/imgs$ ls -lA
total 16
-rwxrwxrwx 1 root root  298 Jan 11 00:05 bg-darker-stripe.png
-rwxrwxrwx 1 root root  297 Jan 11 00:05 bg-dark-stripe.png
-rwxrwxrwx 1 root root 3689 Jan 11 00:05 bg-dot-grid3.png
-rwxrwxrwx 1 root root  294 Jan 10 23:03 bg-dot-grid.png
vishus@localhost:/var/www/html/assets/imgs$ sudo systemctl stop blogr
vishus@localhost:/var/www/html/assets/imgs$ sudo systemctl start blogr
vishus@localhost:/var/www/html/assets/imgs$ sudo chown -R root:root html
[sudo] password for vishus:
chown: cannot access 'html': No such file or directory
vishus@localhost:/var/www/html/assets/imgs$ cd ../../
vishus@localhost:/var/www/html$ cd ../
vishus@localhost:/var/www$ sudo chown -R root:root html
vishus@localhost:/var/www$ sudo chmod -R 777 html
vishus@localhost:/var/www$ sudo chmod -R 777 html
[sudo] password for vishus:
vishus@localhost:/var/www$ sudo chown -R root:root html
vishus@localhost:/var/www$ cp /home/vishus/blogr/target/release/blogr /home/vishus/blogr/blogr-executable-before-img-preview
vishus@localhost:/var/www$ cd /home/vishus/backups
vishus@localhost:~/backups$ ls
blogr                                       blogr-service-backup.service               db               logs   server
blogr-service-backup-old-blogr-exe.service  blogr-systemd-backup-post-restart.service  default-enabled  nginx  systemd-blogr-attempt1
vishus@localhost:~/backups$ mkdir executables
vishus@localhost:~/backups$ cd blogr
vishus@localhost:~/backups/blogr$ ls
2018-1-5  backup-deploy.env  backup-of.env  blogr-exe-2018-1-6
vishus@localhost:~/backups/blogr$ cd ../
vishus@localhost:~/backups$ cd ../
vishus@localhost:~$ cd blogr
vishus@localhost:~/blogr$ ls
blogr-executable                       blogr-pre-copyright-and-icons  Cargo.toml      notes             Rocket.toml.old-vishus-net  src
blogr-executable-before-img-preview    build-backup.sh                Cargo.toml.bak  production.sh     run-backup.sh               static
blogr-executable-post-body-bg-img.bak  build.sh                       libpq-win.lib   Rocket.toml       run.sh                      target
blogr-post-copyright-and-icons         Cargo.lock                     logs            Rocket.toml.old1  scripts                     templates vishus@localhost:~/blogr$ cd ../
vishus@localhost:~$ mkdir /home/vishus/backups/blogr/2018-01-11
vishus@localhost:~$ cp -R /home/vishus/blogr /home/vishus/backups/blogr/2018-01-11
vishus@localhost:~$ ls /home/vishus/backups/blogr
2018-01-11  2018-1-5  backup-deploy.env  backup-of.env  blogr-exe-2018-1-6
vishus@localhost:~$ ls /home/vishus/backups/blogr/2018-01-11
blogr
vishus@localhost:~$ ls /home/vishus/backups/blogr/2018-01-11/blogr
blogr-executable                       blogr-pre-copyright-and-icons  Cargo.toml      notes             Rocket.toml.old-vishus-net  src
blogr-executable-before-img-preview    build-backup.sh                Cargo.toml.bak  production.sh     run-backup.sh               static
blogr-executable-post-body-bg-img.bak  build.sh                       libpq-win.lib   Rocket.toml       run.sh                      target
blogr-post-copyright-and-icons         Cargo.lock                     logs            Rocket.toml.old1  scripts                     templates vishus@localhost:~$ cd blogr
vishus@localhost:~/blogr$ sudo systemctl stop blogr
vishus@localhost:~/blogr$ bash build.sh
   Compiling blogr v0.4.3 (file:///home/vishus/blogr)
    Finished release [optimized] target(s) in 57.71 secs
vishus@localhost:~/blogr$ sudo systemctl start blogr
vishus@localhost:~/blogr$ sudo systemctl stop blogr
vishus@localhost:~/blogr$ sudo systemctl start blogr
vishus@localhost:~/blogr$ sudo systemctl stop blogr
vishus@localhost:~/blogr$ sudo systemctl start blogr
vishus@localhost:~/blogr$ sudo vi /etc/nginx/sites-available
[sudo] password for vishus:
vishus@localhost:~/blogr$ sudo vi /etc/nginx/sites-available/blogr
vishus@localhost:~/blogr$ sudo vi /etc/nginx/sites-available/blog
vishus@localhost:~/blogr$ sudo vi /etc/nginx/nginx.conf
vishus@localhost:~/blogr$ sudo systemctl stop nginx
vishus@localhost:~/blogr$ sudo systemctl start nginx
vishus@localhost:~/blogr$ sudo vi /etc/nginx/nginx.conf
[sudo] password for vishus:
Sorry, try again.
[sudo] password for vishus:
vishus@localhost:~/blogr$ sudo systemctl stop nginx
vishus@localhost:~/blogr$ sudo systemctl start nginx
vishus@localhost:~/blogr$ Connection reset by 104.200.24.182 port 22

C:\Users\Andrew
λ vps-ssh

ssh vishus@104.200.24.182
vishus@104.200.24.182's password:
Welcome to Ubuntu 17.10 (GNU/Linux 4.13.0-21-generic x86_64)

 * Documentation:  https://help.ubuntu.com
 * Management:     https://landscape.canonical.com
 * Support:        https://ubuntu.com/advantage

 * Ubuntu Updates for the Meltdown / Spectre Vulnerabilities
   - https://ubu.one/uMelt
Last login: Wed Jan 10 06:36:10 2018 from 24.183.48.32
vishus@localhost:~$ sudo apt-get update && sudo apt-get upgrade
[sudo] password for vishus:
Hit:1 http://mirrors.linode.com/ubuntu artful InRelease
Get:2 http://mirrors.linode.com/ubuntu artful-updates InRelease [78.6 kB]
Get:3 http://mirrors.linode.com/ubuntu artful-backports InRelease [72.2 kB]
Get:4 http://security.ubuntu.com/ubuntu artful-security InRelease [78.6 kB]
Get:5 http://mirrors.linode.com/ubuntu artful-updates/main i386 Packages [141 kB]
Get:6 http://mirrors.linode.com/ubuntu artful-updates/main amd64 Packages [142 kB]
Get:7 http://mirrors.linode.com/ubuntu artful-updates/main Translation-en [63.1 kB]
Get:8 http://mirrors.linode.com/ubuntu artful-updates/restricted amd64 Packages [2,192 B]
Get:9 http://mirrors.linode.com/ubuntu artful-updates/restricted i386 Packages [2,180 B]
Get:10 http://mirrors.linode.com/ubuntu artful-updates/restricted Translation-en [1,284 B]
Get:11 http://mirrors.linode.com/ubuntu artful-updates/universe amd64 Packages [49.7 kB]
Get:12 http://mirrors.linode.com/ubuntu artful-updates/universe i386 Packages [49.2 kB]
Get:13 http://mirrors.linode.com/ubuntu artful-updates/universe Translation-en [29.4 kB]
Get:14 http://mirrors.linode.com/ubuntu artful-updates/multiverse i386 Packages [1,988 B]
Get:15 http://mirrors.linode.com/ubuntu artful-updates/multiverse amd64 Packages [1,828 B]
Get:16 http://apt.postgresql.org/pub/repos/apt zesty-pgdg InRelease [36.4 kB]
Get:17 http://security.ubuntu.com/ubuntu artful-security/main i386 Packages [61.1 kB]
Get:18 http://security.ubuntu.com/ubuntu artful-security/main amd64 Packages [62.5 kB]
Get:19 http://apt.postgresql.org/pub/repos/apt zesty-pgdg/main i386 Packages [67.5 kB]
Get:20 http://security.ubuntu.com/ubuntu artful-security/main Translation-en [29.1 kB]
Get:21 http://security.ubuntu.com/ubuntu artful-security/restricted i386 Packages [2,180 B]
Get:22 http://security.ubuntu.com/ubuntu artful-security/restricted amd64 Packages [2,192 B]
Get:23 http://security.ubuntu.com/ubuntu artful-security/restricted Translation-en [1,284 B]
Get:24 http://security.ubuntu.com/ubuntu artful-security/universe i386 Packages [18.4 kB]
Get:25 http://security.ubuntu.com/ubuntu artful-security/universe amd64 Packages [18.4 kB]
Get:26 http://security.ubuntu.com/ubuntu artful-security/universe Translation-en [12.2 kB]
Get:27 http://security.ubuntu.com/ubuntu artful-security/multiverse amd64 Packages [1,828 B]
Get:28 http://security.ubuntu.com/ubuntu artful-security/multiverse i386 Packages [1,988 B]
Get:29 http://security.ubuntu.com/ubuntu artful-security/multiverse Translation-en [1,124 B]
Get:30 http://apt.postgresql.org/pub/repos/apt zesty-pgdg/main amd64 Packages [67.6 kB]
Fetched 1,098 kB in 0s (1,398 kB/s)
Reading package lists... Done
Reading package lists... Done
Building dependency tree
Reading state information... Done
Calculating upgrade... Done
The following packages have been kept back:
  linux-generic linux-headers-generic linux-image-generic
The following packages will be upgraded:
  command-not-found command-not-found-data linux-libc-dev postgresql-client-common postgresql-common postgresql-contrib
  python3-commandnotfound
7 upgraded, 0 newly installed, 0 to remove and 3 not upgraded.
Need to get 2,235 kB of archives.
After this operation, 14.3 kB disk space will be freed.
Do you want to continue? [Y/n] y
Get:1 http://mirrors.linode.com/ubuntu artful-updates/main amd64 command-not-found-data amd64 0.3ubuntu17.10.2 [901 kB]
Get:2 http://mirrors.linode.com/ubuntu artful-updates/main amd64 python3-commandnotfound all 0.3ubuntu17.10.2 [5,768 B]
Get:3 http://mirrors.linode.com/ubuntu artful-updates/main amd64 command-not-found all 0.3ubuntu17.10.2 [3,656 B]
Get:4 http://mirrors.linode.com/ubuntu artful-updates/main amd64 linux-libc-dev amd64 4.13.0-25.29 [963 kB]
Get:5 http://apt.postgresql.org/pub/repos/apt zesty-pgdg/main amd64 postgresql-common all 189.pgdg17.04+1 [221 kB]
Get:6 http://apt.postgresql.org/pub/repos/apt zesty-pgdg/main amd64 postgresql-client-common all 189.pgdg17.04+1 [81.9 kB]
Get:7 http://apt.postgresql.org/pub/repos/apt zesty-pgdg/main amd64 postgresql-contrib all 10+189.pgdg17.04+1 [58.2 kB]
Fetched 2,235 kB in 0s (6,385 kB/s)
Preconfiguring packages ...
(Reading database ... 104057 files and directories currently installed.)
Preparing to unpack .../0-command-not-found-data_0.3ubuntu17.10.2_amd64.deb ...
Unpacking command-not-found-data (0.3ubuntu17.10.2) over (0.3ubuntu17.10.1) ...
Preparing to unpack .../1-python3-commandnotfound_0.3ubuntu17.10.2_all.deb ...
Unpacking python3-commandnotfound (0.3ubuntu17.10.2) over (0.3ubuntu17.10.1) ...
Preparing to unpack .../2-command-not-found_0.3ubuntu17.10.2_all.deb ...
Unpacking command-not-found (0.3ubuntu17.10.2) over (0.3ubuntu17.10.1) ...
Preparing to unpack .../3-linux-libc-dev_4.13.0-25.29_amd64.deb ...
Unpacking linux-libc-dev:amd64 (4.13.0-25.29) over (4.13.0-21.24) ...
Preparing to unpack .../4-postgresql-common_189.pgdg17.04+1_all.deb ...
Leaving 'diversion of /usr/bin/pg_config to /usr/bin/pg_config.libpq-dev by postgresql-common'
Unpacking postgresql-common (189.pgdg17.04+1) over (188.pgdg17.04+1) ...
Preparing to unpack .../5-postgresql-client-common_189.pgdg17.04+1_all.deb ...
Unpacking postgresql-client-common (189.pgdg17.04+1) over (188.pgdg17.04+1) ...
Preparing to unpack .../6-postgresql-contrib_10+189.pgdg17.04+1_all.deb ...
Unpacking postgresql-contrib (10+189.pgdg17.04+1) over (10+188.pgdg17.04+1) ...
Processing triggers for ureadahead (0.100.0-20) ...
Setting up postgresql-contrib (10+189.pgdg17.04+1) ...
Setting up linux-libc-dev:amd64 (4.13.0-25.29) ...
Setting up postgresql-client-common (189.pgdg17.04+1) ...
Processing triggers for systemd (234-2ubuntu12.1) ...
Setting up postgresql-common (189.pgdg17.04+1) ...
Processing triggers for man-db (2.7.6.1-2) ...
Setting up command-not-found-data (0.3ubuntu17.10.2) ...
Setting up python3-commandnotfound (0.3ubuntu17.10.2) ...
Setting up command-not-found (0.3ubuntu17.10.2) ...
vishus@localhost:~$ sudo git clone https://github.com/letsencrypt/letsencrypt /opt/letsencrypt
sudo: git: command not found
vishus@localhost:~$ sudo apt-get install git
Reading package lists... Done
Building dependency tree
Reading state information... Done
The following additional packages will be installed:
  git-man libcurl3-gnutls liberror-perl
Suggested packages:
  git-daemon-run | git-daemon-sysvinit git-doc git-el git-email git-gui gitk gitweb git-cvs git-mediawiki git-svn
The following NEW packages will be installed:
  git git-man libcurl3-gnutls liberror-perl
0 upgraded, 4 newly installed, 0 to remove and 3 not upgraded.
Need to get 4,136 kB of archives.
After this operation, 31.0 MB of additional disk space will be used.
Do you want to continue? [Y/n] y
Get:1 http://mirrors.linode.com/ubuntu artful-updates/main amd64 libcurl3-gnutls amd64 7.55.1-1ubuntu2.2 [193 kB]
Get:2 http://mirrors.linode.com/ubuntu artful/main amd64 liberror-perl all 0.17024-1 [23.0 kB]
Get:3 http://mirrors.linode.com/ubuntu artful/main amd64 git-man all 1:2.14.1-1ubuntu4 [790 kB]
Get:4 http://mirrors.linode.com/ubuntu artful/main amd64 git amd64 1:2.14.1-1ubuntu4 [3,130 kB]
Fetched 4,136 kB in 0s (48.9 MB/s)
Selecting previously unselected package libcurl3-gnutls:amd64.
(Reading database ... 104057 files and directories currently installed.)
Preparing to unpack .../libcurl3-gnutls_7.55.1-1ubuntu2.2_amd64.deb ...
Unpacking libcurl3-gnutls:amd64 (7.55.1-1ubuntu2.2) ...
Selecting previously unselected package liberror-perl.
Preparing to unpack .../liberror-perl_0.17024-1_all.deb ...
Unpacking liberror-perl (0.17024-1) ...
Selecting previously unselected package git-man.
Preparing to unpack .../git-man_1%3a2.14.1-1ubuntu4_all.deb ...
Unpacking git-man (1:2.14.1-1ubuntu4) ...
Selecting previously unselected package git.
Preparing to unpack .../git_1%3a2.14.1-1ubuntu4_amd64.deb ...
Unpacking git (1:2.14.1-1ubuntu4) ...
Setting up git-man (1:2.14.1-1ubuntu4) ...
Setting up liberror-perl (0.17024-1) ...
Setting up libcurl3-gnutls:amd64 (7.55.1-1ubuntu2.2) ...
Processing triggers for libc-bin (2.26-0ubuntu2) ...
Processing triggers for man-db (2.7.6.1-2) ...
Setting up git (1:2.14.1-1ubuntu4) ...
vishus@localhost:~$ sudo git clone https://github.com/letsencrypt/letsencrypt /opt/letsencrypt
Cloning into '/opt/letsencrypt'...
remote: Counting objects: 52479, done.
remote: Compressing objects: 100% (21/21), done.
remote: Total 52479 (delta 9), reused 5 (delta 1), pack-reused 52457
Receiving objects: 100% (52479/52479), 16.39 MiB | 22.23 MiB/s, done.
Resolving deltas: 100% (37689/37689), done.
vishus@localhost:~$ cd /opt/letsencrypt
vishus@localhost:/opt/letsencrypt$ sudo -H ./letsencrypt-auto certonly --standalone -d vishus.net
Bootstrapping dependencies for Debian-based OSes... (you can skip this with --no-bootstrap)
Hit:1 http://mirrors.linode.com/ubuntu artful InRelease
Hit:2 http://mirrors.linode.com/ubuntu artful-updates InRelease
Hit:3 http://mirrors.linode.com/ubuntu artful-backports InRelease
Hit:4 http://security.ubuntu.com/ubuntu artful-security InRelease
Hit:5 http://apt.postgresql.org/pub/repos/apt zesty-pgdg InRelease
Reading package lists... Done
Reading package lists... Done
Building dependency tree
Reading state information... Done
ca-certificates is already the newest version (20170717).
gcc is already the newest version (4:7.2.0-1ubuntu1).
gcc set to manually installed.
openssl is already the newest version (1.0.2g-1ubuntu13.3).
The following additional packages will be installed:
  libexpat1-dev libpython-dev libpython-stdlib libpython2.7 libpython2.7-dev libpython2.7-minimal libpython2.7-stdlib python-minimal
  python-pip-whl python-pkg-resources python2.7 python2.7-dev python2.7-minimal python3-virtualenv zlib1g-dev
Suggested packages:
  augeas-doc augeas-tools python-doc python-tk python-setuptools python2.7-doc binfmt-support
Recommended packages:
  libssl-doc
The following NEW packages will be installed:
  augeas-lenses libaugeas0 libexpat1-dev libffi-dev libpython-dev libpython-stdlib libpython2.7 libpython2.7-dev libpython2.7-minimal
  libpython2.7-stdlib libssl-dev python python-dev python-minimal python-pip-whl python-pkg-resources python-virtualenv python2.7
  python2.7-dev python2.7-minimal python3-virtualenv virtualenv zlib1g-dev
0 upgraded, 23 newly installed, 0 to remove and 3 not upgraded.
Need to get 37.4 MB of archives.
After this operation, 75.7 MB of additional disk space will be used.
Get:1 http://mirrors.linode.com/ubuntu artful/main amd64 libpython2.7-minimal amd64 2.7.14-2ubuntu2 [338 kB]
Get:2 http://mirrors.linode.com/ubuntu artful/main amd64 python2.7-minimal amd64 2.7.14-2ubuntu2 [1,286 kB]
Get:3 http://mirrors.linode.com/ubuntu artful/main amd64 python-minimal amd64 2.7.14-2ubuntu1 [28.1 kB]
Get:4 http://mirrors.linode.com/ubuntu artful/main amd64 libpython2.7-stdlib amd64 2.7.14-2ubuntu2 [1,910 kB]
Get:5 http://mirrors.linode.com/ubuntu artful/main amd64 python2.7 amd64 2.7.14-2ubuntu2 [233 kB]
Get:6 http://mirrors.linode.com/ubuntu artful/main amd64 libpython-stdlib amd64 2.7.14-2ubuntu1 [7,576 B]
Get:7 http://mirrors.linode.com/ubuntu artful/main amd64 python amd64 2.7.14-2ubuntu1 [140 kB]
Get:8 http://mirrors.linode.com/ubuntu artful/main amd64 augeas-lenses all 1.8.1-1 [289 kB]
Get:9 http://mirrors.linode.com/ubuntu artful/main amd64 libaugeas0 amd64 1.8.1-1 [157 kB]
Get:10 http://mirrors.linode.com/ubuntu artful/main amd64 libexpat1-dev amd64 2.2.3-1 [120 kB]
Get:11 http://mirrors.linode.com/ubuntu artful/main amd64 libpython2.7 amd64 2.7.14-2ubuntu2 [1,053 kB]
Get:12 http://mirrors.linode.com/ubuntu artful/main amd64 libpython2.7-dev amd64 2.7.14-2ubuntu2 [28.2 MB]
Get:13 http://mirrors.linode.com/ubuntu artful/main amd64 libpython-dev amd64 2.7.14-2ubuntu1 [7,644 B]
Get:14 http://mirrors.linode.com/ubuntu artful/main amd64 zlib1g-dev amd64 1:1.2.11.dfsg-0ubuntu2 [176 kB]
Get:15 http://mirrors.linode.com/ubuntu artful-updates/main amd64 libssl-dev amd64 1.0.2g-1ubuntu13.3 [1,358 kB]
Get:16 http://mirrors.linode.com/ubuntu artful/main amd64 python2.7-dev amd64 2.7.14-2ubuntu2 [278 kB]
Get:17 http://mirrors.linode.com/ubuntu artful/main amd64 python-dev amd64 2.7.14-2ubuntu1 [1,176 B]
Get:18 http://mirrors.linode.com/ubuntu artful/universe amd64 python-pip-whl all 9.0.1-2 [1,379 kB]
Get:19 http://mirrors.linode.com/ubuntu artful/main amd64 python-pkg-resources all 36.2.7-2 [128 kB]
Get:20 http://mirrors.linode.com/ubuntu artful/universe amd64 python-virtualenv all 15.1.0+ds-1 [46.6 kB]
Get:21 http://mirrors.linode.com/ubuntu artful/universe amd64 python3-virtualenv all 15.1.0+ds-1 [43.2 kB]
Get:22 http://mirrors.linode.com/ubuntu artful/universe amd64 virtualenv all 15.1.0+ds-1 [4,376 B]
Get:23 http://mirrors.linode.com/ubuntu artful/main amd64 libffi-dev amd64 3.2.1-6 [156 kB]
Fetched 37.4 MB in 0s (56.6 MB/s)
Selecting previously unselected package libpython2.7-minimal:amd64.
(Reading database ... 104948 files and directories currently installed.)
Preparing to unpack .../0-libpython2.7-minimal_2.7.14-2ubuntu2_amd64.deb ...
Unpacking libpython2.7-minimal:amd64 (2.7.14-2ubuntu2) ...
Selecting previously unselected package python2.7-minimal.
Preparing to unpack .../1-python2.7-minimal_2.7.14-2ubuntu2_amd64.deb ...
Unpacking python2.7-minimal (2.7.14-2ubuntu2) ...
Selecting previously unselected package python-minimal.
Preparing to unpack .../2-python-minimal_2.7.14-2ubuntu1_amd64.deb ...
Unpacking python-minimal (2.7.14-2ubuntu1) ...
Selecting previously unselected package libpython2.7-stdlib:amd64.
Preparing to unpack .../3-libpython2.7-stdlib_2.7.14-2ubuntu2_amd64.deb ...
Unpacking libpython2.7-stdlib:amd64 (2.7.14-2ubuntu2) ...
Selecting previously unselected package python2.7.
Preparing to unpack .../4-python2.7_2.7.14-2ubuntu2_amd64.deb ...
Unpacking python2.7 (2.7.14-2ubuntu2) ...
Selecting previously unselected package libpython-stdlib:amd64.
Preparing to unpack .../5-libpython-stdlib_2.7.14-2ubuntu1_amd64.deb ...
Unpacking libpython-stdlib:amd64 (2.7.14-2ubuntu1) ...
Setting up libpython2.7-minimal:amd64 (2.7.14-2ubuntu2) ...
Setting up python2.7-minimal (2.7.14-2ubuntu2) ...
Linking and byte-compiling packages for runtime python2.7...
Setting up python-minimal (2.7.14-2ubuntu1) ...
Selecting previously unselected package python.
(Reading database ... 105696 files and directories currently installed.)
Preparing to unpack .../00-python_2.7.14-2ubuntu1_amd64.deb ...
Unpacking python (2.7.14-2ubuntu1) ...
Selecting previously unselected package augeas-lenses.
Preparing to unpack .../01-augeas-lenses_1.8.1-1_all.deb ...
Unpacking augeas-lenses (1.8.1-1) ...
Selecting previously unselected package libaugeas0:amd64.
Preparing to unpack .../02-libaugeas0_1.8.1-1_amd64.deb ...
Unpacking libaugeas0:amd64 (1.8.1-1) ...
Selecting previously unselected package libexpat1-dev:amd64.
Preparing to unpack .../03-libexpat1-dev_2.2.3-1_amd64.deb ...
Unpacking libexpat1-dev:amd64 (2.2.3-1) ...
Selecting previously unselected package libpython2.7:amd64.
Preparing to unpack .../04-libpython2.7_2.7.14-2ubuntu2_amd64.deb ...
Unpacking libpython2.7:amd64 (2.7.14-2ubuntu2) ...
Selecting previously unselected package libpython2.7-dev:amd64.
Preparing to unpack .../05-libpython2.7-dev_2.7.14-2ubuntu2_amd64.deb ...
Unpacking libpython2.7-dev:amd64 (2.7.14-2ubuntu2) ...
Selecting previously unselected package libpython-dev:amd64.
Preparing to unpack .../06-libpython-dev_2.7.14-2ubuntu1_amd64.deb ...
Unpacking libpython-dev:amd64 (2.7.14-2ubuntu1) ...
Selecting previously unselected package zlib1g-dev:amd64.
Preparing to unpack .../07-zlib1g-dev_1%3a1.2.11.dfsg-0ubuntu2_amd64.deb ...
Unpacking zlib1g-dev:amd64 (1:1.2.11.dfsg-0ubuntu2) ...
Selecting previously unselected package libssl-dev:amd64.
Preparing to unpack .../08-libssl-dev_1.0.2g-1ubuntu13.3_amd64.deb ...
Unpacking libssl-dev:amd64 (1.0.2g-1ubuntu13.3) ...
Selecting previously unselected package python2.7-dev.
Preparing to unpack .../09-python2.7-dev_2.7.14-2ubuntu2_amd64.deb ...
Unpacking python2.7-dev (2.7.14-2ubuntu2) ...
Selecting previously unselected package python-dev.
Preparing to unpack .../10-python-dev_2.7.14-2ubuntu1_amd64.deb ...
Unpacking python-dev (2.7.14-2ubuntu1) ...
Selecting previously unselected package python-pip-whl.
Preparing to unpack .../11-python-pip-whl_9.0.1-2_all.deb ...
Unpacking python-pip-whl (9.0.1-2) ...
Selecting previously unselected package python-pkg-resources.
Preparing to unpack .../12-python-pkg-resources_36.2.7-2_all.deb ...
Unpacking python-pkg-resources (36.2.7-2) ...
Selecting previously unselected package python-virtualenv.
Preparing to unpack .../13-python-virtualenv_15.1.0+ds-1_all.deb ...
Unpacking python-virtualenv (15.1.0+ds-1) ...
Selecting previously unselected package python3-virtualenv.
Preparing to unpack .../14-python3-virtualenv_15.1.0+ds-1_all.deb ...
Unpacking python3-virtualenv (15.1.0+ds-1) ...
Selecting previously unselected package virtualenv.
Preparing to unpack .../15-virtualenv_15.1.0+ds-1_all.deb ...
Unpacking virtualenv (15.1.0+ds-1) ...
Selecting previously unselected package libffi-dev:amd64.
Preparing to unpack .../16-libffi-dev_3.2.1-6_amd64.deb ...
Unpacking libffi-dev:amd64 (3.2.1-6) ...
Setting up python-pip-whl (9.0.1-2) ...
Processing triggers for mime-support (3.60ubuntu1) ...
Processing triggers for install-info (6.4.90.dfsg.1-1build1) ...
Setting up libffi-dev:amd64 (3.2.1-6) ...
Processing triggers for libc-bin (2.26-0ubuntu2) ...
Setting up python3-virtualenv (15.1.0+ds-1) ...
Setting up augeas-lenses (1.8.1-1) ...
Setting up libexpat1-dev:amd64 (2.2.3-1) ...
Processing triggers for man-db (2.7.6.1-2) ...
Setting up virtualenv (15.1.0+ds-1) ...
Setting up libpython2.7-stdlib:amd64 (2.7.14-2ubuntu2) ...
Setting up zlib1g-dev:amd64 (1:1.2.11.dfsg-0ubuntu2) ...
Setting up libssl-dev:amd64 (1.0.2g-1ubuntu13.3) ...
Setting up libaugeas0:amd64 (1.8.1-1) ...
Setting up python2.7 (2.7.14-2ubuntu2) ...
Setting up libpython-stdlib:amd64 (2.7.14-2ubuntu1) ...
Setting up libpython2.7:amd64 (2.7.14-2ubuntu2) ...
Setting up libpython2.7-dev:amd64 (2.7.14-2ubuntu2) ...
Setting up python2.7-dev (2.7.14-2ubuntu2) ...
Setting up python (2.7.14-2ubuntu1) ...
Setting up libpython-dev:amd64 (2.7.14-2ubuntu1) ...
Setting up python-dev (2.7.14-2ubuntu1) ...
Setting up python-pkg-resources (36.2.7-2) ...
Setting up python-virtualenv (15.1.0+ds-1) ...
Processing triggers for libc-bin (2.26-0ubuntu2) ...
Creating virtual environment...
Installing Python packages...
Installation succeeded.
Saving debug log to /var/log/letsencrypt/letsencrypt.log
Plugins selected: Authenticator standalone, Installer None
Enter email address (used for urgent renewal and security notices) (Enter 'c' to
cancel): prindle.andrew@gmail.com

-------------------------------------------------------------------------------
Please read the Terms of Service at
https://letsencrypt.org/documents/LE-SA-v1.2-November-15-2017.pdf. You must
agree in order to register with the ACME server at
https://acme-v01.api.letsencrypt.org/directory
-------------------------------------------------------------------------------
(A)gree/(C)ancel: aAA

-------------------------------------------------------------------------------
Would you be willing to share your email address with the Electronic Frontier
Foundation, a founding partner of the Let's Encrypt project and the non-profit
organization that develops Certbot? We'd like to send you email about EFF and
our work to encrypt the web, protect its users and defend digital rights.
-------------------------------------------------------------------------------
(Y)es/(N)o: n
Obtaining a new certificate
Performing the following challenges:
http-01 challenge for vishus.net
Cleaning up challenges
Problem binding to port 80: Could not bind to IPv4 or IPv6.

IMPORTANT NOTES:
 - Your account credentials have been saved in your Certbot
   configuration directory at /etc/letsencrypt. You should make a
   secure backup of this folder now. This configuration directory will
   also contain certificates and private keys obtained by Certbot so
   making regular backups of this folder is ideal.
vishus@localhost:/opt/letsencrypt$ sudo ls -A /etc/letsencrypt/live/vishus.net
ls: cannot access '/etc/letsencrypt/live/vishus.net': No such file or directory
vishus@localhost:/opt/letsencrypt$ sudo ls -A /etc/letsencrypt/live/
ls: cannot access '/etc/letsencrypt/live/': No such file or directory
vishus@localhost:/opt/letsencrypt$ sudo ls -A /etc/letsencryp
ls: cannot access '/etc/letsencryp': No such file or directory
vishus@localhost:/opt/letsencrypt$ sudo ls -A /etc/letsencrypt
accounts  renewal  renewal-hooks
vishus@localhost:/opt/letsencrypt$ sudo ls -A /etc/letsencrypt/accounts
acme-v01.api.letsencrypt.org
vishus@localhost:/opt/letsencrypt$ sudo ls -A /etc/letsencrypt/accounts/acme-v01.api.letsencrypt.org
directory
vishus@localhost:/opt/letsencrypt$ sudo ls -A /etc/letsencrypt/accounts/acme-v01.api.letsencrypt.org/directory
3f6dfadb9ff20393d60d9fab8d582a81
vishus@localhost:/opt/letsencrypt$ cd /etc/letsencrypt
vishus@localhost:/etc/letsencrypt$ ls
accounts  renewal  renewal-hooks
vishus@localhost:/etc/letsencrypt$ cd renewal
vishus@localhost:/etc/letsencrypt/renewal$ ls
vishus@localhost:/etc/letsencrypt/renewal$ ls ../renewal-hooks
deploy  post  pre
vishus@localhost:/etc/letsencrypt/renewal$ cd ../
vishus@localhost:/etc/letsencrypt$ ls accounts
ls: cannot open directory 'accounts': Permission denied
vishus@localhost:/etc/letsencrypt$ sudo ls accounts
acme-v01.api.letsencrypt.org
vishus@localhost:/etc/letsencrypt$ cd /opt/letsencrypt
vishus@localhost:/opt/letsencrypt$ ls
acme                        certbot-dns-dnsimple     CHANGES.rst         letsencrypt-auto                  setup.cfg
AUTHORS.md                  certbot-dns-dnsmadeeasy  CONTRIBUTING.md     letsencrypt-auto-source           setup.py
certbot                     certbot-dns-google       docker-compose.yml  letshelp-certbot                  tests
certbot-apache              certbot-dns-luadns       Dockerfile          LICENSE.txt                       tools
certbot-auto                certbot-dns-nsone        Dockerfile-dev      linter_plugin.py                  tox.cover.sh
certbot-compatibility-test  certbot-dns-rfc2136      Dockerfile-old      MANIFEST.in                       tox.ini
certbot-dns-cloudflare      certbot-dns-route53      docs                pytest.ini
certbot-dns-cloudxns        certbot-nginx            examples            README.rst
certbot-dns-digitalocean    CHANGELOG.md             ISSUE_TEMPLATE.md   readthedocs.org.requirements.txt
vishus@localhost:/opt/letsencrypt$ cd ~/backups
vishus@localhost:~/backups$ mkdir letsenc
vishus@localhost:~/backups$ cd letsenc
vishus@localhost:~/backups/letsenc$ sudo tar -cvjSf etc-letsencrypt.tar.bz2 /opt/letsencrypt
tar: Removing leading `/' from member names
/opt/letsencrypt/
/opt/letsencrypt/certbot-dns-google/
/opt/letsencrypt/certbot-dns-google/setup.cfg
/opt/letsencrypt/certbot-dns-google/LICENSE.txt
/opt/letsencrypt/certbot-dns-google/MANIFEST.in
/opt/letsencrypt/certbot-dns-google/docs/
/opt/letsencrypt/certbot-dns-google/docs/Makefile
/opt/letsencrypt/certbot-dns-google/docs/index.rst
/opt/letsencrypt/certbot-dns-google/docs/.gitignore
/opt/letsencrypt/certbot-dns-google/docs/_ext/
/opt/letsencrypt/certbot-dns-google/docs/_ext/jsonlexer.py
/opt/letsencrypt/certbot-dns-google/docs/conf.py
/opt/letsencrypt/certbot-dns-google/docs/api/
/opt/letsencrypt/certbot-dns-google/docs/api/dns_google.rst
/opt/letsencrypt/certbot-dns-google/docs/make.bat
/opt/letsencrypt/certbot-dns-google/docs/api.rst
/opt/letsencrypt/certbot-dns-google/certbot_dns_google/
/opt/letsencrypt/certbot-dns-google/certbot_dns_google/dns_google.py
/opt/letsencrypt/certbot-dns-google/certbot_dns_google/dns_google_test.py
/opt/letsencrypt/certbot-dns-google/certbot_dns_google/__init__.py
/opt/letsencrypt/certbot-dns-google/README.rst
/opt/letsencrypt/certbot-dns-google/setup.py
/opt/letsencrypt/Dockerfile
/opt/letsencrypt/.git/
/opt/letsencrypt/.git/info/
/opt/letsencrypt/.git/info/exclude
/opt/letsencrypt/.git/HEAD
/opt/letsencrypt/.git/description
/opt/letsencrypt/.git/index
/opt/letsencrypt/.git/objects/
/opt/letsencrypt/.git/objects/info/
/opt/letsencrypt/.git/objects/pack/
/opt/letsencrypt/.git/objects/pack/pack-9bf0dcdb1b6d70891ebf1ef6aec00dd01c62c47a.idx
/opt/letsencrypt/.git/objects/pack/pack-9bf0dcdb1b6d70891ebf1ef6aec00dd01c62c47a.pack
/opt/letsencrypt/.git/refs/
/opt/letsencrypt/.git/refs/heads/
/opt/letsencrypt/.git/refs/heads/master
/opt/letsencrypt/.git/refs/tags/
/opt/letsencrypt/.git/refs/remotes/
/opt/letsencrypt/.git/refs/remotes/origin/
/opt/letsencrypt/.git/refs/remotes/origin/HEAD
/opt/letsencrypt/.git/hooks/
/opt/letsencrypt/.git/hooks/prepare-commit-msg.sample
/opt/letsencrypt/.git/hooks/commit-msg.sample
/opt/letsencrypt/.git/hooks/update.sample
/opt/letsencrypt/.git/hooks/pre-applypatch.sample
/opt/letsencrypt/.git/hooks/pre-commit.sample
/opt/letsencrypt/.git/hooks/post-update.sample
/opt/letsencrypt/.git/hooks/pre-rebase.sample
/opt/letsencrypt/.git/hooks/pre-push.sample
/opt/letsencrypt/.git/hooks/applypatch-msg.sample
/opt/letsencrypt/.git/hooks/pre-receive.sample
/opt/letsencrypt/.git/config
/opt/letsencrypt/.git/logs/
/opt/letsencrypt/.git/logs/HEAD
/opt/letsencrypt/.git/logs/refs/
/opt/letsencrypt/.git/logs/refs/heads/
/opt/letsencrypt/.git/logs/refs/heads/master
/opt/letsencrypt/.git/logs/refs/remotes/
/opt/letsencrypt/.git/logs/refs/remotes/origin/
/opt/letsencrypt/.git/logs/refs/remotes/origin/HEAD
/opt/letsencrypt/.git/packed-refs
/opt/letsencrypt/.git/branches/
/opt/letsencrypt/tools/
/opt/letsencrypt/tools/offline-sigrequest.sh
/opt/letsencrypt/tools/pip_install.sh
/opt/letsencrypt/tools/dev_constraints.txt
/opt/letsencrypt/tools/venv3.sh
/opt/letsencrypt/tools/oldest_constraints.txt
/opt/letsencrypt/tools/release.sh
/opt/letsencrypt/tools/install_and_test.sh
/opt/letsencrypt/tools/merge_requirements.py
/opt/letsencrypt/tools/sphinx-quickstart.sh
/opt/letsencrypt/tools/readlink.py
/opt/letsencrypt/tools/half-sign.c
/opt/letsencrypt/tools/_venv_common.sh
/opt/letsencrypt/tools/deps.sh
/opt/letsencrypt/tools/eff-pubkey.pem
/opt/letsencrypt/tools/venv.sh
/opt/letsencrypt/tools/pip_install_editable.sh
/opt/letsencrypt/tools/simple_http_server.py
/opt/letsencrypt/tools/deactivate.py
/opt/letsencrypt/tools/docker-warning.sh
/opt/letsencrypt/tools/pytest.sh
/opt/letsencrypt/docker-compose.yml
/opt/letsencrypt/letsencrypt-auto
/opt/letsencrypt/certbot-nginx/
/opt/letsencrypt/certbot-nginx/setup.cfg
/opt/letsencrypt/certbot-nginx/LICENSE.txt
/opt/letsencrypt/certbot-nginx/MANIFEST.in
/opt/letsencrypt/certbot-nginx/docs/
/opt/letsencrypt/certbot-nginx/docs/_templates/
/opt/letsencrypt/certbot-nginx/docs/_templates/.gitignore
/opt/letsencrypt/certbot-nginx/docs/Makefile
/opt/letsencrypt/certbot-nginx/docs/index.rst
/opt/letsencrypt/certbot-nginx/docs/.gitignore
/opt/letsencrypt/certbot-nginx/docs/conf.py
/opt/letsencrypt/certbot-nginx/docs/api/
/opt/letsencrypt/certbot-nginx/docs/api/parser.rst
/opt/letsencrypt/certbot-nginx/docs/api/tls_sni_01.rst
/opt/letsencrypt/certbot-nginx/docs/api/obj.rst
/opt/letsencrypt/certbot-nginx/docs/api/nginxparser.rst
/opt/letsencrypt/certbot-nginx/docs/_static/
/opt/letsencrypt/certbot-nginx/docs/_static/.gitignore
/opt/letsencrypt/certbot-nginx/docs/make.bat
/opt/letsencrypt/certbot-nginx/docs/api.rst
/opt/letsencrypt/certbot-nginx/readthedocs.org.requirements.txt
/opt/letsencrypt/certbot-nginx/tests/
/opt/letsencrypt/certbot-nginx/tests/boulder-integration.sh
/opt/letsencrypt/certbot-nginx/tests/boulder-integration.conf.sh
/opt/letsencrypt/certbot-nginx/certbot_nginx/
/opt/letsencrypt/certbot-nginx/certbot_nginx/configurator.py
/opt/letsencrypt/certbot-nginx/certbot_nginx/tls_sni_01.py
/opt/letsencrypt/certbot-nginx/certbot_nginx/http_01.py
/opt/letsencrypt/certbot-nginx/certbot_nginx/parser.py
/opt/letsencrypt/certbot-nginx/certbot_nginx/options-ssl-nginx.conf
/opt/letsencrypt/certbot-nginx/certbot_nginx/obj.py
/opt/letsencrypt/certbot-nginx/certbot_nginx/tests/
/opt/letsencrypt/certbot-nginx/certbot_nginx/tests/util.py
/opt/letsencrypt/certbot-nginx/certbot_nginx/tests/http_01_test.py
/opt/letsencrypt/certbot-nginx/certbot_nginx/tests/configurator_test.py
/opt/letsencrypt/certbot-nginx/certbot_nginx/tests/nginxparser_test.py
/opt/letsencrypt/certbot-nginx/certbot_nginx/tests/obj_test.py
/opt/letsencrypt/certbot-nginx/certbot_nginx/tests/parser_test.py
/opt/letsencrypt/certbot-nginx/certbot_nginx/tests/testdata/
/opt/letsencrypt/certbot-nginx/certbot_nginx/tests/testdata/etc_nginx/
/opt/letsencrypt/certbot-nginx/certbot_nginx/tests/testdata/etc_nginx/server.conf
/opt/letsencrypt/certbot-nginx/certbot_nginx/tests/testdata/etc_nginx/multiline_quotes.conf
/opt/letsencrypt/certbot-nginx/certbot_nginx/tests/testdata/etc_nginx/broken.conf
/opt/letsencrypt/certbot-nginx/certbot_nginx/tests/testdata/etc_nginx/sites-enabled/
/opt/letsencrypt/certbot-nginx/certbot_nginx/tests/testdata/etc_nginx/sites-enabled/sslon.com
/opt/letsencrypt/certbot-nginx/certbot_nginx/tests/testdata/etc_nginx/sites-enabled/ipv6ssl.com
/opt/letsencrypt/certbot-nginx/certbot_nginx/tests/testdata/etc_nginx/sites-enabled/migration.com
/opt/letsencrypt/certbot-nginx/certbot_nginx/tests/testdata/etc_nginx/sites-enabled/example.com
/opt/letsencrypt/certbot-nginx/certbot_nginx/tests/testdata/etc_nginx/sites-enabled/default
/opt/letsencrypt/certbot-nginx/certbot_nginx/tests/testdata/etc_nginx/sites-enabled/globalssl.com
/opt/letsencrypt/certbot-nginx/certbot_nginx/tests/testdata/etc_nginx/sites-enabled/ipv6.com
/opt/letsencrypt/certbot-nginx/certbot_nginx/tests/testdata/etc_nginx/foo.conf
/opt/letsencrypt/certbot-nginx/certbot_nginx/tests/testdata/etc_nginx/edge_cases.conf
/opt/letsencrypt/certbot-nginx/certbot_nginx/tests/testdata/etc_nginx/nginx.conf
/opt/letsencrypt/certbot-nginx/certbot_nginx/tests/testdata/etc_nginx/mime.types
/opt/letsencrypt/certbot-nginx/certbot_nginx/tests/testdata/etc_nginx/minimalistic_comments.conf
/opt/letsencrypt/certbot-nginx/certbot_nginx/tests/testdata/etc_nginx/comment_in_file.conf
/opt/letsencrypt/certbot-nginx/certbot_nginx/tests/testdata/etc_nginx/ubuntu_nginx_1_4_6/
/opt/letsencrypt/certbot-nginx/certbot_nginx/tests/testdata/etc_nginx/ubuntu_nginx_1_4_6/default_vhost/
/opt/letsencrypt/certbot-nginx/certbot_nginx/tests/testdata/etc_nginx/ubuntu_nginx_1_4_6/default_vhost/nginx/
/opt/letsencrypt/certbot-nginx/certbot_nginx/tests/testdata/etc_nginx/ubuntu_nginx_1_4_6/default_vhost/nginx/naxsi_core.rules
/opt/letsencrypt/certbot-nginx/certbot_nginx/tests/testdata/etc_nginx/ubuntu_nginx_1_4_6/default_vhost/nginx/naxsi.rules
/opt/letsencrypt/certbot-nginx/certbot_nginx/tests/testdata/etc_nginx/ubuntu_nginx_1_4_6/default_vhost/nginx/sites-enabled/
/opt/letsencrypt/certbot-nginx/certbot_nginx/tests/testdata/etc_nginx/ubuntu_nginx_1_4_6/default_vhost/nginx/sites-enabled/default
/opt/letsencrypt/certbot-nginx/certbot_nginx/tests/testdata/etc_nginx/ubuntu_nginx_1_4_6/default_vhost/nginx/koi-win
/opt/letsencrypt/certbot-nginx/certbot_nginx/tests/testdata/etc_nginx/ubuntu_nginx_1_4_6/default_vhost/nginx/fastcgi_params
/opt/letsencrypt/certbot-nginx/certbot_nginx/tests/testdata/etc_nginx/ubuntu_nginx_1_4_6/default_vhost/nginx/koi-utf
/opt/letsencrypt/certbot-nginx/certbot_nginx/tests/testdata/etc_nginx/ubuntu_nginx_1_4_6/default_vhost/nginx/uwsgi_params
/opt/letsencrypt/certbot-nginx/certbot_nginx/tests/testdata/etc_nginx/ubuntu_nginx_1_4_6/default_vhost/nginx/scgi_params
/opt/letsencrypt/certbot-nginx/certbot_nginx/tests/testdata/etc_nginx/ubuntu_nginx_1_4_6/default_vhost/nginx/nginx.conf
/opt/letsencrypt/certbot-nginx/certbot_nginx/tests/testdata/etc_nginx/ubuntu_nginx_1_4_6/default_vhost/nginx/mime.types
/opt/letsencrypt/certbot-nginx/certbot_nginx/tests/testdata/etc_nginx/ubuntu_nginx_1_4_6/default_vhost/nginx/naxsi-ui.conf.1.4.1
/opt/letsencrypt/certbot-nginx/certbot_nginx/tests/testdata/etc_nginx/ubuntu_nginx_1_4_6/default_vhost/nginx/sites-available/
/opt/letsencrypt/certbot-nginx/certbot_nginx/tests/testdata/etc_nginx/ubuntu_nginx_1_4_6/default_vhost/nginx/sites-available/default
/opt/letsencrypt/certbot-nginx/certbot_nginx/tests/testdata/etc_nginx/ubuntu_nginx_1_4_6/default_vhost/nginx/proxy_params
/opt/letsencrypt/certbot-nginx/certbot_nginx/tests/testdata/etc_nginx/ubuntu_nginx_1_4_6/default_vhost/nginx/win-utf
/opt/letsencrypt/certbot-nginx/certbot_nginx/tests/tls_sni_01_test.py
/opt/letsencrypt/certbot-nginx/certbot_nginx/tests/__init__.py
/opt/letsencrypt/certbot-nginx/certbot_nginx/constants.py
/opt/letsencrypt/certbot-nginx/certbot_nginx/nginxparser.py
/opt/letsencrypt/certbot-nginx/certbot_nginx/__init__.py
/opt/letsencrypt/certbot-nginx/README.rst
/opt/letsencrypt/certbot-nginx/setup.py
/opt/letsencrypt/ISSUE_TEMPLATE.md
/opt/letsencrypt/setup.cfg
/opt/letsencrypt/.coveragerc
/opt/letsencrypt/LICENSE.txt
/opt/letsencrypt/certbot-dns-route53/
/opt/letsencrypt/certbot-dns-route53/tools/
/opt/letsencrypt/certbot-dns-route53/tools/tester.pkoch-macos_sierra.sh
/opt/letsencrypt/certbot-dns-route53/setup.cfg
/opt/letsencrypt/certbot-dns-route53/MANIFEST.in
/opt/letsencrypt/certbot-dns-route53/LICENSE
/opt/letsencrypt/certbot-dns-route53/docs/
/opt/letsencrypt/certbot-dns-route53/docs/Makefile
/opt/letsencrypt/certbot-dns-route53/docs/index.rst
/opt/letsencrypt/certbot-dns-route53/docs/.gitignore
/opt/letsencrypt/certbot-dns-route53/docs/conf.py
/opt/letsencrypt/certbot-dns-route53/docs/api/
/opt/letsencrypt/certbot-dns-route53/docs/api/dns_route53.rst
/opt/letsencrypt/certbot-dns-route53/docs/api/authenticator.rst
/opt/letsencrypt/certbot-dns-route53/docs/make.bat
/opt/letsencrypt/certbot-dns-route53/docs/api.rst
/opt/letsencrypt/certbot-dns-route53/examples/
/opt/letsencrypt/certbot-dns-route53/examples/sample-aws-policy.json
/opt/letsencrypt/certbot-dns-route53/.gitignore
/opt/letsencrypt/certbot-dns-route53/certbot_dns_route53/
/opt/letsencrypt/certbot-dns-route53/certbot_dns_route53/authenticator.py
/opt/letsencrypt/certbot-dns-route53/certbot_dns_route53/dns_route53.py
/opt/letsencrypt/certbot-dns-route53/certbot_dns_route53/dns_route53_test.py
/opt/letsencrypt/certbot-dns-route53/certbot_dns_route53/__init__.py
/opt/letsencrypt/certbot-dns-route53/setup.py
/opt/letsencrypt/certbot-dns-route53/README.md
/opt/letsencrypt/.travis.yml
/opt/letsencrypt/AUTHORS.md
/opt/letsencrypt/MANIFEST.in
/opt/letsencrypt/certbot-apache/
/opt/letsencrypt/certbot-apache/setup.cfg
/opt/letsencrypt/certbot-apache/LICENSE.txt
/opt/letsencrypt/certbot-apache/MANIFEST.in
/opt/letsencrypt/certbot-apache/docs/
/opt/letsencrypt/certbot-apache/docs/_templates/
/opt/letsencrypt/certbot-apache/docs/_templates/.gitignore
/opt/letsencrypt/certbot-apache/docs/Makefile
/opt/letsencrypt/certbot-apache/docs/index.rst
/opt/letsencrypt/certbot-apache/docs/.gitignore
/opt/letsencrypt/certbot-apache/docs/conf.py
/opt/letsencrypt/certbot-apache/docs/api/
/opt/letsencrypt/certbot-apache/docs/api/parser.rst
/opt/letsencrypt/certbot-apache/docs/api/tls_sni_01.rst
/opt/letsencrypt/certbot-apache/docs/api/augeas_configurator.rst
/opt/letsencrypt/certbot-apache/docs/api/obj.rst
/opt/letsencrypt/certbot-apache/docs/api/configurator.rst
/opt/letsencrypt/certbot-apache/docs/api/display_ops.rst
/opt/letsencrypt/certbot-apache/docs/_static/
/opt/letsencrypt/certbot-apache/docs/_static/.gitignore
/opt/letsencrypt/certbot-apache/docs/make.bat
/opt/letsencrypt/certbot-apache/docs/api.rst
/opt/letsencrypt/certbot-apache/readthedocs.org.requirements.txt
/opt/letsencrypt/certbot-apache/certbot_apache/
/opt/letsencrypt/certbot-apache/certbot_apache/override_darwin.py
/opt/letsencrypt/certbot-apache/certbot_apache/configurator.py
/opt/letsencrypt/certbot-apache/certbot_apache/augeas_configurator.py
/opt/letsencrypt/certbot-apache/certbot_apache/centos-options-ssl-apache.conf
/opt/letsencrypt/certbot-apache/certbot_apache/display_ops.py
/opt/letsencrypt/certbot-apache/certbot_apache/tls_sni_01.py
/opt/letsencrypt/certbot-apache/certbot_apache/apache_util.py
/opt/letsencrypt/certbot-apache/certbot_apache/options-ssl-apache.conf
/opt/letsencrypt/certbot-apache/certbot_apache/override_suse.py
/opt/letsencrypt/certbot-apache/certbot_apache/http_01.py
/opt/letsencrypt/certbot-apache/certbot_apache/parser.py
/opt/letsencrypt/certbot-apache/certbot_apache/override_gentoo.py
/opt/letsencrypt/certbot-apache/certbot_apache/entrypoint.py
/opt/letsencrypt/certbot-apache/certbot_apache/obj.py
/opt/letsencrypt/certbot-apache/certbot_apache/tests/
/opt/letsencrypt/certbot-apache/certbot_apache/tests/complex_parsing_test.py
/opt/letsencrypt/certbot-apache/certbot_apache/tests/debian_test.py
/opt/letsencrypt/certbot-apache/certbot_apache/tests/util.py
/opt/letsencrypt/certbot-apache/certbot_apache/tests/augeas_configurator_test.py
/opt/letsencrypt/certbot-apache/certbot_apache/tests/http_01_test.py
/opt/letsencrypt/certbot-apache/certbot_apache/tests/apache-conf-files/
/opt/letsencrypt/certbot-apache/certbot_apache/tests/apache-conf-files/passing/
/opt/letsencrypt/certbot-apache/certbot_apache/tests/apache-conf-files/passing/roundcube-1222.conf
/opt/letsencrypt/certbot-apache/certbot_apache/tests/apache-conf-files/passing/example-1755.conf
/opt/letsencrypt/certbot-apache/certbot_apache/tests/apache-conf-files/passing/example.conf
/opt/letsencrypt/certbot-apache/certbot_apache/tests/apache-conf-files/passing/finalize-1243.conf
/opt/letsencrypt/certbot-apache/certbot_apache/tests/apache-conf-files/passing/comment-continuations-2050.conf
/opt/letsencrypt/certbot-apache/certbot_apache/tests/apache-conf-files/passing/1626-1531.conf
/opt/letsencrypt/certbot-apache/certbot_apache/tests/apache-conf-files/passing/drupal-errordocument-arg-1724.conf
/opt/letsencrypt/certbot-apache/certbot_apache/tests/apache-conf-files/passing/graphite-quote-1934.conf
/opt/letsencrypt/certbot-apache/certbot_apache/tests/apache-conf-files/passing/rewrite-quote-1960.conf
/opt/letsencrypt/certbot-apache/certbot_apache/tests/apache-conf-files/passing/semacode-1598.conf
/opt/letsencrypt/certbot-apache/certbot_apache/tests/apache-conf-files/passing/modmacro-1385.conf
/opt/letsencrypt/certbot-apache/certbot_apache/tests/apache-conf-files/passing/two-blocks-one-line-1693.conf
/opt/letsencrypt/certbot-apache/certbot_apache/tests/apache-conf-files/passing/escaped-space-arguments-2735.conf
/opt/letsencrypt/certbot-apache/certbot_apache/tests/apache-conf-files/passing/section-continuations-2525.conf
/opt/letsencrypt/certbot-apache/certbot_apache/tests/apache-conf-files/passing/ipv6-1143d.conf
/opt/letsencrypt/certbot-apache/certbot_apache/tests/apache-conf-files/passing/ipv6-1143c.conf
/opt/letsencrypt/certbot-apache/certbot_apache/tests/apache-conf-files/passing/sslrequire-wordlist-1827.htaccess
/opt/letsencrypt/certbot-apache/certbot_apache/tests/apache-conf-files/passing/missing-quote-1724.conf
/opt/letsencrypt/certbot-apache/certbot_apache/tests/apache-conf-files/passing/section-empty-continuations-2731.conf
/opt/letsencrypt/certbot-apache/certbot_apache/tests/apache-conf-files/passing/drupal-htaccess-1531.conf
/opt/letsencrypt/certbot-apache/certbot_apache/tests/apache-conf-files/passing/ipv6-1143b.conf
/opt/letsencrypt/certbot-apache/certbot_apache/tests/apache-conf-files/passing/owncloud-1264.conf
/opt/letsencrypt/certbot-apache/certbot_apache/tests/apache-conf-files/passing/ipv6-1143.conf
/opt/letsencrypt/certbot-apache/certbot_apache/tests/apache-conf-files/passing/finalize-1243.apache2.conf.txt
/opt/letsencrypt/certbot-apache/certbot_apache/tests/apache-conf-files/passing/anarcat-1531.conf
/opt/letsencrypt/certbot-apache/certbot_apache/tests/apache-conf-files/passing/README.modules
/opt/letsencrypt/certbot-apache/certbot_apache/tests/apache-conf-files/passing/example-ssl.conf
/opt/letsencrypt/certbot-apache/certbot_apache/tests/apache-conf-files/failing/
/opt/letsencrypt/certbot-apache/certbot_apache/tests/apache-conf-files/failing/multivhost-1093b.conf
/opt/letsencrypt/certbot-apache/certbot_apache/tests/apache-conf-files/failing/missing-double-quote-1724.conf
/opt/letsencrypt/certbot-apache/certbot_apache/tests/apache-conf-files/failing/multivhost-1093.conf
/opt/letsencrypt/certbot-apache/certbot_apache/tests/apache-conf-files/apache-conf-test
/opt/letsencrypt/certbot-apache/certbot_apache/tests/apache-conf-files/NEEDED.txt
/opt/letsencrypt/certbot-apache/certbot_apache/tests/display_ops_test.py
/opt/letsencrypt/certbot-apache/certbot_apache/tests/configurator_test.py
/opt/letsencrypt/certbot-apache/certbot_apache/tests/obj_test.py
/opt/letsencrypt/certbot-apache/certbot_apache/tests/centos_test.py
/opt/letsencrypt/certbot-apache/certbot_apache/tests/gentoo_test.py
/opt/letsencrypt/certbot-apache/certbot_apache/tests/parser_test.py
/opt/letsencrypt/certbot-apache/certbot_apache/tests/testdata/
/opt/letsencrypt/certbot-apache/certbot_apache/tests/testdata/debian_apache_2_4/
/opt/letsencrypt/certbot-apache/certbot_apache/tests/testdata/debian_apache_2_4/multiple_vhosts/
/opt/letsencrypt/certbot-apache/certbot_apache/tests/testdata/debian_apache_2_4/multiple_vhosts/apache2/
/opt/letsencrypt/certbot-apache/certbot_apache/tests/testdata/debian_apache_2_4/multiple_vhosts/apache2/envvars
/opt/letsencrypt/certbot-apache/certbot_apache/tests/testdata/debian_apache_2_4/multiple_vhosts/apache2/ports.conf
/opt/letsencrypt/certbot-apache/certbot_apache/tests/testdata/debian_apache_2_4/multiple_vhosts/apache2/conf-available/
/opt/letsencrypt/certbot-apache/certbot_apache/tests/testdata/debian_apache_2_4/multiple_vhosts/apache2/conf-available/other-vhosts-access-log.conf
/opt/letsencrypt/certbot-apache/certbot_apache/tests/testdata/debian_apache_2_4/multiple_vhosts/apache2/conf-available/serve-cgi-bin.conf
/opt/letsencrypt/certbot-apache/certbot_apache/tests/testdata/debian_apache_2_4/multiple_vhosts/apache2/conf-available/security.conf
/opt/letsencrypt/certbot-apache/certbot_apache/tests/testdata/debian_apache_2_4/multiple_vhosts/apache2/conf-available/bad_conf_file.conf
/opt/letsencrypt/certbot-apache/certbot_apache/tests/testdata/debian_apache_2_4/multiple_vhosts/apache2/mods-available/
/opt/letsencrypt/certbot-apache/certbot_apache/tests/testdata/debian_apache_2_4/multiple_vhosts/apache2/mods-available/dav_svn.conf
/opt/letsencrypt/certbot-apache/certbot_apache/tests/testdata/debian_apache_2_4/multiple_vhosts/apache2/mods-available/ssl.conf
/opt/letsencrypt/certbot-apache/certbot_apache/tests/testdata/debian_apache_2_4/multiple_vhosts/apache2/mods-available/authz_svn.load
/opt/letsencrypt/certbot-apache/certbot_apache/tests/testdata/debian_apache_2_4/multiple_vhosts/apache2/mods-available/ssl.load
/opt/letsencrypt/certbot-apache/certbot_apache/tests/testdata/debian_apache_2_4/multiple_vhosts/apache2/mods-available/dav_svn.load
/opt/letsencrypt/certbot-apache/certbot_apache/tests/testdata/debian_apache_2_4/multiple_vhosts/apache2/mods-available/rewrite.load
/opt/letsencrypt/certbot-apache/certbot_apache/tests/testdata/debian_apache_2_4/multiple_vhosts/apache2/mods-available/dav.load
/opt/letsencrypt/certbot-apache/certbot_apache/tests/testdata/debian_apache_2_4/multiple_vhosts/apache2/sites-enabled/
/opt/letsencrypt/certbot-apache/certbot_apache/tests/testdata/debian_apache_2_4/multiple_vhosts/apache2/sites-enabled/default-ssl.conf
/opt/letsencrypt/certbot-apache/certbot_apache/tests/testdata/debian_apache_2_4/multiple_vhosts/apache2/sites-enabled/000-default.conf
/opt/letsencrypt/certbot-apache/certbot_apache/tests/testdata/debian_apache_2_4/multiple_vhosts/apache2/sites-enabled/encryption-example.conf /opt/letsencrypt/certbot-apache/certbot_apache/tests/testdata/debian_apache_2_4/multiple_vhosts/apache2/sites-enabled/wildcard.conf
/opt/letsencrypt/certbot-apache/certbot_apache/tests/testdata/debian_apache_2_4/multiple_vhosts/apache2/sites-enabled/default-ssl-port-only.conf
/opt/letsencrypt/certbot-apache/certbot_apache/tests/testdata/debian_apache_2_4/multiple_vhosts/apache2/sites-enabled/ocsp-ssl.conf
/opt/letsencrypt/certbot-apache/certbot_apache/tests/testdata/debian_apache_2_4/multiple_vhosts/apache2/sites-enabled/non-symlink.conf
/opt/letsencrypt/certbot-apache/certbot_apache/tests/testdata/debian_apache_2_4/multiple_vhosts/apache2/sites-enabled/mod_macro-example.conf
/opt/letsencrypt/certbot-apache/certbot_apache/tests/testdata/debian_apache_2_4/multiple_vhosts/apache2/sites-enabled/certbot.conf
/opt/letsencrypt/certbot-apache/certbot_apache/tests/testdata/debian_apache_2_4/multiple_vhosts/apache2/mods-enabled/
/opt/letsencrypt/certbot-apache/certbot_apache/tests/testdata/debian_apache_2_4/multiple_vhosts/apache2/mods-enabled/dav_svn.conf
/opt/letsencrypt/certbot-apache/certbot_apache/tests/testdata/debian_apache_2_4/multiple_vhosts/apache2/mods-enabled/authz_svn.load
/opt/letsencrypt/certbot-apache/certbot_apache/tests/testdata/debian_apache_2_4/multiple_vhosts/apache2/mods-enabled/dav_svn.load
/opt/letsencrypt/certbot-apache/certbot_apache/tests/testdata/debian_apache_2_4/multiple_vhosts/apache2/mods-enabled/.gitignore
/opt/letsencrypt/certbot-apache/certbot_apache/tests/testdata/debian_apache_2_4/multiple_vhosts/apache2/mods-enabled/dav.load
/opt/letsencrypt/certbot-apache/certbot_apache/tests/testdata/debian_apache_2_4/multiple_vhosts/apache2/conf-enabled/
/opt/letsencrypt/certbot-apache/certbot_apache/tests/testdata/debian_apache_2_4/multiple_vhosts/apache2/conf-enabled/other-vhosts-access-log.conf
/opt/letsencrypt/certbot-apache/certbot_apache/tests/testdata/debian_apache_2_4/multiple_vhosts/apache2/conf-enabled/serve-cgi-bin.conf
/opt/letsencrypt/certbot-apache/certbot_apache/tests/testdata/debian_apache_2_4/multiple_vhosts/apache2/conf-enabled/security.conf
/opt/letsencrypt/certbot-apache/certbot_apache/tests/testdata/debian_apache_2_4/multiple_vhosts/apache2/sites-available/
/opt/letsencrypt/certbot-apache/certbot_apache/tests/testdata/debian_apache_2_4/multiple_vhosts/apache2/sites-available/default-ssl.conf
/opt/letsencrypt/certbot-apache/certbot_apache/tests/testdata/debian_apache_2_4/multiple_vhosts/apache2/sites-available/000-default.conf
/opt/letsencrypt/certbot-apache/certbot_apache/tests/testdata/debian_apache_2_4/multiple_vhosts/apache2/sites-available/encryption-example.conf
/opt/letsencrypt/certbot-apache/certbot_apache/tests/testdata/debian_apache_2_4/multiple_vhosts/apache2/sites-available/wildcard.conf
/opt/letsencrypt/certbot-apache/certbot_apache/tests/testdata/debian_apache_2_4/multiple_vhosts/apache2/sites-available/default-ssl-port-only.conf
/opt/letsencrypt/certbot-apache/certbot_apache/tests/testdata/debian_apache_2_4/multiple_vhosts/apache2/sites-available/ocsp-ssl.conf
/opt/letsencrypt/certbot-apache/certbot_apache/tests/testdata/debian_apache_2_4/multiple_vhosts/apache2/sites-available/mod_macro-example.conf

/opt/letsencrypt/certbot-apache/certbot_apache/tests/testdata/debian_apache_2_4/multiple_vhosts/apache2/sites-available/certbot.conf
/opt/letsencrypt/certbot-apache/certbot_apache/tests/testdata/debian_apache_2_4/multiple_vhosts/apache2/apache2.conf
/opt/letsencrypt/certbot-apache/certbot_apache/tests/testdata/debian_apache_2_4/multiple_vhosts/sites
/opt/letsencrypt/certbot-apache/certbot_apache/tests/testdata/debian_apache_2_4/augeas_vhosts/
/opt/letsencrypt/certbot-apache/certbot_apache/tests/testdata/debian_apache_2_4/augeas_vhosts/apache2/
/opt/letsencrypt/certbot-apache/certbot_apache/tests/testdata/debian_apache_2_4/augeas_vhosts/apache2/envvars
/opt/letsencrypt/certbot-apache/certbot_apache/tests/testdata/debian_apache_2_4/augeas_vhosts/apache2/ports.conf
/opt/letsencrypt/certbot-apache/certbot_apache/tests/testdata/debian_apache_2_4/augeas_vhosts/apache2/conf-available/
/opt/letsencrypt/certbot-apache/certbot_apache/tests/testdata/debian_apache_2_4/augeas_vhosts/apache2/conf-available/other-vhosts-access-log.conf
/opt/letsencrypt/certbot-apache/certbot_apache/tests/testdata/debian_apache_2_4/augeas_vhosts/apache2/conf-available/serve-cgi-bin.conf
/opt/letsencrypt/certbot-apache/certbot_apache/tests/testdata/debian_apache_2_4/augeas_vhosts/apache2/conf-available/security.conf
/opt/letsencrypt/certbot-apache/certbot_apache/tests/testdata/debian_apache_2_4/augeas_vhosts/apache2/conf-available/bad_conf_file.conf
/opt/letsencrypt/certbot-apache/certbot_apache/tests/testdata/debian_apache_2_4/augeas_vhosts/apache2/mods-available/
/opt/letsencrypt/certbot-apache/certbot_apache/tests/testdata/debian_apache_2_4/augeas_vhosts/apache2/mods-available/dav_svn.conf
/opt/letsencrypt/certbot-apache/certbot_apache/tests/testdata/debian_apache_2_4/augeas_vhosts/apache2/mods-available/ssl.conf
/opt/letsencrypt/certbot-apache/certbot_apache/tests/testdata/debian_apache_2_4/augeas_vhosts/apache2/mods-available/authz_svn.load
/opt/letsencrypt/certbot-apache/certbot_apache/tests/testdata/debian_apache_2_4/augeas_vhosts/apache2/mods-available/ssl.load
/opt/letsencrypt/certbot-apache/certbot_apache/tests/testdata/debian_apache_2_4/augeas_vhosts/apache2/mods-available/dav_svn.load
/opt/letsencrypt/certbot-apache/certbot_apache/tests/testdata/debian_apache_2_4/augeas_vhosts/apache2/mods-available/rewrite.load
/opt/letsencrypt/certbot-apache/certbot_apache/tests/testdata/debian_apache_2_4/augeas_vhosts/apache2/mods-available/dav.load
/opt/letsencrypt/certbot-apache/certbot_apache/tests/testdata/debian_apache_2_4/augeas_vhosts/apache2/sites-enabled/
/opt/letsencrypt/certbot-apache/certbot_apache/tests/testdata/debian_apache_2_4/augeas_vhosts/apache2/sites-enabled/old,default.conf
/opt/letsencrypt/certbot-apache/certbot_apache/tests/testdata/debian_apache_2_4/augeas_vhosts/apache2/sites-enabled/wildcard.conf
/opt/letsencrypt/certbot-apache/certbot_apache/tests/testdata/debian_apache_2_4/augeas_vhosts/apache2/sites-enabled/another_wildcard.conf
/opt/letsencrypt/certbot-apache/certbot_apache/tests/testdata/debian_apache_2_4/augeas_vhosts/apache2/mods-enabled/
/opt/letsencrypt/certbot-apache/certbot_apache/tests/testdata/debian_apache_2_4/augeas_vhosts/apache2/mods-enabled/dav_svn.conf
/opt/letsencrypt/certbot-apache/certbot_apache/tests/testdata/debian_apache_2_4/augeas_vhosts/apache2/mods-enabled/authz_svn.load
/opt/letsencrypt/certbot-apache/certbot_apache/tests/testdata/debian_apache_2_4/augeas_vhosts/apache2/mods-enabled/dav_svn.load
/opt/letsencrypt/certbot-apache/certbot_apache/tests/testdata/debian_apache_2_4/augeas_vhosts/apache2/mods-enabled/.gitignore
/opt/letsencrypt/certbot-apache/certbot_apache/tests/testdata/debian_apache_2_4/augeas_vhosts/apache2/mods-enabled/dav.load
/opt/letsencrypt/certbot-apache/certbot_apache/tests/testdata/debian_apache_2_4/augeas_vhosts/apache2/conf-enabled/
/opt/letsencrypt/certbot-apache/certbot_apache/tests/testdata/debian_apache_2_4/augeas_vhosts/apache2/conf-enabled/other-vhosts-access-log.conf
/opt/letsencrypt/certbot-apache/certbot_apache/tests/testdata/debian_apache_2_4/augeas_vhosts/apache2/conf-enabled/serve-cgi-bin.conf
/opt/letsencrypt/certbot-apache/certbot_apache/tests/testdata/debian_apache_2_4/augeas_vhosts/apache2/conf-enabled/security.conf
/opt/letsencrypt/certbot-apache/certbot_apache/tests/testdata/debian_apache_2_4/augeas_vhosts/apache2/sites-available/
/opt/letsencrypt/certbot-apache/certbot_apache/tests/testdata/debian_apache_2_4/augeas_vhosts/apache2/sites-available/old,default.conf
/opt/letsencrypt/certbot-apache/certbot_apache/tests/testdata/debian_apache_2_4/augeas_vhosts/apache2/sites-available/wildcard.conf
/opt/letsencrypt/certbot-apache/certbot_apache/tests/testdata/debian_apache_2_4/augeas_vhosts/apache2/sites-available/another_wildcard.conf
/opt/letsencrypt/certbot-apache/certbot_apache/tests/testdata/debian_apache_2_4/augeas_vhosts/apache2/apache2.conf
/opt/letsencrypt/certbot-apache/certbot_apache/tests/testdata/debian_apache_2_4/augeas_vhosts/sites
/opt/letsencrypt/certbot-apache/certbot_apache/tests/testdata/debian_apache_2_4/multi_vhosts/
/opt/letsencrypt/certbot-apache/certbot_apache/tests/testdata/debian_apache_2_4/multi_vhosts/apache2/
/opt/letsencrypt/certbot-apache/certbot_apache/tests/testdata/debian_apache_2_4/multi_vhosts/apache2/envvars
/opt/letsencrypt/certbot-apache/certbot_apache/tests/testdata/debian_apache_2_4/multi_vhosts/apache2/ports.conf
/opt/letsencrypt/certbot-apache/certbot_apache/tests/testdata/debian_apache_2_4/multi_vhosts/apache2/sites-enabled/
/opt/letsencrypt/certbot-apache/certbot_apache/tests/testdata/debian_apache_2_4/multi_vhosts/apache2/sites-enabled/multi-vhost.conf
/opt/letsencrypt/certbot-apache/certbot_apache/tests/testdata/debian_apache_2_4/multi_vhosts/apache2/sites-enabled/default.conf
/opt/letsencrypt/certbot-apache/certbot_apache/tests/testdata/debian_apache_2_4/multi_vhosts/apache2/sites-available/
/opt/letsencrypt/certbot-apache/certbot_apache/tests/testdata/debian_apache_2_4/multi_vhosts/apache2/sites-available/multi-vhost.conf
/opt/letsencrypt/certbot-apache/certbot_apache/tests/testdata/debian_apache_2_4/multi_vhosts/apache2/sites-available/default.conf
/opt/letsencrypt/certbot-apache/certbot_apache/tests/testdata/debian_apache_2_4/multi_vhosts/apache2/apache2.conf
/opt/letsencrypt/certbot-apache/certbot_apache/tests/testdata/debian_apache_2_4/default_vhost/
/opt/letsencrypt/certbot-apache/certbot_apache/tests/testdata/debian_apache_2_4/default_vhost/apache2/
/opt/letsencrypt/certbot-apache/certbot_apache/tests/testdata/debian_apache_2_4/default_vhost/apache2/envvars
/opt/letsencrypt/certbot-apache/certbot_apache/tests/testdata/debian_apache_2_4/default_vhost/apache2/ports.conf
/opt/letsencrypt/certbot-apache/certbot_apache/tests/testdata/debian_apache_2_4/default_vhost/apache2/conf-available/
/opt/letsencrypt/certbot-apache/certbot_apache/tests/testdata/debian_apache_2_4/default_vhost/apache2/conf-available/other-vhosts-access-log.conf
/opt/letsencrypt/certbot-apache/certbot_apache/tests/testdata/debian_apache_2_4/default_vhost/apache2/conf-available/serve-cgi-bin.conf
/opt/letsencrypt/certbot-apache/certbot_apache/tests/testdata/debian_apache_2_4/default_vhost/apache2/conf-available/security.conf
/opt/letsencrypt/certbot-apache/certbot_apache/tests/testdata/debian_apache_2_4/default_vhost/apache2/mods-available/
/opt/letsencrypt/certbot-apache/certbot_apache/tests/testdata/debian_apache_2_4/default_vhost/apache2/mods-available/ssl.conf
/opt/letsencrypt/certbot-apache/certbot_apache/tests/testdata/debian_apache_2_4/default_vhost/apache2/mods-available/ssl.load
/opt/letsencrypt/certbot-apache/certbot_apache/tests/testdata/debian_apache_2_4/default_vhost/apache2/sites-enabled/
/opt/letsencrypt/certbot-apache/certbot_apache/tests/testdata/debian_apache_2_4/default_vhost/apache2/sites-enabled/000-default.conf
/opt/letsencrypt/certbot-apache/certbot_apache/tests/testdata/debian_apache_2_4/default_vhost/apache2/conf-enabled/
/opt/letsencrypt/certbot-apache/certbot_apache/tests/testdata/debian_apache_2_4/default_vhost/apache2/conf-enabled/other-vhosts-access-log.conf
/opt/letsencrypt/certbot-apache/certbot_apache/tests/testdata/debian_apache_2_4/default_vhost/apache2/conf-enabled/serve-cgi-bin.conf
/opt/letsencrypt/certbot-apache/certbot_apache/tests/testdata/debian_apache_2_4/default_vhost/apache2/conf-enabled/security.conf
/opt/letsencrypt/certbot-apache/certbot_apache/tests/testdata/debian_apache_2_4/default_vhost/apache2/sites-available/
/opt/letsencrypt/certbot-apache/certbot_apache/tests/testdata/debian_apache_2_4/default_vhost/apache2/sites-available/default-ssl.conf
/opt/letsencrypt/certbot-apache/certbot_apache/tests/testdata/debian_apache_2_4/default_vhost/apache2/sites-available/000-default.conf
/opt/letsencrypt/certbot-apache/certbot_apache/tests/testdata/debian_apache_2_4/default_vhost/apache2/apache2.conf
/opt/letsencrypt/certbot-apache/certbot_apache/tests/testdata/debian_apache_2_4/default_vhost/sites
/opt/letsencrypt/certbot-apache/certbot_apache/tests/testdata/centos7_apache/
/opt/letsencrypt/certbot-apache/certbot_apache/tests/testdata/centos7_apache/apache/
/opt/letsencrypt/certbot-apache/certbot_apache/tests/testdata/centos7_apache/apache/httpd/
/opt/letsencrypt/certbot-apache/certbot_apache/tests/testdata/centos7_apache/apache/httpd/conf.modules.d/
/opt/letsencrypt/certbot-apache/certbot_apache/tests/testdata/centos7_apache/apache/httpd/conf.modules.d/00-base.conf
/opt/letsencrypt/certbot-apache/certbot_apache/tests/testdata/centos7_apache/apache/httpd/conf.modules.d/01-cgi.conf
/opt/letsencrypt/certbot-apache/certbot_apache/tests/testdata/centos7_apache/apache/httpd/conf.modules.d/00-ssl.conf
/opt/letsencrypt/certbot-apache/certbot_apache/tests/testdata/centos7_apache/apache/httpd/conf.modules.d/00-proxy.conf
/opt/letsencrypt/certbot-apache/certbot_apache/tests/testdata/centos7_apache/apache/httpd/conf.modules.d/00-lua.conf
/opt/letsencrypt/certbot-apache/certbot_apache/tests/testdata/centos7_apache/apache/httpd/conf.modules.d/00-systemd.conf
/opt/letsencrypt/certbot-apache/certbot_apache/tests/testdata/centos7_apache/apache/httpd/conf.modules.d/00-dav.conf
/opt/letsencrypt/certbot-apache/certbot_apache/tests/testdata/centos7_apache/apache/httpd/conf.modules.d/00-mpm.conf
/opt/letsencrypt/certbot-apache/certbot_apache/tests/testdata/centos7_apache/apache/httpd/conf.d/
/opt/letsencrypt/certbot-apache/certbot_apache/tests/testdata/centos7_apache/apache/httpd/conf.d/userdir.conf
/opt/letsencrypt/certbot-apache/certbot_apache/tests/testdata/centos7_apache/apache/httpd/conf.d/welcome.conf
/opt/letsencrypt/certbot-apache/certbot_apache/tests/testdata/centos7_apache/apache/httpd/conf.d/ssl.conf
/opt/letsencrypt/certbot-apache/certbot_apache/tests/testdata/centos7_apache/apache/httpd/conf.d/README
/opt/letsencrypt/certbot-apache/certbot_apache/tests/testdata/centos7_apache/apache/httpd/conf.d/centos.example.com.conf
/opt/letsencrypt/certbot-apache/certbot_apache/tests/testdata/centos7_apache/apache/httpd/conf.d/autoindex.conf
/opt/letsencrypt/certbot-apache/certbot_apache/tests/testdata/centos7_apache/apache/httpd/conf/
/opt/letsencrypt/certbot-apache/certbot_apache/tests/testdata/centos7_apache/apache/httpd/conf/httpd.conf
/opt/letsencrypt/certbot-apache/certbot_apache/tests/testdata/centos7_apache/apache/httpd/conf/magic
/opt/letsencrypt/certbot-apache/certbot_apache/tests/testdata/centos7_apache/apache/sites
/opt/letsencrypt/certbot-apache/certbot_apache/tests/testdata/centos7_apache/apache/sysconfig/
/opt/letsencrypt/certbot-apache/certbot_apache/tests/testdata/centos7_apache/apache/sysconfig/httpd
/opt/letsencrypt/certbot-apache/certbot_apache/tests/testdata/complex_parsing/
/opt/letsencrypt/certbot-apache/certbot_apache/tests/testdata/complex_parsing/test_fnmatch.conf
/opt/letsencrypt/certbot-apache/certbot_apache/tests/testdata/complex_parsing/test_variables.conf
/opt/letsencrypt/certbot-apache/certbot_apache/tests/testdata/complex_parsing/conf-enabled/
/opt/letsencrypt/certbot-apache/certbot_apache/tests/testdata/complex_parsing/conf-enabled/dummy.conf
/opt/letsencrypt/certbot-apache/certbot_apache/tests/testdata/complex_parsing/apache2.conf
/opt/letsencrypt/certbot-apache/certbot_apache/tests/testdata/gentoo_apache/
/opt/letsencrypt/certbot-apache/certbot_apache/tests/testdata/gentoo_apache/apache/
/opt/letsencrypt/certbot-apache/certbot_apache/tests/testdata/gentoo_apache/apache/apache2/
/opt/letsencrypt/certbot-apache/certbot_apache/tests/testdata/gentoo_apache/apache/apache2/httpd.conf
/opt/letsencrypt/certbot-apache/certbot_apache/tests/testdata/gentoo_apache/apache/apache2/vhosts.d/
/opt/letsencrypt/certbot-apache/certbot_apache/tests/testdata/gentoo_apache/apache/apache2/vhosts.d/00_default_ssl_vhost.conf
/opt/letsencrypt/certbot-apache/certbot_apache/tests/testdata/gentoo_apache/apache/apache2/vhosts.d/00_default_vhost.conf
/opt/letsencrypt/certbot-apache/certbot_apache/tests/testdata/gentoo_apache/apache/apache2/vhosts.d/gentoo.example.com.conf
/opt/letsencrypt/certbot-apache/certbot_apache/tests/testdata/gentoo_apache/apache/apache2/vhosts.d/default_vhost.include
/opt/letsencrypt/certbot-apache/certbot_apache/tests/testdata/gentoo_apache/apache/apache2/vhosts.d/.keep_www-servers_apache-2
/opt/letsencrypt/certbot-apache/certbot_apache/tests/testdata/gentoo_apache/apache/apache2/magic
/opt/letsencrypt/certbot-apache/certbot_apache/tests/testdata/gentoo_apache/apache/apache2/modules.d/
/opt/letsencrypt/certbot-apache/certbot_apache/tests/testdata/gentoo_apache/apache/apache2/modules.d/46_mod_ldap.conf
/opt/letsencrypt/certbot-apache/certbot_apache/tests/testdata/gentoo_apache/apache/apache2/modules.d/00_mod_mime.conf
/opt/letsencrypt/certbot-apache/certbot_apache/tests/testdata/gentoo_apache/apache/apache2/modules.d/00_mod_info.conf
/opt/letsencrypt/certbot-apache/certbot_apache/tests/testdata/gentoo_apache/apache/apache2/modules.d/00_mod_status.conf
/opt/letsencrypt/certbot-apache/certbot_apache/tests/testdata/gentoo_apache/apache/apache2/modules.d/00_mod_userdir.conf
/opt/letsencrypt/certbot-apache/certbot_apache/tests/testdata/gentoo_apache/apache/apache2/modules.d/45_mod_dav.conf
/opt/letsencrypt/certbot-apache/certbot_apache/tests/testdata/gentoo_apache/apache/apache2/modules.d/00_default_settings.conf
/opt/letsencrypt/certbot-apache/certbot_apache/tests/testdata/gentoo_apache/apache/apache2/modules.d/00_error_documents.conf
/opt/letsencrypt/certbot-apache/certbot_apache/tests/testdata/gentoo_apache/apache/apache2/modules.d/00_mod_log_config.conf
/opt/letsencrypt/certbot-apache/certbot_apache/tests/testdata/gentoo_apache/apache/apache2/modules.d/00_mod_autoindex.conf
/opt/letsencrypt/certbot-apache/certbot_apache/tests/testdata/gentoo_apache/apache/apache2/modules.d/41_mod_http2.conf
/opt/letsencrypt/certbot-apache/certbot_apache/tests/testdata/gentoo_apache/apache/apache2/modules.d/40_mod_ssl.conf
/opt/letsencrypt/certbot-apache/certbot_apache/tests/testdata/gentoo_apache/apache/apache2/modules.d/.keep_www-servers_apache-2
/opt/letsencrypt/certbot-apache/certbot_apache/tests/testdata/gentoo_apache/apache/apache2/modules.d/10_mod_mem_cache.conf
/opt/letsencrypt/certbot-apache/certbot_apache/tests/testdata/gentoo_apache/apache/apache2/modules.d/00_mpm.conf
/opt/letsencrypt/certbot-apache/certbot_apache/tests/testdata/gentoo_apache/apache/apache2/modules.d/00_languages.conf
/opt/letsencrypt/certbot-apache/certbot_apache/tests/testdata/gentoo_apache/apache/sites
/opt/letsencrypt/certbot-apache/certbot_apache/tests/testdata/gentoo_apache/apache/conf.d/
/opt/letsencrypt/certbot-apache/certbot_apache/tests/testdata/gentoo_apache/apache/conf.d/apache2
/opt/letsencrypt/certbot-apache/certbot_apache/tests/tls_sni_01_test.py
/opt/letsencrypt/certbot-apache/certbot_apache/tests/entrypoint_test.py
/opt/letsencrypt/certbot-apache/certbot_apache/tests/__init__.py
/opt/letsencrypt/certbot-apache/certbot_apache/augeas_lens/
/opt/letsencrypt/certbot-apache/certbot_apache/augeas_lens/httpd.aug
/opt/letsencrypt/certbot-apache/certbot_apache/augeas_lens/README
/opt/letsencrypt/certbot-apache/certbot_apache/override_centos.py
/opt/letsencrypt/certbot-apache/certbot_apache/constants.py
/opt/letsencrypt/certbot-apache/certbot_apache/override_arch.py
/opt/letsencrypt/certbot-apache/certbot_apache/override_debian.py
/opt/letsencrypt/certbot-apache/certbot_apache/__init__.py
/opt/letsencrypt/certbot-apache/README.rst
/opt/letsencrypt/certbot-apache/setup.py
/opt/letsencrypt/linter_plugin.py
/opt/letsencrypt/letsencrypt-auto-source/
/opt/letsencrypt/letsencrypt-auto-source/letsencrypt-auto
/opt/letsencrypt/letsencrypt-auto-source/Dockerfile.centos6
/opt/letsencrypt/letsencrypt-auto-source/Dockerfile.precise
/opt/letsencrypt/letsencrypt-auto-source/Dockerfile.trusty
/opt/letsencrypt/letsencrypt-auto-source/certbot-auto.asc
/opt/letsencrypt/letsencrypt-auto-source/version.py
/opt/letsencrypt/letsencrypt-auto-source/build.py
/opt/letsencrypt/letsencrypt-auto-source/letsencrypt-auto.sig
/opt/letsencrypt/letsencrypt-auto-source/tests/
/opt/letsencrypt/letsencrypt-auto-source/tests/certs/
/opt/letsencrypt/letsencrypt-auto-source/tests/certs/localhost/
/opt/letsencrypt/letsencrypt-auto-source/tests/certs/localhost/localhost.csr.pem
/opt/letsencrypt/letsencrypt-auto-source/tests/certs/localhost/server.pem
/opt/letsencrypt/letsencrypt-auto-source/tests/certs/localhost/cert.pem
/opt/letsencrypt/letsencrypt-auto-source/tests/certs/localhost/privkey.pem
/opt/letsencrypt/letsencrypt-auto-source/tests/certs/ca/
/opt/letsencrypt/letsencrypt-auto-source/tests/certs/ca/my-root-ca.key.pem
/opt/letsencrypt/letsencrypt-auto-source/tests/certs/ca/my-root-ca.crt.pem
/opt/letsencrypt/letsencrypt-auto-source/tests/certs/ca/my-root-ca.srl
/opt/letsencrypt/letsencrypt-auto-source/tests/centos6_tests.sh
/opt/letsencrypt/letsencrypt-auto-source/tests/signing.key
/opt/letsencrypt/letsencrypt-auto-source/tests/auto_test.py
/opt/letsencrypt/letsencrypt-auto-source/tests/fake-letsencrypt/
/opt/letsencrypt/letsencrypt-auto-source/tests/fake-letsencrypt/letsencrypt.py
/opt/letsencrypt/letsencrypt-auto-source/tests/fake-letsencrypt/dist/
/opt/letsencrypt/letsencrypt-auto-source/tests/fake-letsencrypt/dist/letsencrypt-99.9.9.tar.gz
/opt/letsencrypt/letsencrypt-auto-source/tests/fake-letsencrypt/setup.py
/opt/letsencrypt/letsencrypt-auto-source/tests/__init__.py
/opt/letsencrypt/letsencrypt-auto-source/letsencrypt-auto.template
/opt/letsencrypt/letsencrypt-auto-source/Dockerfile.wheezy
/opt/letsencrypt/letsencrypt-auto-source/pieces/
/opt/letsencrypt/letsencrypt-auto-source/pieces/pipstrap.py
/opt/letsencrypt/letsencrypt-auto-source/pieces/fetch.py
/opt/letsencrypt/letsencrypt-auto-source/pieces/letsencrypt-requirements.txt
/opt/letsencrypt/letsencrypt-auto-source/pieces/dependency-requirements.txt
/opt/letsencrypt/letsencrypt-auto-source/pieces/bootstrappers/
/opt/letsencrypt/letsencrypt-auto-source/pieces/bootstrappers/smartos.sh
/opt/letsencrypt/letsencrypt-auto-source/pieces/bootstrappers/rpm_common_base.sh
/opt/letsencrypt/letsencrypt-auto-source/pieces/bootstrappers/rpm_common.sh
/opt/letsencrypt/letsencrypt-auto-source/pieces/bootstrappers/suse_common.sh
/opt/letsencrypt/letsencrypt-auto-source/pieces/bootstrappers/free_bsd.sh
/opt/letsencrypt/letsencrypt-auto-source/pieces/bootstrappers/deb_common.sh
/opt/letsencrypt/letsencrypt-auto-source/pieces/bootstrappers/rpm_python3.sh
/opt/letsencrypt/letsencrypt-auto-source/pieces/bootstrappers/gentoo_common.sh
/opt/letsencrypt/letsencrypt-auto-source/pieces/bootstrappers/mac.sh
/opt/letsencrypt/letsencrypt-auto-source/pieces/bootstrappers/arch_common.sh
/opt/letsencrypt/letsencrypt-auto-source/pieces/bootstrappers/mageia_common.sh
/opt/letsencrypt/letsencrypt-auto-source/pieces/certbot-requirements.txt
/opt/letsencrypt/.dockerignore
/opt/letsencrypt/Dockerfile-old
/opt/letsencrypt/docs/
/opt/letsencrypt/docs/intro.rst
/opt/letsencrypt/docs/resources.rst
/opt/letsencrypt/docs/Makefile
/opt/letsencrypt/docs/index.rst
/opt/letsencrypt/docs/packaging.rst
/opt/letsencrypt/docs/install.rst
/opt/letsencrypt/docs/using.rst
/opt/letsencrypt/docs/contributing.rst
/opt/letsencrypt/docs/.gitignore
/opt/letsencrypt/docs/conf.py
/opt/letsencrypt/docs/api/
/opt/letsencrypt/docs/api/achallenges.rst
/opt/letsencrypt/docs/api/configuration.rst
/opt/letsencrypt/docs/api/plugins/
/opt/letsencrypt/docs/api/plugins/util.rst
/opt/letsencrypt/docs/api/plugins/dns_common.rst
/opt/letsencrypt/docs/api/plugins/selection.rst
/opt/letsencrypt/docs/api/plugins/disco.rst
/opt/letsencrypt/docs/api/plugins/manual.rst
/opt/letsencrypt/docs/api/plugins/dns_common_lexicon.rst
/opt/letsencrypt/docs/api/plugins/webroot.rst
/opt/letsencrypt/docs/api/plugins/common.rst
/opt/letsencrypt/docs/api/plugins/standalone.rst
/opt/letsencrypt/docs/api/constants.rst
/opt/letsencrypt/docs/api/crypto_util.rst
/opt/letsencrypt/docs/api/util.rst
/opt/letsencrypt/docs/api/client.rst
/opt/letsencrypt/docs/api/renewal.rst
/opt/letsencrypt/docs/api/hooks.rst
/opt/letsencrypt/docs/api/reverter.rst
/opt/letsencrypt/docs/api/display.rst
/opt/letsencrypt/docs/api/account.rst
/opt/letsencrypt/docs/api/error_handler.rst
/opt/letsencrypt/docs/api/reporter.rst
/opt/letsencrypt/docs/api/main.rst
/opt/letsencrypt/docs/api/index.rst
/opt/letsencrypt/docs/api/storage.rst
/opt/letsencrypt/docs/api/lock.rst
/opt/letsencrypt/docs/api/cert_manager.rst
/opt/letsencrypt/docs/api/auth_handler.rst
/opt/letsencrypt/docs/api/eff.rst
/opt/letsencrypt/docs/api/errors.rst
/opt/letsencrypt/docs/api/notify.rst
/opt/letsencrypt/docs/api/cli.rst
/opt/letsencrypt/docs/api/log.rst
/opt/letsencrypt/docs/api/interfaces.rst
/opt/letsencrypt/docs/api/ocsp.rst
/opt/letsencrypt/docs/cli-help.txt
/opt/letsencrypt/docs/challenges.rst
/opt/letsencrypt/docs/_static/
/opt/letsencrypt/docs/_static/.gitignore
/opt/letsencrypt/docs/make.bat
/opt/letsencrypt/docs/api.rst
/opt/letsencrypt/docs/man/
/opt/letsencrypt/docs/man/certbot.rst
/opt/letsencrypt/docs/ciphers.rst
/opt/letsencrypt/docs/what.rst
/opt/letsencrypt/certbot/
/opt/letsencrypt/certbot/crypto_util.py
/opt/letsencrypt/certbot/account.py
/opt/letsencrypt/certbot/client.py
/opt/letsencrypt/certbot/plugins/
/opt/letsencrypt/certbot/plugins/dns_common_lexicon.py
/opt/letsencrypt/certbot/plugins/util.py
/opt/letsencrypt/certbot/plugins/null_test.py
/opt/letsencrypt/certbot/plugins/webroot_test.py
/opt/letsencrypt/certbot/plugins/standalone.py
/opt/letsencrypt/certbot/plugins/dns_common.py
/opt/letsencrypt/certbot/plugins/common.py
/opt/letsencrypt/certbot/plugins/disco_test.py
/opt/letsencrypt/certbot/plugins/manual_test.py
/opt/letsencrypt/certbot/plugins/standalone_test.py
/opt/letsencrypt/certbot/plugins/util_test.py
/opt/letsencrypt/certbot/plugins/dns_test_common_lexicon.py
/opt/letsencrypt/certbot/plugins/null.py
/opt/letsencrypt/certbot/plugins/webroot.py
/opt/letsencrypt/certbot/plugins/common_test.py
/opt/letsencrypt/certbot/plugins/selection_test.py
/opt/letsencrypt/certbot/plugins/selection.py
/opt/letsencrypt/certbot/plugins/dns_test_common.py
/opt/letsencrypt/certbot/plugins/dns_common_lexicon_test.py
/opt/letsencrypt/certbot/plugins/disco.py
/opt/letsencrypt/certbot/plugins/dns_common_test.py
/opt/letsencrypt/certbot/plugins/manual.py
/opt/letsencrypt/certbot/plugins/__init__.py
/opt/letsencrypt/certbot/cli.py
/opt/letsencrypt/certbot/util.py
/opt/letsencrypt/certbot/storage.py
/opt/letsencrypt/certbot/eff.py
/opt/letsencrypt/certbot/ssl-dhparams.pem
/opt/letsencrypt/certbot/ocsp.py
/opt/letsencrypt/certbot/error_handler.py
/opt/letsencrypt/certbot/lock.py
/opt/letsencrypt/certbot/log.py
/opt/letsencrypt/certbot/auth_handler.py
/opt/letsencrypt/certbot/notify.py
/opt/letsencrypt/certbot/display/
/opt/letsencrypt/certbot/display/enhancements.py
/opt/letsencrypt/certbot/display/util.py
/opt/letsencrypt/certbot/display/dummy_readline.py
/opt/letsencrypt/certbot/display/completer.py
/opt/letsencrypt/certbot/display/ops.py
/opt/letsencrypt/certbot/display/__init__.py
/opt/letsencrypt/certbot/.gitignore
/opt/letsencrypt/certbot/reporter.py
/opt/letsencrypt/certbot/achallenges.py
/opt/letsencrypt/certbot/errors.py
/opt/letsencrypt/certbot/tests/
/opt/letsencrypt/certbot/tests/auth_handler_test.py
/opt/letsencrypt/certbot/tests/account_test.py
/opt/letsencrypt/certbot/tests/log_test.py
/opt/letsencrypt/certbot/tests/eff_test.py
/opt/letsencrypt/certbot/tests/util.py
/opt/letsencrypt/certbot/tests/errors_test.py
/opt/letsencrypt/certbot/tests/renewal_test.py
/opt/letsencrypt/certbot/tests/hook_test.py
/opt/letsencrypt/certbot/tests/util_test.py
/opt/letsencrypt/certbot/tests/cli_test.py
/opt/letsencrypt/certbot/tests/ocsp_test.py
/opt/letsencrypt/certbot/tests/display/
/opt/letsencrypt/certbot/tests/display/enhancements_test.py
/opt/letsencrypt/certbot/tests/display/ops_test.py
/opt/letsencrypt/certbot/tests/display/util_test.py
/opt/letsencrypt/certbot/tests/display/completer_test.py
/opt/letsencrypt/certbot/tests/display/__init__.py
/opt/letsencrypt/certbot/tests/storage_test.py
/opt/letsencrypt/certbot/tests/reverter_test.py
/opt/letsencrypt/certbot/tests/crypto_util_test.py
/opt/letsencrypt/certbot/tests/configuration_test.py
/opt/letsencrypt/certbot/tests/acme_util.py
/opt/letsencrypt/certbot/tests/cert_manager_test.py
/opt/letsencrypt/certbot/tests/lock_test.py
/opt/letsencrypt/certbot/tests/client_test.py
/opt/letsencrypt/certbot/tests/testdata/
/opt/letsencrypt/certbot/tests/testdata/cert_fullchain_2048.pem
/opt/letsencrypt/certbot/tests/testdata/rsa512_key.pem
/opt/letsencrypt/certbot/tests/testdata/cert-san_512.pem
/opt/letsencrypt/certbot/tests/testdata/csr-san_512.pem
/opt/letsencrypt/certbot/tests/testdata/webrootconftest.ini
/opt/letsencrypt/certbot/tests/testdata/csr-6sans_512.pem
/opt/letsencrypt/certbot/tests/testdata/sample-renewal-ancient.conf
/opt/letsencrypt/certbot/tests/testdata/csr-6sans_512.conf
/opt/letsencrypt/certbot/tests/testdata/cert_512.pem
/opt/letsencrypt/certbot/tests/testdata/csr-nosans_512.pem
/opt/letsencrypt/certbot/tests/testdata/rsa256_key.pem
/opt/letsencrypt/certbot/tests/testdata/cert_512_bad.pem
/opt/letsencrypt/certbot/tests/testdata/cli.ini
/opt/letsencrypt/certbot/tests/testdata/os-release
/opt/letsencrypt/certbot/tests/testdata/README
/opt/letsencrypt/certbot/tests/testdata/csr_512.der
/opt/letsencrypt/certbot/tests/testdata/sample-renewal.conf
/opt/letsencrypt/certbot/tests/testdata/rsa2048_key.pem
/opt/letsencrypt/certbot/tests/testdata/csr-nosans_512.conf
/opt/letsencrypt/certbot/tests/testdata/cert-5sans_512.pem
/opt/letsencrypt/certbot/tests/testdata/sample-archive/
/opt/letsencrypt/certbot/tests/testdata/sample-archive/fullchain1.pem
/opt/letsencrypt/certbot/tests/testdata/sample-archive/privkey1.pem
/opt/letsencrypt/certbot/tests/testdata/sample-archive/cert1.pem
/opt/letsencrypt/certbot/tests/testdata/sample-archive/chain1.pem
/opt/letsencrypt/certbot/tests/testdata/cert_2048.pem
/opt/letsencrypt/certbot/tests/testdata/csr-nonames_512.pem
/opt/letsencrypt/certbot/tests/testdata/csr_512.pem
/opt/letsencrypt/certbot/tests/error_handler_test.py
/opt/letsencrypt/certbot/tests/main_test.py
/opt/letsencrypt/certbot/tests/notify_test.py
/opt/letsencrypt/certbot/tests/reporter_test.py
/opt/letsencrypt/certbot/tests/__init__.py
/opt/letsencrypt/certbot/reverter.py
/opt/letsencrypt/certbot/interfaces.py
/opt/letsencrypt/certbot/constants.py
/opt/letsencrypt/certbot/main.py
/opt/letsencrypt/certbot/hooks.py
/opt/letsencrypt/certbot/configuration.py
/opt/letsencrypt/certbot/renewal.py
/opt/letsencrypt/certbot/cert_manager.py
/opt/letsencrypt/certbot/__init__.py
/opt/letsencrypt/certbot-dns-digitalocean/
/opt/letsencrypt/certbot-dns-digitalocean/setup.cfg
/opt/letsencrypt/certbot-dns-digitalocean/LICENSE.txt
/opt/letsencrypt/certbot-dns-digitalocean/MANIFEST.in
/opt/letsencrypt/certbot-dns-digitalocean/docs/
/opt/letsencrypt/certbot-dns-digitalocean/docs/Makefile
/opt/letsencrypt/certbot-dns-digitalocean/docs/index.rst
/opt/letsencrypt/certbot-dns-digitalocean/docs/.gitignore
/opt/letsencrypt/certbot-dns-digitalocean/docs/conf.py
/opt/letsencrypt/certbot-dns-digitalocean/docs/api/
/opt/letsencrypt/certbot-dns-digitalocean/docs/api/dns_digitalocean.rst
/opt/letsencrypt/certbot-dns-digitalocean/docs/make.bat
/opt/letsencrypt/certbot-dns-digitalocean/docs/api.rst
/opt/letsencrypt/certbot-dns-digitalocean/certbot_dns_digitalocean/
/opt/letsencrypt/certbot-dns-digitalocean/certbot_dns_digitalocean/dns_digitalocean_test.py
/opt/letsencrypt/certbot-dns-digitalocean/certbot_dns_digitalocean/dns_digitalocean.py
/opt/letsencrypt/certbot-dns-digitalocean/certbot_dns_digitalocean/__init__.py
/opt/letsencrypt/certbot-dns-digitalocean/README.rst
/opt/letsencrypt/certbot-dns-digitalocean/setup.py
/opt/letsencrypt/readthedocs.org.requirements.txt
/opt/letsencrypt/.gitattributes
/opt/letsencrypt/Dockerfile-dev
/opt/letsencrypt/pytest.ini
/opt/letsencrypt/examples/
/opt/letsencrypt/examples/plugins/
/opt/letsencrypt/examples/plugins/certbot_example_plugins.py
/opt/letsencrypt/examples/plugins/setup.py
/opt/letsencrypt/examples/generate-csr.sh
/opt/letsencrypt/examples/cli.ini
/opt/letsencrypt/examples/.gitignore
/opt/letsencrypt/examples/openssl.cnf
/opt/letsencrypt/examples/dev-cli.ini
/opt/letsencrypt/CHANGELOG.md
/opt/letsencrypt/letshelp-certbot/
/opt/letsencrypt/letshelp-certbot/setup.cfg
/opt/letsencrypt/letshelp-certbot/LICENSE.txt
/opt/letsencrypt/letshelp-certbot/MANIFEST.in
/opt/letsencrypt/letshelp-certbot/docs/
/opt/letsencrypt/letshelp-certbot/docs/_templates/
/opt/letsencrypt/letshelp-certbot/docs/_templates/.gitignore
/opt/letsencrypt/letshelp-certbot/docs/Makefile
/opt/letsencrypt/letshelp-certbot/docs/index.rst
/opt/letsencrypt/letshelp-certbot/docs/.gitignore
/opt/letsencrypt/letshelp-certbot/docs/conf.py
/opt/letsencrypt/letshelp-certbot/docs/api/
/opt/letsencrypt/letshelp-certbot/docs/api/index.rst
/opt/letsencrypt/letshelp-certbot/docs/_static/
/opt/letsencrypt/letshelp-certbot/docs/_static/.gitignore
/opt/letsencrypt/letshelp-certbot/docs/make.bat
/opt/letsencrypt/letshelp-certbot/docs/api.rst
/opt/letsencrypt/letshelp-certbot/readthedocs.org.requirements.txt
/opt/letsencrypt/letshelp-certbot/README.rst
/opt/letsencrypt/letshelp-certbot/setup.py
/opt/letsencrypt/letshelp-certbot/letshelp_certbot/
/opt/letsencrypt/letshelp-certbot/letshelp_certbot/apache_test.py
/opt/letsencrypt/letshelp-certbot/letshelp_certbot/apache.py
/opt/letsencrypt/letshelp-certbot/letshelp_certbot/testdata/
/opt/letsencrypt/letshelp-certbot/letshelp_certbot/testdata/mods-available/
/opt/letsencrypt/letshelp-certbot/letshelp_certbot/testdata/mods-available/ssl.load
/opt/letsencrypt/letshelp-certbot/letshelp_certbot/testdata/uncommonly_named_p4sswd
/opt/letsencrypt/letshelp-certbot/letshelp_certbot/testdata/uncommonly_named_k3y
/opt/letsencrypt/letshelp-certbot/letshelp_certbot/testdata/mods-enabled/
/opt/letsencrypt/letshelp-certbot/letshelp_certbot/testdata/mods-enabled/ssl.load
/opt/letsencrypt/letshelp-certbot/letshelp_certbot/testdata/super_secret_file.txt
/opt/letsencrypt/letshelp-certbot/letshelp_certbot/__init__.py
/opt/letsencrypt/certbot-dns-cloudflare/
/opt/letsencrypt/certbot-dns-cloudflare/setup.cfg
/opt/letsencrypt/certbot-dns-cloudflare/certbot_dns_cloudflare/
/opt/letsencrypt/certbot-dns-cloudflare/certbot_dns_cloudflare/dns_cloudflare.py
/opt/letsencrypt/certbot-dns-cloudflare/certbot_dns_cloudflare/dns_cloudflare_test.py
/opt/letsencrypt/certbot-dns-cloudflare/certbot_dns_cloudflare/__init__.py
/opt/letsencrypt/certbot-dns-cloudflare/LICENSE.txt
/opt/letsencrypt/certbot-dns-cloudflare/MANIFEST.in
/opt/letsencrypt/certbot-dns-cloudflare/docs/
/opt/letsencrypt/certbot-dns-cloudflare/docs/Makefile
/opt/letsencrypt/certbot-dns-cloudflare/docs/index.rst
/opt/letsencrypt/certbot-dns-cloudflare/docs/.gitignore
/opt/letsencrypt/certbot-dns-cloudflare/docs/conf.py
/opt/letsencrypt/certbot-dns-cloudflare/docs/api/
/opt/letsencrypt/certbot-dns-cloudflare/docs/api/dns_cloudflare.rst
/opt/letsencrypt/certbot-dns-cloudflare/docs/make.bat
/opt/letsencrypt/certbot-dns-cloudflare/docs/api.rst
/opt/letsencrypt/certbot-dns-cloudflare/README.rst
/opt/letsencrypt/certbot-dns-cloudflare/setup.py
/opt/letsencrypt/certbot-auto
/opt/letsencrypt/certbot-compatibility-test/
/opt/letsencrypt/certbot-compatibility-test/Dockerfile
/opt/letsencrypt/certbot-compatibility-test/setup.cfg
/opt/letsencrypt/certbot-compatibility-test/LICENSE.txt
/opt/letsencrypt/certbot-compatibility-test/MANIFEST.in
/opt/letsencrypt/certbot-compatibility-test/docs/
/opt/letsencrypt/certbot-compatibility-test/docs/_templates/
/opt/letsencrypt/certbot-compatibility-test/docs/_templates/.gitignore
/opt/letsencrypt/certbot-compatibility-test/docs/Makefile
/opt/letsencrypt/certbot-compatibility-test/docs/index.rst
/opt/letsencrypt/certbot-compatibility-test/docs/.gitignore
/opt/letsencrypt/certbot-compatibility-test/docs/conf.py
/opt/letsencrypt/certbot-compatibility-test/docs/api/
/opt/letsencrypt/certbot-compatibility-test/docs/api/index.rst
/opt/letsencrypt/certbot-compatibility-test/docs/_static/
/opt/letsencrypt/certbot-compatibility-test/docs/_static/.gitignore
/opt/letsencrypt/certbot-compatibility-test/docs/make.bat
/opt/letsencrypt/certbot-compatibility-test/docs/api.rst
/opt/letsencrypt/certbot-compatibility-test/readthedocs.org.requirements.txt
/opt/letsencrypt/certbot-compatibility-test/Dockerfile-apache
/opt/letsencrypt/certbot-compatibility-test/Dockerfile-nginx
/opt/letsencrypt/certbot-compatibility-test/nginx/
/opt/letsencrypt/certbot-compatibility-test/nginx/README
/opt/letsencrypt/certbot-compatibility-test/nginx/roundtrip.py
/opt/letsencrypt/certbot-compatibility-test/nginx/nginx-roundtrip-testdata/
/opt/letsencrypt/certbot-compatibility-test/nginx/nginx-roundtrip-testdata/dokuwiki/
/opt/letsencrypt/certbot-compatibility-test/nginx/nginx-roundtrip-testdata/dokuwiki/drop.conf
/opt/letsencrypt/certbot-compatibility-test/nginx/nginx-roundtrip-testdata/dokuwiki/dokuwiki.conf
/opt/letsencrypt/certbot-compatibility-test/nginx/nginx-roundtrip-testdata/dokuwiki/nginx.conf
/opt/letsencrypt/certbot-compatibility-test/nginx/nginx-roundtrip-testdata/dokuwiki/nginx-no-ssl.conf
/opt/letsencrypt/certbot-compatibility-test/nginx/nginx-roundtrip-testdata/dokuwiki/full.conf
/opt/letsencrypt/certbot-compatibility-test/nginx/nginx-roundtrip-testdata/shopware4/
/opt/letsencrypt/certbot-compatibility-test/nginx/nginx-roundtrip-testdata/shopware4/sites-available/
/opt/letsencrypt/certbot-compatibility-test/nginx/nginx-roundtrip-testdata/shopware4/sites-available/www.example.com.vhost
/opt/letsencrypt/certbot-compatibility-test/nginx/nginx-roundtrip-testdata/nonrootwebpath/
/opt/letsencrypt/certbot-compatibility-test/nginx/nginx-roundtrip-testdata/nonrootwebpath/nginx.conf
/opt/letsencrypt/certbot-compatibility-test/nginx/nginx-roundtrip-testdata/joomla/
/opt/letsencrypt/certbot-compatibility-test/nginx/nginx-roundtrip-testdata/joomla/nginx.conf
/opt/letsencrypt/certbot-compatibility-test/nginx/nginx-roundtrip-testdata/javaservers/
/opt/letsencrypt/certbot-compatibility-test/nginx/nginx-roundtrip-testdata/javaservers/nginx.conf
/opt/letsencrypt/certbot-compatibility-test/nginx/nginx-roundtrip-testdata/mybb/
/opt/letsencrypt/certbot-compatibility-test/nginx/nginx-roundtrip-testdata/mybb/nginx.conf
/opt/letsencrypt/certbot-compatibility-test/nginx/nginx-roundtrip-testdata/imapauthenticatewithapacheperlscript/
/opt/letsencrypt/certbot-compatibility-test/nginx/nginx-roundtrip-testdata/imapauthenticatewithapacheperlscript/nginx.conf
/opt/letsencrypt/certbot-compatibility-test/nginx/nginx-roundtrip-testdata/zenphoto/
/opt/letsencrypt/certbot-compatibility-test/nginx/nginx-roundtrip-testdata/zenphoto/nginx.conf
/opt/letsencrypt/certbot-compatibility-test/nginx/nginx-roundtrip-testdata/phplist/
/opt/letsencrypt/certbot-compatibility-test/nginx/nginx-roundtrip-testdata/phplist/nginx.conf
/opt/letsencrypt/certbot-compatibility-test/nginx/nginx-roundtrip-testdata/geoip/
/opt/letsencrypt/certbot-compatibility-test/nginx/nginx-roundtrip-testdata/geoip/nginx.conf
/opt/letsencrypt/certbot-compatibility-test/nginx/nginx-roundtrip-testdata/contao/
/opt/letsencrypt/certbot-compatibility-test/nginx/nginx-roundtrip-testdata/contao/sites-available/
/opt/letsencrypt/certbot-compatibility-test/nginx/nginx-roundtrip-testdata/contao/sites-available/example.com.vhost
/opt/letsencrypt/certbot-compatibility-test/nginx/nginx-roundtrip-testdata/hardwarelberrors/
/opt/letsencrypt/certbot-compatibility-test/nginx/nginx-roundtrip-testdata/hardwarelberrors/nginx.conf
/opt/letsencrypt/certbot-compatibility-test/nginx/nginx-roundtrip-testdata/oscommerce/
/opt/letsencrypt/certbot-compatibility-test/nginx/nginx-roundtrip-testdata/oscommerce/nginx.conf
/opt/letsencrypt/certbot-compatibility-test/nginx/nginx-roundtrip-testdata/cs-cart/
/opt/letsencrypt/certbot-compatibility-test/nginx/nginx-roundtrip-testdata/cs-cart/sites-available/
/opt/letsencrypt/certbot-compatibility-test/nginx/nginx-roundtrip-testdata/cs-cart/sites-available/example.com.vhost
/opt/letsencrypt/certbot-compatibility-test/nginx/nginx-roundtrip-testdata/zend/
/opt/letsencrypt/certbot-compatibility-test/nginx/nginx-roundtrip-testdata/zend/nginx.conf
/opt/letsencrypt/certbot-compatibility-test/nginx/nginx-roundtrip-testdata/expressionengine/
/opt/letsencrypt/certbot-compatibility-test/nginx/nginx-roundtrip-testdata/expressionengine/better.conf
/opt/letsencrypt/certbot-compatibility-test/nginx/nginx-roundtrip-testdata/expressionengine/bad.conf
/opt/letsencrypt/certbot-compatibility-test/nginx/nginx-roundtrip-testdata/expressionengine/yourpath.conf
/opt/letsencrypt/certbot-compatibility-test/nginx/nginx-roundtrip-testdata/reverseproxycachingexample/
/opt/letsencrypt/certbot-compatibility-test/nginx/nginx-roundtrip-testdata/reverseproxycachingexample/nginx.conf
/opt/letsencrypt/certbot-compatibility-test/nginx/nginx-roundtrip-testdata/fastcgiexample/
/opt/letsencrypt/certbot-compatibility-test/nginx/nginx-roundtrip-testdata/fastcgiexample/fastcgi.conf
/opt/letsencrypt/certbot-compatibility-test/nginx/nginx-roundtrip-testdata/fastcgiexample/nginx.conf
/opt/letsencrypt/certbot-compatibility-test/nginx/nginx-roundtrip-testdata/roundcube/
/opt/letsencrypt/certbot-compatibility-test/nginx/nginx-roundtrip-testdata/roundcube/sites-available/
/opt/letsencrypt/certbot-compatibility-test/nginx/nginx-roundtrip-testdata/roundcube/sites-available/example.com.vhost.conf
/opt/letsencrypt/certbot-compatibility-test/nginx/nginx-roundtrip-testdata/phpfcgi/
/opt/letsencrypt/certbot-compatibility-test/nginx/nginx-roundtrip-testdata/phpfcgi/fastcgi_params
/opt/letsencrypt/certbot-compatibility-test/nginx/nginx-roundtrip-testdata/phpfcgi/nginx.conf
/opt/letsencrypt/certbot-compatibility-test/nginx/nginx-roundtrip-testdata/79-configs/
/opt/letsencrypt/certbot-compatibility-test/nginx/nginx-roundtrip-testdata/79-configs/site-23470
/opt/letsencrypt/certbot-compatibility-test/nginx/nginx-roundtrip-testdata/79-configs/site-9426
/opt/letsencrypt/certbot-compatibility-test/nginx/nginx-roundtrip-testdata/79-configs/site-10033
/opt/letsencrypt/certbot-compatibility-test/nginx/nginx-roundtrip-testdata/79-configs/site-4035
/opt/letsencrypt/certbot-compatibility-test/nginx/nginx-roundtrip-testdata/79-configs/site-24213
/opt/letsencrypt/certbot-compatibility-test/nginx/nginx-roundtrip-testdata/79-configs/site-15141
/opt/letsencrypt/certbot-compatibility-test/nginx/nginx-roundtrip-testdata/79-configs/site-15852
/opt/letsencrypt/certbot-compatibility-test/nginx/nginx-roundtrip-testdata/79-configs/site-15270
/opt/letsencrypt/certbot-compatibility-test/nginx/nginx-roundtrip-testdata/79-configs/site-11849
/opt/letsencrypt/certbot-compatibility-test/nginx/nginx-roundtrip-testdata/79-configs/site-7895
/opt/letsencrypt/certbot-compatibility-test/nginx/nginx-roundtrip-testdata/79-configs/site-14402
/opt/letsencrypt/certbot-compatibility-test/nginx/nginx-roundtrip-testdata/79-configs/site-18018
/opt/letsencrypt/certbot-compatibility-test/nginx/nginx-roundtrip-testdata/79-configs/site-13577
/opt/letsencrypt/certbot-compatibility-test/nginx/nginx-roundtrip-testdata/79-configs/site-1167
/opt/letsencrypt/certbot-compatibility-test/nginx/nginx-roundtrip-testdata/79-configs/site-17832
/opt/letsencrypt/certbot-compatibility-test/nginx/nginx-roundtrip-testdata/79-configs/site-10591
/opt/letsencrypt/certbot-compatibility-test/nginx/nginx-roundtrip-testdata/79-configs/site-28050
/opt/letsencrypt/certbot-compatibility-test/nginx/nginx-roundtrip-testdata/79-configs/site-5872
/opt/letsencrypt/certbot-compatibility-test/nginx/nginx-roundtrip-testdata/79-configs/site-26637
/opt/letsencrypt/certbot-compatibility-test/nginx/nginx-roundtrip-testdata/79-configs/site-21549
/opt/letsencrypt/certbot-compatibility-test/nginx/nginx-roundtrip-testdata/79-configs/site-8343
/opt/letsencrypt/certbot-compatibility-test/nginx/nginx-roundtrip-testdata/79-configs/site-25480
/opt/letsencrypt/certbot-compatibility-test/nginx/nginx-roundtrip-testdata/79-configs/site-10920
/opt/letsencrypt/certbot-compatibility-test/nginx/nginx-roundtrip-testdata/79-configs/site-1966
/opt/letsencrypt/certbot-compatibility-test/nginx/nginx-roundtrip-testdata/79-configs/site-26195
/opt/letsencrypt/certbot-compatibility-test/nginx/nginx-roundtrip-testdata/79-configs/site-12235
/opt/letsencrypt/certbot-compatibility-test/nginx/nginx-roundtrip-testdata/79-configs/site-32279
/opt/letsencrypt/certbot-compatibility-test/nginx/nginx-roundtrip-testdata/79-configs/site-31900
/opt/letsencrypt/certbot-compatibility-test/nginx/nginx-roundtrip-testdata/79-configs/site-19334
/opt/letsencrypt/certbot-compatibility-test/nginx/nginx-roundtrip-testdata/79-configs/site-27728
/opt/letsencrypt/certbot-compatibility-test/nginx/nginx-roundtrip-testdata/79-configs/site-3507
/opt/letsencrypt/certbot-compatibility-test/nginx/nginx-roundtrip-testdata/79-configs/site-8662
/opt/letsencrypt/certbot-compatibility-test/nginx/nginx-roundtrip-testdata/79-configs/site-3483
/opt/letsencrypt/certbot-compatibility-test/nginx/nginx-roundtrip-testdata/79-configs/site-11046
/opt/letsencrypt/certbot-compatibility-test/nginx/nginx-roundtrip-testdata/79-configs/site-30011
/opt/letsencrypt/certbot-compatibility-test/nginx/nginx-roundtrip-testdata/79-configs/site-15291
/opt/letsencrypt/certbot-compatibility-test/nginx/nginx-roundtrip-testdata/79-configs/site-10947
/opt/letsencrypt/certbot-compatibility-test/nginx/nginx-roundtrip-testdata/79-configs/site-23803
/opt/letsencrypt/certbot-compatibility-test/nginx/nginx-roundtrip-testdata/79-configs/site-19639
/opt/letsencrypt/certbot-compatibility-test/nginx/nginx-roundtrip-testdata/79-configs/site-28690
/opt/letsencrypt/certbot-compatibility-test/nginx/nginx-roundtrip-testdata/79-configs/site-16345
/opt/letsencrypt/certbot-compatibility-test/nginx/nginx-roundtrip-testdata/79-configs/site-4264
/opt/letsencrypt/certbot-compatibility-test/nginx/nginx-roundtrip-testdata/79-configs/site-15497
/opt/letsencrypt/certbot-compatibility-test/nginx/nginx-roundtrip-testdata/79-configs/site-230
/opt/letsencrypt/certbot-compatibility-test/nginx/nginx-roundtrip-testdata/79-configs/site-26758
/opt/letsencrypt/certbot-compatibility-test/nginx/nginx-roundtrip-testdata/79-configs/site-8637
/opt/letsencrypt/certbot-compatibility-test/nginx/nginx-roundtrip-testdata/79-configs/site-11382
/opt/letsencrypt/certbot-compatibility-test/nginx/nginx-roundtrip-testdata/79-configs/site-32190
/opt/letsencrypt/certbot-compatibility-test/nginx/nginx-roundtrip-testdata/79-configs/site-19791
/opt/letsencrypt/certbot-compatibility-test/nginx/nginx-roundtrip-testdata/79-configs/site-19955
/opt/letsencrypt/certbot-compatibility-test/nginx/nginx-roundtrip-testdata/79-configs/site-23838
/opt/letsencrypt/certbot-compatibility-test/nginx/nginx-roundtrip-testdata/79-configs/site-27812
/opt/letsencrypt/certbot-compatibility-test/nginx/nginx-roundtrip-testdata/79-configs/site-27646
/opt/letsencrypt/certbot-compatibility-test/nginx/nginx-roundtrip-testdata/79-configs/site-27736
/opt/letsencrypt/certbot-compatibility-test/nginx/nginx-roundtrip-testdata/79-configs/site-12649
/opt/letsencrypt/certbot-compatibility-test/nginx/nginx-roundtrip-testdata/79-configs/site-17175
/opt/letsencrypt/certbot-compatibility-test/nginx/nginx-roundtrip-testdata/79-configs/site-11018
/opt/letsencrypt/certbot-compatibility-test/nginx/nginx-roundtrip-testdata/79-configs/site-26221
/opt/letsencrypt/certbot-compatibility-test/nginx/nginx-roundtrip-testdata/79-configs/site-32438
/opt/letsencrypt/certbot-compatibility-test/nginx/nginx-roundtrip-testdata/79-configs/site-18069
/opt/letsencrypt/certbot-compatibility-test/nginx/nginx-roundtrip-testdata/79-configs/site-8422
/opt/letsencrypt/certbot-compatibility-test/nginx/nginx-roundtrip-testdata/79-configs/site-17942
/opt/letsencrypt/certbot-compatibility-test/nginx/nginx-roundtrip-testdata/79-configs/site-24193
/opt/letsencrypt/certbot-compatibility-test/nginx/nginx-roundtrip-testdata/79-configs/site-3874
/opt/letsencrypt/certbot-compatibility-test/nginx/nginx-roundtrip-testdata/79-configs/site-24125
/opt/letsencrypt/certbot-compatibility-test/nginx/nginx-roundtrip-testdata/79-configs/site-10571
/opt/letsencrypt/certbot-compatibility-test/nginx/nginx-roundtrip-testdata/79-configs/site-15456
/opt/letsencrypt/certbot-compatibility-test/nginx/nginx-roundtrip-testdata/79-configs/site-21369
/opt/letsencrypt/certbot-compatibility-test/nginx/nginx-roundtrip-testdata/79-configs/site-5826
/opt/letsencrypt/certbot-compatibility-test/nginx/nginx-roundtrip-testdata/79-configs/site-4143
/opt/letsencrypt/certbot-compatibility-test/nginx/nginx-roundtrip-testdata/79-configs/site-30571
/opt/letsencrypt/certbot-compatibility-test/nginx/nginx-roundtrip-testdata/79-configs/site-14430
/opt/letsencrypt/certbot-compatibility-test/nginx/nginx-roundtrip-testdata/79-configs/site-2951
/opt/letsencrypt/certbot-compatibility-test/nginx/nginx-roundtrip-testdata/79-configs/site-29159
/opt/letsencrypt/certbot-compatibility-test/nginx/nginx-roundtrip-testdata/79-configs/site-23791
/opt/letsencrypt/certbot-compatibility-test/nginx/nginx-roundtrip-testdata/79-configs/site-32317
/opt/letsencrypt/certbot-compatibility-test/nginx/nginx-roundtrip-testdata/79-configs/site-6228
/opt/letsencrypt/certbot-compatibility-test/nginx/nginx-roundtrip-testdata/79-configs/site-12027
/opt/letsencrypt/certbot-compatibility-test/nginx/nginx-roundtrip-testdata/79-configs/site-23325
/opt/letsencrypt/certbot-compatibility-test/nginx/nginx-roundtrip-testdata/minio/
/opt/letsencrypt/certbot-compatibility-test/nginx/nginx-roundtrip-testdata/minio/sites-enabled/
/opt/letsencrypt/certbot-compatibility-test/nginx/nginx-roundtrip-testdata/minio/sites-enabled/nginx.conf
/opt/letsencrypt/certbot-compatibility-test/nginx/nginx-roundtrip-testdata/owncloud/
/opt/letsencrypt/certbot-compatibility-test/nginx/nginx-roundtrip-testdata/owncloud/sites-available/
/opt/letsencrypt/certbot-compatibility-test/nginx/nginx-roundtrip-testdata/owncloud/sites-available/www.example.com.vhost
/opt/letsencrypt/certbot-compatibility-test/nginx/nginx-roundtrip-testdata/chive/
/opt/letsencrypt/certbot-compatibility-test/nginx/nginx-roundtrip-testdata/chive/chive-nginx-master/
/opt/letsencrypt/certbot-compatibility-test/nginx/nginx-roundtrip-testdata/chive/chive-nginx-master/map_https_fcgi.conf
/opt/letsencrypt/certbot-compatibility-test/nginx/nginx-roundtrip-testdata/chive/chive-nginx-master/upstream_phpapache.conf
/opt/letsencrypt/certbot-compatibility-test/nginx/nginx-roundtrip-testdata/chive/chive-nginx-master/koi-win
/opt/letsencrypt/certbot-compatibility-test/nginx/nginx-roundtrip-testdata/chive/chive-nginx-master/fastcgi_params
/opt/letsencrypt/certbot-compatibility-test/nginx/nginx-roundtrip-testdata/chive/chive-nginx-master/koi-utf
/opt/letsencrypt/certbot-compatibility-test/nginx/nginx-roundtrip-testdata/chive/chive-nginx-master/fastcgi.conf
/opt/letsencrypt/certbot-compatibility-test/nginx/nginx-roundtrip-testdata/chive/chive-nginx-master/reverse_proxy.conf
/opt/letsencrypt/certbot-compatibility-test/nginx/nginx-roundtrip-testdata/chive/chive-nginx-master/nginx.conf
/opt/letsencrypt/certbot-compatibility-test/nginx/nginx-roundtrip-testdata/chive/chive-nginx-master/mime.types
/opt/letsencrypt/certbot-compatibility-test/nginx/nginx-roundtrip-testdata/chive/chive-nginx-master/upstream_phpcgi.conf
/opt/letsencrypt/certbot-compatibility-test/nginx/nginx-roundtrip-testdata/chive/chive-nginx-master/sites-available/
/opt/letsencrypt/certbot-compatibility-test/nginx/nginx-roundtrip-testdata/chive/chive-nginx-master/sites-available/secure.chive.example.com.conf
/opt/letsencrypt/certbot-compatibility-test/nginx/nginx-roundtrip-testdata/chive/chive-nginx-master/sites-available/chive.example.com.conf
/opt/letsencrypt/certbot-compatibility-test/nginx/nginx-roundtrip-testdata/chive/chive-nginx-master/sites-available/000-default
/opt/letsencrypt/certbot-compatibility-test/nginx/nginx-roundtrip-testdata/chive/chive-nginx-master/win-utf
/opt/letsencrypt/certbot-compatibility-test/nginx/nginx-roundtrip-testdata/qwebric/
/opt/letsencrypt/certbot-compatibility-test/nginx/nginx-roundtrip-testdata/qwebric/reverse-proxy.conf
/opt/letsencrypt/certbot-compatibility-test/nginx/nginx-roundtrip-testdata/qwebric/redirect.conf
/opt/letsencrypt/certbot-compatibility-test/nginx/nginx-roundtrip-testdata/fengoffice/
/opt/letsencrypt/certbot-compatibility-test/nginx/nginx-roundtrip-testdata/fengoffice/sites-available/
/opt/letsencrypt/certbot-compatibility-test/nginx/nginx-roundtrip-testdata/fengoffice/sites-available/www.example.com.vhost
/opt/letsencrypt/certbot-compatibility-test/nginx/nginx-roundtrip-testdata/simplegroupware/
/opt/letsencrypt/certbot-compatibility-test/nginx/nginx-roundtrip-testdata/simplegroupware/sites-available/
/opt/letsencrypt/certbot-compatibility-test/nginx/nginx-roundtrip-testdata/simplegroupware/sites-available/www.example.com.vhost
/opt/letsencrypt/certbot-compatibility-test/nginx/nginx-roundtrip-testdata/loadbalanceexample/
/opt/letsencrypt/certbot-compatibility-test/nginx/nginx-roundtrip-testdata/loadbalanceexample/nginx.conf
/opt/letsencrypt/certbot-compatibility-test/nginx/nginx-roundtrip-testdata/pmwiki/
/opt/letsencrypt/certbot-compatibility-test/nginx/nginx-roundtrip-testdata/pmwiki/nginx.conf
/opt/letsencrypt/certbot-compatibility-test/nginx/nginx-roundtrip-testdata/php-fpm/
/opt/letsencrypt/certbot-compatibility-test/nginx/nginx-roundtrip-testdata/php-fpm/default.conf
/opt/letsencrypt/certbot-compatibility-test/nginx/nginx-roundtrip-testdata/upstream-issue-19/
/opt/letsencrypt/certbot-compatibility-test/nginx/nginx-roundtrip-testdata/upstream-issue-19/nginx.conf
/opt/letsencrypt/certbot-compatibility-test/nginx/nginx-roundtrip-testdata/fullexample2/
/opt/letsencrypt/certbot-compatibility-test/nginx/nginx-roundtrip-testdata/fullexample2/nginx.conf
/opt/letsencrypt/certbot-compatibility-test/nginx/nginx-roundtrip-testdata/simplepythonfcgi/
/opt/letsencrypt/certbot-compatibility-test/nginx/nginx-roundtrip-testdata/simplepythonfcgi/fastcgi.conf
/opt/letsencrypt/certbot-compatibility-test/nginx/nginx-roundtrip-testdata/simplepythonfcgi/nginx.conf
/opt/letsencrypt/certbot-compatibility-test/nginx/nginx-roundtrip-testdata/simplepythonfcgi/weird-spacing.conf
/opt/letsencrypt/certbot-compatibility-test/nginx/nginx-roundtrip-testdata/simplecgi/
/opt/letsencrypt/certbot-compatibility-test/nginx/nginx-roundtrip-testdata/simplecgi/nginx.conf
/opt/letsencrypt/certbot-compatibility-test/nginx/nginx-roundtrip-testdata/mono/
/opt/letsencrypt/certbot-compatibility-test/nginx/nginx-roundtrip-testdata/mono/nginx.conf
/opt/letsencrypt/certbot-compatibility-test/nginx/nginx-roundtrip-testdata/zope/
/opt/letsencrypt/certbot-compatibility-test/nginx/nginx-roundtrip-testdata/zope/nginx.conf
/opt/letsencrypt/certbot-compatibility-test/nginx/nginx-roundtrip-testdata/embeddedperlminifyjs/
/opt/letsencrypt/certbot-compatibility-test/nginx/nginx-roundtrip-testdata/embeddedperlminifyjs/nginx.conf
/opt/letsencrypt/certbot-compatibility-test/nginx/nginx-roundtrip-testdata/activecolab/
/opt/letsencrypt/certbot-compatibility-test/nginx/nginx-roundtrip-testdata/activecolab/www.example.com.vhost
/opt/letsencrypt/certbot-compatibility-test/nginx/nginx-roundtrip-testdata/elgg/
/opt/letsencrypt/certbot-compatibility-test/nginx/nginx-roundtrip-testdata/elgg/nginx.conf
/opt/letsencrypt/certbot-compatibility-test/nginx/nginx-roundtrip-testdata/phpfastcgionwindows/
/opt/letsencrypt/certbot-compatibility-test/nginx/nginx-roundtrip-testdata/phpfastcgionwindows/nginx.conf
/opt/letsencrypt/certbot-compatibility-test/nginx/nginx-roundtrip-testdata/upstream-issue-17/
/opt/letsencrypt/certbot-compatibility-test/nginx/nginx-roundtrip-testdata/upstream-issue-17/nginx.conf
/opt/letsencrypt/certbot-compatibility-test/nginx/nginx-roundtrip-testdata/guide-to-nginx-ssl-spdy-hsts/
/opt/letsencrypt/certbot-compatibility-test/nginx/nginx-roundtrip-testdata/guide-to-nginx-ssl-spdy-hsts/nginx.conf
/opt/letsencrypt/certbot-compatibility-test/nginx/nginx-roundtrip-testdata/imapproxyexample/
/opt/letsencrypt/certbot-compatibility-test/nginx/nginx-roundtrip-testdata/imapproxyexample/proxy-example.conf
/opt/letsencrypt/certbot-compatibility-test/nginx/nginx-roundtrip-testdata/imapproxyexample/nginx.conf
/opt/letsencrypt/certbot-compatibility-test/nginx/nginx-roundtrip-testdata/typo3-6.2/
/opt/letsencrypt/certbot-compatibility-test/nginx/nginx-roundtrip-testdata/typo3-6.2/sites-available/
/opt/letsencrypt/certbot-compatibility-test/nginx/nginx-roundtrip-testdata/typo3-6.2/sites-available/www.example.com.vhost
/opt/letsencrypt/certbot-compatibility-test/nginx/nginx-roundtrip-testdata/prestashop/
/opt/letsencrypt/certbot-compatibility-test/nginx/nginx-roundtrip-testdata/prestashop/sites-available/
/opt/letsencrypt/certbot-compatibility-test/nginx/nginx-roundtrip-testdata/prestashop/sites-available/www.example.com.vhost
/opt/letsencrypt/certbot-compatibility-test/nginx/nginx-roundtrip-testdata/embeddedperlsitemapsproxy/
/opt/letsencrypt/certbot-compatibility-test/nginx/nginx-roundtrip-testdata/embeddedperlsitemapsproxy/nginx.conf
/opt/letsencrypt/certbot-compatibility-test/nginx/nginx-roundtrip-testdata/djangofastcgi/
/opt/letsencrypt/certbot-compatibility-test/nginx/nginx-roundtrip-testdata/djangofastcgi/large.conf
/opt/letsencrypt/certbot-compatibility-test/nginx/nginx-roundtrip-testdata/djangofastcgi/nginx.conf
/opt/letsencrypt/certbot-compatibility-test/nginx/nginx-roundtrip-testdata/typo3-4.6/
/opt/letsencrypt/certbot-compatibility-test/nginx/nginx-roundtrip-testdata/typo3-4.6/sites-available/
/opt/letsencrypt/certbot-compatibility-test/nginx/nginx-roundtrip-testdata/typo3-4.6/sites-available/www.example.com.vhost
/opt/letsencrypt/certbot-compatibility-test/nginx/nginx-roundtrip-testdata/dynamic_ssi/
/opt/letsencrypt/certbot-compatibility-test/nginx/nginx-roundtrip-testdata/dynamic_ssi/nginx.conf
/opt/letsencrypt/certbot-compatibility-test/nginx/nginx-roundtrip-testdata/likeapache/
/opt/letsencrypt/certbot-compatibility-test/nginx/nginx-roundtrip-testdata/likeapache/nginx.conf
/opt/letsencrypt/certbot-compatibility-test/nginx/nginx-roundtrip-testdata/full-example/
/opt/letsencrypt/certbot-compatibility-test/nginx/nginx-roundtrip-testdata/full-example/fastcgi.conf
/opt/letsencrypt/certbot-compatibility-test/nginx/nginx-roundtrip-testdata/full-example/nginx.conf
/opt/letsencrypt/certbot-compatibility-test/nginx/nginx-roundtrip-testdata/full-example/mime.types
/opt/letsencrypt/certbot-compatibility-test/nginx/nginx-roundtrip-testdata/full-example/proxy.conf
/opt/letsencrypt/certbot-compatibility-test/nginx/nginx-roundtrip-testdata/separateerrorloggingpervirtualhost/
/opt/letsencrypt/certbot-compatibility-test/nginx/nginx-roundtrip-testdata/separateerrorloggingpervirtualhost/nginx.conf
/opt/letsencrypt/certbot-compatibility-test/nginx/nginx-roundtrip-testdata/omeka/
/opt/letsencrypt/certbot-compatibility-test/nginx/nginx-roundtrip-testdata/omeka/nginx.conf
/opt/letsencrypt/certbot-compatibility-test/nginx/nginx-roundtrip-testdata/mediawiki/
/opt/letsencrypt/certbot-compatibility-test/nginx/nginx-roundtrip-testdata/mediawiki/nginx.conf
/opt/letsencrypt/certbot-compatibility-test/nginx/nginx-roundtrip-testdata/imapauthenticatewithapachephpscript/
/opt/letsencrypt/certbot-compatibility-test/nginx/nginx-roundtrip-testdata/imapauthenticatewithapachephpscript/nginx.conf
/opt/letsencrypt/certbot-compatibility-test/nginx/nginx-roundtrip-testdata/shopware/
/opt/letsencrypt/certbot-compatibility-test/nginx/nginx-roundtrip-testdata/shopware/sites-available/
/opt/letsencrypt/certbot-compatibility-test/nginx/nginx-roundtrip-testdata/shopware/sites-available/www.example.com.vhost
/opt/letsencrypt/certbot-compatibility-test/nginx/nginx-roundtrip-testdata/redmine/
/opt/letsencrypt/certbot-compatibility-test/nginx/nginx-roundtrip-testdata/redmine/nginx.conf
/opt/letsencrypt/certbot-compatibility-test/nginx/nginx-roundtrip-testdata/sugarcrm/
/opt/letsencrypt/certbot-compatibility-test/nginx/nginx-roundtrip-testdata/sugarcrm/sites-available/
/opt/letsencrypt/certbot-compatibility-test/nginx/nginx-roundtrip-testdata/sugarcrm/sites-available/www.example.com.vhost
/opt/letsencrypt/certbot-compatibility-test/nginx/nginx-roundtrip-testdata/icinga/
/opt/letsencrypt/certbot-compatibility-test/nginx/nginx-roundtrip-testdata/icinga/sites-available/
/opt/letsencrypt/certbot-compatibility-test/nginx/nginx-roundtrip-testdata/icinga/sites-available/www.example.com.vhost
/opt/letsencrypt/certbot-compatibility-test/nginx/nginx-roundtrip-testdata/simplerubyfcgi/
/opt/letsencrypt/certbot-compatibility-test/nginx/nginx-roundtrip-testdata/simplerubyfcgi/nginx.conf
/opt/letsencrypt/certbot-compatibility-test/nginx/nginx-roundtrip-testdata/redaxo/
/opt/letsencrypt/certbot-compatibility-test/nginx/nginx-roundtrip-testdata/redaxo/sites-available/
/opt/letsencrypt/certbot-compatibility-test/nginx/nginx-roundtrip-testdata/redaxo/sites-available/www.example.com.vhost
/opt/letsencrypt/certbot-compatibility-test/nginx/nginx-roundtrip-testdata/anothermapcase/
/opt/letsencrypt/certbot-compatibility-test/nginx/nginx-roundtrip-testdata/anothermapcase/nginx.conf
/opt/letsencrypt/certbot-compatibility-test/nginx/nginx-roundtrip-testdata/piwik/
/opt/letsencrypt/certbot-compatibility-test/nginx/nginx-roundtrip-testdata/piwik/nginx.conf
/opt/letsencrypt/certbot-compatibility-test/nginx/nginx-roundtrip-testdata/symfony/
/opt/letsencrypt/certbot-compatibility-test/nginx/nginx-roundtrip-testdata/symfony/nginx.conf
/opt/letsencrypt/certbot-compatibility-test/nginx/nginx-roundtrip-testdata/symfony/old.conf
/opt/letsencrypt/certbot-compatibility-test/nginx/nginx-roundtrip-testdata/symfony/oldold.conf
/opt/letsencrypt/certbot-compatibility-test/nginx/nginx-roundtrip-testdata/wordpress/
/opt/letsencrypt/certbot-compatibility-test/nginx/nginx-roundtrip-testdata/wordpress/multisite-subdomain.conf
/opt/letsencrypt/certbot-compatibility-test/nginx/nginx-roundtrip-testdata/wordpress/nginx.conf
/opt/letsencrypt/certbot-compatibility-test/nginx/nginx-roundtrip-testdata/wordpress/multisite-subdir.conf
/opt/letsencrypt/certbot-compatibility-test/nginx/nginx-roundtrip-testdata/processwire/
/opt/letsencrypt/certbot-compatibility-test/nginx/nginx-roundtrip-testdata/processwire/sites-available/
/opt/letsencrypt/certbot-compatibility-test/nginx/nginx-roundtrip-testdata/processwire/sites-available/www.example.com.vhost
/opt/letsencrypt/certbot-compatibility-test/nginx/nginx-roundtrip-testdata/iphone-website-with-nginx/
/opt/letsencrypt/certbot-compatibility-test/nginx/nginx-roundtrip-testdata/iphone-website-with-nginx/mobile.conf
/opt/letsencrypt/certbot-compatibility-test/nginx/nginx-roundtrip-testdata/iphone-website-with-nginx/nginx.conf
/opt/letsencrypt/certbot-compatibility-test/nginx/nginx-roundtrip-testdata/yii/
/opt/letsencrypt/certbot-compatibility-test/nginx/nginx-roundtrip-testdata/yii/nginx.conf
/opt/letsencrypt/certbot-compatibility-test/nginx/nginx-roundtrip-testdata/server_blocks/
/opt/letsencrypt/certbot-compatibility-test/nginx/nginx-roundtrip-testdata/server_blocks/two.conf
/opt/letsencrypt/certbot-compatibility-test/nginx/nginx-roundtrip-testdata/server_blocks/catchall.conf
/opt/letsencrypt/certbot-compatibility-test/nginx/nginx-roundtrip-testdata/server_blocks/wildcard-subdomains.conf
/opt/letsencrypt/certbot-compatibility-test/nginx/nginx-roundtrip-testdata/iredmail/
/opt/letsencrypt/certbot-compatibility-test/nginx/nginx-roundtrip-testdata/iredmail/iredadmin.conf
/opt/letsencrypt/certbot-compatibility-test/nginx/nginx-roundtrip-testdata/iredmail/nginx.conf
/opt/letsencrypt/certbot-compatibility-test/nginx/nginx-roundtrip-testdata/mailman/
/opt/letsencrypt/certbot-compatibility-test/nginx/nginx-roundtrip-testdata/mailman/nginx.conf
/opt/letsencrypt/certbot-compatibility-test/nginx/nginx-roundtrip-testdata/pylons/
/opt/letsencrypt/certbot-compatibility-test/nginx/nginx-roundtrip-testdata/pylons/nginx.vhost.conf
/opt/letsencrypt/certbot-compatibility-test/nginx/nginx-roundtrip-testdata/memcachepreload/
/opt/letsencrypt/certbot-compatibility-test/nginx/nginx-roundtrip-testdata/memcachepreload/sites-available/
/opt/letsencrypt/certbot-compatibility-test/nginx/nginx-roundtrip-testdata/memcachepreload/sites-available/default
/opt/letsencrypt/certbot-compatibility-test/nginx/nginx-roundtrip-testdata/xenforo/
/opt/letsencrypt/certbot-compatibility-test/nginx/nginx-roundtrip-testdata/xenforo/nginx.conf
/opt/letsencrypt/certbot-compatibility-test/nginx/nginx-roundtrip-testdata/oxid-eshop/
/opt/letsencrypt/certbot-compatibility-test/nginx/nginx-roundtrip-testdata/oxid-eshop/sites-available/
/opt/letsencrypt/certbot-compatibility-test/nginx/nginx-roundtrip-testdata/oxid-eshop/sites-available/www.example.com.vhost
/opt/letsencrypt/certbot-compatibility-test/nginx/nginx-roundtrip-testdata/spip/
/opt/letsencrypt/certbot-compatibility-test/nginx/nginx-roundtrip-testdata/spip/nginx.conf
/opt/letsencrypt/certbot-compatibility-test/nginx/nginx-roundtrip-testdata/silverstripe/
/opt/letsencrypt/certbot-compatibility-test/nginx/nginx-roundtrip-testdata/silverstripe/nginx.conf
/opt/letsencrypt/certbot-compatibility-test/nginx/nginx-roundtrip-testdata/pyrocms/
/opt/letsencrypt/certbot-compatibility-test/nginx/nginx-roundtrip-testdata/pyrocms/fastcgi_params
/opt/letsencrypt/certbot-compatibility-test/nginx/nginx-roundtrip-testdata/pyrocms/drop.conf
/opt/letsencrypt/certbot-compatibility-test/nginx/nginx-roundtrip-testdata/pyrocms/nginx.conf
/opt/letsencrypt/certbot-compatibility-test/nginx/nginx-roundtrip-testdata/drupal/
/opt/letsencrypt/certbot-compatibility-test/nginx/nginx-roundtrip-testdata/drupal/nginx.conf
/opt/letsencrypt/certbot-compatibility-test/nginx/nginx-roundtrip-testdata/codeigniter/
/opt/letsencrypt/certbot-compatibility-test/nginx/nginx-roundtrip-testdata/codeigniter/nginx.conf
/opt/letsencrypt/certbot-compatibility-test/nginx/nginx-roundtrip-testdata/codeigniter/nginx-alt.conf
/opt/letsencrypt/certbot-compatibility-test/nginx/nginx-roundtrip-testdata/wordpress-caching/
/opt/letsencrypt/certbot-compatibility-test/nginx/nginx-roundtrip-testdata/wordpress-caching/no-cache.conf
/opt/letsencrypt/certbot-compatibility-test/nginx/nginx-roundtrip-testdata/wordpress-caching/supercache.conf
/opt/letsencrypt/certbot-compatibility-test/nginx/nginx-roundtrip-testdata/wordpress-caching/totalcache-enhanced.conf
/opt/letsencrypt/certbot-compatibility-test/nginx/nginx-roundtrip-testdata/wordpress-caching/total-cache.conf
/opt/letsencrypt/certbot-compatibility-test/nginx/nginx-roundtrip-testdata/cms-made-simple/
/opt/letsencrypt/certbot-compatibility-test/nginx/nginx-roundtrip-testdata/cms-made-simple/nginx.conf
/opt/letsencrypt/certbot-compatibility-test/nginx/nginx-roundtrip-testdata/osticket/
/opt/letsencrypt/certbot-compatibility-test/nginx/nginx-roundtrip-testdata/osticket/nginx.conf
/opt/letsencrypt/certbot-compatibility-test/nginx/nginx-roundtrip-testdata/phpbb/
/opt/letsencrypt/certbot-compatibility-test/nginx/nginx-roundtrip-testdata/phpbb/nginx.sample.conf
/opt/letsencrypt/certbot-compatibility-test/README.rst
/opt/letsencrypt/certbot-compatibility-test/setup.py
/opt/letsencrypt/certbot-compatibility-test/certbot_compatibility_test/
/opt/letsencrypt/certbot-compatibility-test/certbot_compatibility_test/validator.py
/opt/letsencrypt/certbot-compatibility-test/certbot_compatibility_test/util.py
/opt/letsencrypt/certbot-compatibility-test/certbot_compatibility_test/test_driver.py
/opt/letsencrypt/certbot-compatibility-test/certbot_compatibility_test/validator_test.py
/opt/letsencrypt/certbot-compatibility-test/certbot_compatibility_test/configurators/
/opt/letsencrypt/certbot-compatibility-test/certbot_compatibility_test/configurators/apache/
/opt/letsencrypt/certbot-compatibility-test/certbot_compatibility_test/configurators/apache/common.py
/opt/letsencrypt/certbot-compatibility-test/certbot_compatibility_test/configurators/apache/__init__.py
/opt/letsencrypt/certbot-compatibility-test/certbot_compatibility_test/configurators/common.py
/opt/letsencrypt/certbot-compatibility-test/certbot_compatibility_test/configurators/nginx/
/opt/letsencrypt/certbot-compatibility-test/certbot_compatibility_test/configurators/nginx/common.py
/opt/letsencrypt/certbot-compatibility-test/certbot_compatibility_test/configurators/nginx/__init__.py
/opt/letsencrypt/certbot-compatibility-test/certbot_compatibility_test/configurators/__init__.py
/opt/letsencrypt/certbot-compatibility-test/certbot_compatibility_test/errors.py
/opt/letsencrypt/certbot-compatibility-test/certbot_compatibility_test/interfaces.py
/opt/letsencrypt/certbot-compatibility-test/certbot_compatibility_test/testdata/
/opt/letsencrypt/certbot-compatibility-test/certbot_compatibility_test/testdata/empty_cert.pem
/opt/letsencrypt/certbot-compatibility-test/certbot_compatibility_test/testdata/rsa1024_key2.pem
/opt/letsencrypt/certbot-compatibility-test/certbot_compatibility_test/testdata/rsa1024_key.pem
/opt/letsencrypt/certbot-compatibility-test/certbot_compatibility_test/testdata/apache.tar.gz
/opt/letsencrypt/certbot-compatibility-test/certbot_compatibility_test/testdata/nginx.tar.gz
/opt/letsencrypt/certbot-compatibility-test/certbot_compatibility_test/__init__.py
/opt/letsencrypt/CONTRIBUTING.md
/opt/letsencrypt/.gitignore
/opt/letsencrypt/certbot-dns-nsone/
/opt/letsencrypt/certbot-dns-nsone/setup.cfg
/opt/letsencrypt/certbot-dns-nsone/LICENSE.txt
/opt/letsencrypt/certbot-dns-nsone/MANIFEST.in
/opt/letsencrypt/certbot-dns-nsone/docs/
/opt/letsencrypt/certbot-dns-nsone/docs/Makefile
/opt/letsencrypt/certbot-dns-nsone/docs/index.rst
/opt/letsencrypt/certbot-dns-nsone/docs/.gitignore
/opt/letsencrypt/certbot-dns-nsone/docs/conf.py
/opt/letsencrypt/certbot-dns-nsone/docs/api/
/opt/letsencrypt/certbot-dns-nsone/docs/api/dns_nsone.rst
/opt/letsencrypt/certbot-dns-nsone/docs/make.bat
/opt/letsencrypt/certbot-dns-nsone/docs/api.rst
/opt/letsencrypt/certbot-dns-nsone/certbot_dns_nsone/
/opt/letsencrypt/certbot-dns-nsone/certbot_dns_nsone/dns_nsone_test.py
/opt/letsencrypt/certbot-dns-nsone/certbot_dns_nsone/dns_nsone.py
/opt/letsencrypt/certbot-dns-nsone/certbot_dns_nsone/__init__.py
/opt/letsencrypt/certbot-dns-nsone/README.rst
/opt/letsencrypt/certbot-dns-nsone/setup.py
/opt/letsencrypt/certbot-dns-rfc2136/
/opt/letsencrypt/certbot-dns-rfc2136/setup.cfg
/opt/letsencrypt/certbot-dns-rfc2136/LICENSE.txt
/opt/letsencrypt/certbot-dns-rfc2136/MANIFEST.in
/opt/letsencrypt/certbot-dns-rfc2136/docs/
/opt/letsencrypt/certbot-dns-rfc2136/docs/Makefile
/opt/letsencrypt/certbot-dns-rfc2136/docs/index.rst
/opt/letsencrypt/certbot-dns-rfc2136/docs/.gitignore
/opt/letsencrypt/certbot-dns-rfc2136/docs/conf.py
/opt/letsencrypt/certbot-dns-rfc2136/docs/api/
/opt/letsencrypt/certbot-dns-rfc2136/docs/api/dns_rfc2136.rst
/opt/letsencrypt/certbot-dns-rfc2136/docs/make.bat
/opt/letsencrypt/certbot-dns-rfc2136/docs/api.rst
/opt/letsencrypt/certbot-dns-rfc2136/certbot_dns_rfc2136/
/opt/letsencrypt/certbot-dns-rfc2136/certbot_dns_rfc2136/dns_rfc2136_test.py
/opt/letsencrypt/certbot-dns-rfc2136/certbot_dns_rfc2136/dns_rfc2136.py
/opt/letsencrypt/certbot-dns-rfc2136/certbot_dns_rfc2136/__init__.py
/opt/letsencrypt/certbot-dns-rfc2136/README.rst
/opt/letsencrypt/certbot-dns-rfc2136/setup.py
/opt/letsencrypt/tests/
/opt/letsencrypt/tests/tox-boulder-integration.sh
/opt/letsencrypt/tests/integration/
/opt/letsencrypt/tests/integration/_common.sh
/opt/letsencrypt/tests/modification-check.sh
/opt/letsencrypt/tests/run_http_server.py
/opt/letsencrypt/tests/display.py
/opt/letsencrypt/tests/manual-dns-auth.sh
/opt/letsencrypt/tests/boulder-fetch.sh
/opt/letsencrypt/tests/manual-http-cleanup.sh
/opt/letsencrypt/tests/letstest/
/opt/letsencrypt/tests/letstest/apache2_targets.yaml
/opt/letsencrypt/tests/letstest/multitester.py
/opt/letsencrypt/tests/letstest/targets.yaml
/opt/letsencrypt/tests/letstest/scripts/
/opt/letsencrypt/tests/letstest/scripts/test_tox.sh
/opt/letsencrypt/tests/letstest/scripts/boulder_config.sh
/opt/letsencrypt/tests/letstest/scripts/test_renew_standalone.sh
/opt/letsencrypt/tests/letstest/scripts/test_tests.sh
/opt/letsencrypt/tests/letstest/scripts/test_apache2.sh
/opt/letsencrypt/tests/letstest/scripts/test_letsencrypt_auto_venv_only.sh
/opt/letsencrypt/tests/letstest/scripts/test_leauto_upgrades.sh
/opt/letsencrypt/tests/letstest/scripts/test_letsencrypt_auto_certonly_standalone.sh
/opt/letsencrypt/tests/letstest/scripts/boulder_install.sh
/opt/letsencrypt/tests/letstest/scripts/test_sdists.sh
/opt/letsencrypt/tests/letstest/testdata/
/opt/letsencrypt/tests/letstest/testdata/sample-config/
/opt/letsencrypt/tests/letstest/testdata/sample-config/csr/
/opt/letsencrypt/tests/letstest/testdata/sample-config/csr/0002_csr-certbot.pem
/opt/letsencrypt/tests/letstest/testdata/sample-config/csr/0001_csr-certbot.pem
/opt/letsencrypt/tests/letstest/testdata/sample-config/csr/0003_csr-certbot.pem
/opt/letsencrypt/tests/letstest/testdata/sample-config/csr/0000_csr-certbot.pem
/opt/letsencrypt/tests/letstest/testdata/sample-config/options-ssl-apache.conf
/opt/letsencrypt/tests/letstest/testdata/sample-config/accounts/
/opt/letsencrypt/tests/letstest/testdata/sample-config/accounts/acme-staging.api.letsencrypt.org/
/opt/letsencrypt/tests/letstest/testdata/sample-config/accounts/acme-staging.api.letsencrypt.org/directory/
/opt/letsencrypt/tests/letstest/testdata/sample-config/accounts/acme-staging.api.letsencrypt.org/directory/48d6b9e8d767eccf7e4d877d6ffa81e3/
/opt/letsencrypt/tests/letstest/testdata/sample-config/accounts/acme-staging.api.letsencrypt.org/directory/48d6b9e8d767eccf7e4d877d6ffa81e3/private_key.json
/opt/letsencrypt/tests/letstest/testdata/sample-config/accounts/acme-staging.api.letsencrypt.org/directory/48d6b9e8d767eccf7e4d877d6ffa81e3/regr.json
/opt/letsencrypt/tests/letstest/testdata/sample-config/accounts/acme-staging.api.letsencrypt.org/directory/48d6b9e8d767eccf7e4d877d6ffa81e3/meta.json
/opt/letsencrypt/tests/letstest/testdata/sample-config/live/
/opt/letsencrypt/tests/letstest/testdata/sample-config/live/b.encryption-example.com/
/opt/letsencrypt/tests/letstest/testdata/sample-config/live/b.encryption-example.com/fullchain.pem
/opt/letsencrypt/tests/letstest/testdata/sample-config/live/b.encryption-example.com/chain.pem
/opt/letsencrypt/tests/letstest/testdata/sample-config/live/b.encryption-example.com/README
/opt/letsencrypt/tests/letstest/testdata/sample-config/live/b.encryption-example.com/cert.pem
/opt/letsencrypt/tests/letstest/testdata/sample-config/live/b.encryption-example.com/privkey.pem
/opt/letsencrypt/tests/letstest/testdata/sample-config/live/a.encryption-example.com/
/opt/letsencrypt/tests/letstest/testdata/sample-config/live/a.encryption-example.com/fullchain.pem
/opt/letsencrypt/tests/letstest/testdata/sample-config/live/a.encryption-example.com/chain.pem
/opt/letsencrypt/tests/letstest/testdata/sample-config/live/a.encryption-example.com/README
/opt/letsencrypt/tests/letstest/testdata/sample-config/live/a.encryption-example.com/cert.pem
/opt/letsencrypt/tests/letstest/testdata/sample-config/live/a.encryption-example.com/privkey.pem
/opt/letsencrypt/tests/letstest/testdata/sample-config/archive/
/opt/letsencrypt/tests/letstest/testdata/sample-config/archive/b.encryption-example.com/
/opt/letsencrypt/tests/letstest/testdata/sample-config/archive/b.encryption-example.com/fullchain1.pem
/opt/letsencrypt/tests/letstest/testdata/sample-config/archive/b.encryption-example.com/privkey1.pem
/opt/letsencrypt/tests/letstest/testdata/sample-config/archive/b.encryption-example.com/cert1.pem
/opt/letsencrypt/tests/letstest/testdata/sample-config/archive/b.encryption-example.com/chain1.pem
/opt/letsencrypt/tests/letstest/testdata/sample-config/archive/a.encryption-example.com/
/opt/letsencrypt/tests/letstest/testdata/sample-config/archive/a.encryption-example.com/fullchain1.pem
/opt/letsencrypt/tests/letstest/testdata/sample-config/archive/a.encryption-example.com/privkey1.pem
/opt/letsencrypt/tests/letstest/testdata/sample-config/archive/a.encryption-example.com/cert1.pem
/opt/letsencrypt/tests/letstest/testdata/sample-config/archive/a.encryption-example.com/chain1.pem
/opt/letsencrypt/tests/letstest/testdata/sample-config/keys/
/opt/letsencrypt/tests/letstest/testdata/sample-config/keys/0000_key-certbot.pem
/opt/letsencrypt/tests/letstest/testdata/sample-config/keys/0003_key-certbot.pem
/opt/letsencrypt/tests/letstest/testdata/sample-config/keys/0002_key-certbot.pem
/opt/letsencrypt/tests/letstest/testdata/sample-config/keys/0001_key-certbot.pem
/opt/letsencrypt/tests/letstest/testdata/sample-config/renewal/
/opt/letsencrypt/tests/letstest/testdata/sample-config/renewal/a.encryption-example.com.conf
/opt/letsencrypt/tests/letstest/testdata/sample-config/renewal/b.encryption-example.com.conf
/opt/letsencrypt/tests/letstest/README.md
/opt/letsencrypt/tests/lock_test.py
/opt/letsencrypt/tests/manual-http-auth.sh
/opt/letsencrypt/tests/boulder-integration.sh
/opt/letsencrypt/certbot-dns-dnsimple/
/opt/letsencrypt/certbot-dns-dnsimple/setup.cfg
/opt/letsencrypt/certbot-dns-dnsimple/LICENSE.txt
/opt/letsencrypt/certbot-dns-dnsimple/MANIFEST.in
/opt/letsencrypt/certbot-dns-dnsimple/docs/
/opt/letsencrypt/certbot-dns-dnsimple/docs/Makefile
/opt/letsencrypt/certbot-dns-dnsimple/docs/index.rst
/opt/letsencrypt/certbot-dns-dnsimple/docs/.gitignore
/opt/letsencrypt/certbot-dns-dnsimple/docs/conf.py
/opt/letsencrypt/certbot-dns-dnsimple/docs/api/
/opt/letsencrypt/certbot-dns-dnsimple/docs/api/dns_dnsimple.rst
/opt/letsencrypt/certbot-dns-dnsimple/docs/make.bat
/opt/letsencrypt/certbot-dns-dnsimple/docs/api.rst
/opt/letsencrypt/certbot-dns-dnsimple/certbot_dns_dnsimple/
/opt/letsencrypt/certbot-dns-dnsimple/certbot_dns_dnsimple/dns_dnsimple_test.py
/opt/letsencrypt/certbot-dns-dnsimple/certbot_dns_dnsimple/dns_dnsimple.py
/opt/letsencrypt/certbot-dns-dnsimple/certbot_dns_dnsimple/__init__.py
/opt/letsencrypt/certbot-dns-dnsimple/README.rst
/opt/letsencrypt/certbot-dns-dnsimple/setup.py
/opt/letsencrypt/certbot-dns-cloudxns/
/opt/letsencrypt/certbot-dns-cloudxns/setup.cfg
/opt/letsencrypt/certbot-dns-cloudxns/LICENSE.txt
/opt/letsencrypt/certbot-dns-cloudxns/MANIFEST.in
/opt/letsencrypt/certbot-dns-cloudxns/docs/
/opt/letsencrypt/certbot-dns-cloudxns/docs/Makefile
/opt/letsencrypt/certbot-dns-cloudxns/docs/index.rst
/opt/letsencrypt/certbot-dns-cloudxns/docs/.gitignore
/opt/letsencrypt/certbot-dns-cloudxns/docs/conf.py
/opt/letsencrypt/certbot-dns-cloudxns/docs/api/
/opt/letsencrypt/certbot-dns-cloudxns/docs/api/dns_cloudxns.rst
/opt/letsencrypt/certbot-dns-cloudxns/docs/make.bat
/opt/letsencrypt/certbot-dns-cloudxns/docs/api.rst
/opt/letsencrypt/certbot-dns-cloudxns/certbot_dns_cloudxns/
/opt/letsencrypt/certbot-dns-cloudxns/certbot_dns_cloudxns/dns_cloudxns_test.py
/opt/letsencrypt/certbot-dns-cloudxns/certbot_dns_cloudxns/dns_cloudxns.py
/opt/letsencrypt/certbot-dns-cloudxns/certbot_dns_cloudxns/__init__.py
/opt/letsencrypt/certbot-dns-cloudxns/README.rst
/opt/letsencrypt/certbot-dns-cloudxns/setup.py
/opt/letsencrypt/.pylintrc
/opt/letsencrypt/tox.cover.sh
/opt/letsencrypt/README.rst
/opt/letsencrypt/certbot-dns-luadns/
/opt/letsencrypt/certbot-dns-luadns/setup.cfg
/opt/letsencrypt/certbot-dns-luadns/LICENSE.txt
/opt/letsencrypt/certbot-dns-luadns/MANIFEST.in
/opt/letsencrypt/certbot-dns-luadns/certbot_dns_luadns/
/opt/letsencrypt/certbot-dns-luadns/certbot_dns_luadns/dns_luadns_test.py
/opt/letsencrypt/certbot-dns-luadns/certbot_dns_luadns/dns_luadns.py
/opt/letsencrypt/certbot-dns-luadns/certbot_dns_luadns/__init__.py
/opt/letsencrypt/certbot-dns-luadns/docs/
/opt/letsencrypt/certbot-dns-luadns/docs/Makefile
/opt/letsencrypt/certbot-dns-luadns/docs/index.rst
/opt/letsencrypt/certbot-dns-luadns/docs/.gitignore
/opt/letsencrypt/certbot-dns-luadns/docs/conf.py
/opt/letsencrypt/certbot-dns-luadns/docs/api/
/opt/letsencrypt/certbot-dns-luadns/docs/api/dns_luadns.rst
/opt/letsencrypt/certbot-dns-luadns/docs/make.bat
/opt/letsencrypt/certbot-dns-luadns/docs/api.rst
/opt/letsencrypt/certbot-dns-luadns/README.rst
/opt/letsencrypt/certbot-dns-luadns/setup.py
/opt/letsencrypt/setup.py
/opt/letsencrypt/certbot-dns-dnsmadeeasy/
/opt/letsencrypt/certbot-dns-dnsmadeeasy/setup.cfg
/opt/letsencrypt/certbot-dns-dnsmadeeasy/LICENSE.txt
/opt/letsencrypt/certbot-dns-dnsmadeeasy/MANIFEST.in
/opt/letsencrypt/certbot-dns-dnsmadeeasy/docs/
/opt/letsencrypt/certbot-dns-dnsmadeeasy/docs/Makefile
/opt/letsencrypt/certbot-dns-dnsmadeeasy/docs/index.rst
/opt/letsencrypt/certbot-dns-dnsmadeeasy/docs/.gitignore
/opt/letsencrypt/certbot-dns-dnsmadeeasy/docs/conf.py
/opt/letsencrypt/certbot-dns-dnsmadeeasy/docs/api/
/opt/letsencrypt/certbot-dns-dnsmadeeasy/docs/api/dns_dnsmadeeasy.rst
/opt/letsencrypt/certbot-dns-dnsmadeeasy/docs/make.bat
/opt/letsencrypt/certbot-dns-dnsmadeeasy/docs/api.rst
/opt/letsencrypt/certbot-dns-dnsmadeeasy/certbot_dns_dnsmadeeasy/
/opt/letsencrypt/certbot-dns-dnsmadeeasy/certbot_dns_dnsmadeeasy/dns_dnsmadeeasy_test.py
/opt/letsencrypt/certbot-dns-dnsmadeeasy/certbot_dns_dnsmadeeasy/dns_dnsmadeeasy.py
/opt/letsencrypt/certbot-dns-dnsmadeeasy/certbot_dns_dnsmadeeasy/__init__.py
/opt/letsencrypt/certbot-dns-dnsmadeeasy/README.rst
/opt/letsencrypt/certbot-dns-dnsmadeeasy/setup.py
/opt/letsencrypt/acme/
/opt/letsencrypt/acme/setup.cfg
/opt/letsencrypt/acme/LICENSE.txt
/opt/letsencrypt/acme/MANIFEST.in
/opt/letsencrypt/acme/docs/
/opt/letsencrypt/acme/docs/jws-help.txt
/opt/letsencrypt/acme/docs/_templates/
/opt/letsencrypt/acme/docs/_templates/.gitignore
/opt/letsencrypt/acme/docs/Makefile
/opt/letsencrypt/acme/docs/index.rst
/opt/letsencrypt/acme/docs/.gitignore
/opt/letsencrypt/acme/docs/conf.py
/opt/letsencrypt/acme/docs/api/
/opt/letsencrypt/acme/docs/api/jose.rst
/opt/letsencrypt/acme/docs/api/client.rst
/opt/letsencrypt/acme/docs/api/messages.rst
/opt/letsencrypt/acme/docs/api/errors.rst
/opt/letsencrypt/acme/docs/api/fields.rst
/opt/letsencrypt/acme/docs/api/other.rst
/opt/letsencrypt/acme/docs/api/challenges.rst
/opt/letsencrypt/acme/docs/api/standalone.rst
/opt/letsencrypt/acme/docs/_static/
/opt/letsencrypt/acme/docs/_static/.gitignore
/opt/letsencrypt/acme/docs/make.bat
/opt/letsencrypt/acme/docs/api.rst
/opt/letsencrypt/acme/docs/man/
/opt/letsencrypt/acme/docs/man/jws.rst
/opt/letsencrypt/acme/readthedocs.org.requirements.txt
/opt/letsencrypt/acme/examples/
/opt/letsencrypt/acme/examples/standalone/
/opt/letsencrypt/acme/examples/standalone/localhost/
/opt/letsencrypt/acme/examples/standalone/localhost/key.pem
/opt/letsencrypt/acme/examples/standalone/localhost/cert.pem
/opt/letsencrypt/acme/examples/standalone/README
/opt/letsencrypt/acme/examples/example_client.py
/opt/letsencrypt/acme/README.rst
/opt/letsencrypt/acme/setup.py
/opt/letsencrypt/acme/acme/
/opt/letsencrypt/acme/acme/crypto_util.py
/opt/letsencrypt/acme/acme/client.py
/opt/letsencrypt/acme/acme/challenges_test.py
/opt/letsencrypt/acme/acme/util.py
/opt/letsencrypt/acme/acme/errors_test.py
/opt/letsencrypt/acme/acme/standalone.py
/opt/letsencrypt/acme/acme/messages_test.py
/opt/letsencrypt/acme/acme/standalone_test.py
/opt/letsencrypt/acme/acme/util_test.py
/opt/letsencrypt/acme/acme/jws.py
/opt/letsencrypt/acme/acme/test_util.py
/opt/letsencrypt/acme/acme/errors.py
/opt/letsencrypt/acme/acme/crypto_util_test.py
/opt/letsencrypt/acme/acme/fields_test.py
/opt/letsencrypt/acme/acme/messages.py
/opt/letsencrypt/acme/acme/client_test.py
/opt/letsencrypt/acme/acme/testdata/
/opt/letsencrypt/acme/acme/testdata/cert-idnsans.pem
/opt/letsencrypt/acme/acme/testdata/rsa512_key.pem
/opt/letsencrypt/acme/acme/testdata/csr-idnsans.pem
/opt/letsencrypt/acme/acme/testdata/csr-6sans.pem
/opt/letsencrypt/acme/acme/testdata/csr-nosans.pem
/opt/letsencrypt/acme/acme/testdata/cert.der
/opt/letsencrypt/acme/acme/testdata/rsa1024_key.pem
/opt/letsencrypt/acme/acme/testdata/dsa512_key.pem
/opt/letsencrypt/acme/acme/testdata/rsa2048_cert.pem
/opt/letsencrypt/acme/acme/testdata/csr-san.pem
/opt/letsencrypt/acme/acme/testdata/rsa256_key.pem
/opt/letsencrypt/acme/acme/testdata/csr.der
/opt/letsencrypt/acme/acme/testdata/critical-san.pem
/opt/letsencrypt/acme/acme/testdata/README
/opt/letsencrypt/acme/acme/testdata/csr-100sans.pem
/opt/letsencrypt/acme/acme/testdata/csr.pem
/opt/letsencrypt/acme/acme/testdata/cert-100sans.pem
/opt/letsencrypt/acme/acme/testdata/cert.pem
/opt/letsencrypt/acme/acme/testdata/rsa2048_key.pem
/opt/letsencrypt/acme/acme/testdata/cert-san.pem
/opt/letsencrypt/acme/acme/fields.py
/opt/letsencrypt/acme/acme/challenges.py
/opt/letsencrypt/acme/acme/__init__.py
/opt/letsencrypt/acme/acme/jws_test.py
/opt/letsencrypt/CHANGES.rst
/opt/letsencrypt/tox.ini
vishus@localhost:~/backups/letsenc$ ls
etc-letsencrypt.tar.bz2
vishus@localhost:~/backups/letsenc$ mv etc-letsencrypt.tar.bz2 opt-letsencrypt.tar.bz2
vishus@localhost:~/backups/letsenc$ sudo tar -cvjSf etc-letsencrypt.tar.bz2 /etc/letsencrypt
tar: Removing leading `/' from member names
/etc/letsencrypt/
/etc/letsencrypt/accounts/
/etc/letsencrypt/accounts/acme-v01.api.letsencrypt.org/
/etc/letsencrypt/accounts/acme-v01.api.letsencrypt.org/directory/
/etc/letsencrypt/accounts/acme-v01.api.letsencrypt.org/directory/3f6dfadb9ff20393d60d9fab8d582a81/
/etc/letsencrypt/accounts/acme-v01.api.letsencrypt.org/directory/3f6dfadb9ff20393d60d9fab8d582a81/private_key.json
/etc/letsencrypt/accounts/acme-v01.api.letsencrypt.org/directory/3f6dfadb9ff20393d60d9fab8d582a81/regr.json
/etc/letsencrypt/accounts/acme-v01.api.letsencrypt.org/directory/3f6dfadb9ff20393d60d9fab8d582a81/meta.json
/etc/letsencrypt/renewal-hooks/
/etc/letsencrypt/renewal-hooks/pre/
/etc/letsencrypt/renewal-hooks/post/
/etc/letsencrypt/renewal-hooks/deploy/
/etc/letsencrypt/renewal/
vishus@localhost:~/backups/letsenc$ sudo apt-get update
o apt-get install software-properties-common
0% [Working]certbot/certbot:
Hit:1 http://mirrors.linode.com/ubuntu artful InRelease
Hit:2 http://mirrors.linode.com/ubuntu artful-updates InRelease                                                t upd
Hit:3 http://mirrors.linode.com/ubuntu artful-backports InRelease
0% [1 InRelease gpgv 237 kB] [Connecting to security.ubuntu.com (2001:67c:1360:8001::17)]ate
Hit:4 http://apt.postgresql.org/pub/repos/apt zesty-pgdg InRelease
Hit:5 http://security.ubuntu.com/ubuntu artful-security InRelease
Reading package lists... Done
vishus@localhost:~/backups/letsenc$ sudo apt-get install software-properties-common
Reading package lists... Done
Building dependency tree
Reading state information... Done
The following additional packages will be installed:
  python3-software-properties unattended-upgrades
Suggested packages:
  bsd-mailx mail-transport-agent needrestart
The following NEW packages will be installed:
  python3-software-properties software-properties-common unattended-upgrades
0 upgraded, 3 newly installed, 0 to remove and 3 not upgraded.
Need to get 67.3 kB of archives.
After this operation, 666 kB of additional disk space will be used.
Do you want to continue? [Y/n] Abort.
vishus@localhost:~/backups/letsenc$ y
y: command not found
vishus@localhost:~/backups/letsenc$ sudo apt-get install python-certbox-nginx
Reading package lists... Done
Building dependency tree
Reading state information... Done
E: Unable to locate package python-certbox-nginx
vishus@localhost:~/backups/letsenc$ sudo apt-get update
Hit:1 http://mirrors.linode.com/ubuntu artful InRelease
Hit:2 http://mirrors.linode.com/ubuntu artful-updates InRelease
Hit:3 http://mirrors.linode.com/ubuntu artful-backports InRelease
Hit:4 http://apt.postgresql.org/pub/repos/apt zesty-pgdg InRelease
Hit:5 http://security.ubuntu.com/ubuntu artful-security InRelease
Reading package lists... Done
vishus@localhost:~/backups/letsenc$ sudo apt-get install python-certbot-nginx
Reading package lists... Done
Building dependency tree
Reading state information... Done
The following additional packages will be installed:
  certbot javascript-common libjs-jquery libjs-sphinxdoc libjs-underscore python-acme python-asn1crypto python-certbot python-certifi
  python-cffi-backend python-chardet python-configargparse python-configobj python-configparser python-cryptography python-enum34
  python-funcsigs python-future python-idna python-ipaddress python-mock python-openssl python-parsedatetime python-pbr python-pyicu
  python-pyparsing python-requests python-rfc3339 python-setuptools python-six python-tz python-urllib3 python-zope.component
  python-zope.event python-zope.hookable python-zope.interface
Suggested packages:
  python-certbot-apache python-certbot-doc python-acme-doc python-certbot-nginx-doc python-configobj-doc python-cryptography-doc
  python-cryptography-vectors python-enum34-doc python-funcsigs-doc python-future-doc python-mock-doc python-openssl-doc python-openssl-dbg
  python-pyparsing-doc python-socks python-setuptools-doc python-ntlm
The following NEW packages will be installed:
  certbot javascript-common libjs-jquery libjs-sphinxdoc libjs-underscore python-acme python-asn1crypto python-certbot python-certbot-nginx
  python-certifi python-cffi-backend python-chardet python-configargparse python-configobj python-configparser python-cryptography
  python-enum34 python-funcsigs python-future python-idna python-ipaddress python-mock python-openssl python-parsedatetime python-pbr
  python-pyicu python-pyparsing python-requests python-rfc3339 python-setuptools python-six python-tz python-urllib3 python-zope.component
  python-zope.event python-zope.hookable python-zope.interface
0 upgraded, 37 newly installed, 0 to remove and 3 not upgraded.
Need to get 2,723 kB of archives.
After this operation, 14.0 MB of additional disk space will be used.
Do you want to continue? [Y/n] y
Get:1 http://mirrors.linode.com/ubuntu artful/main amd64 javascript-common all 11 [6,066 B]
Get:2 http://mirrors.linode.com/ubuntu artful/main amd64 libjs-jquery all 3.1.1-2 [151 kB]
Get:3 http://mirrors.linode.com/ubuntu artful/main amd64 libjs-underscore all 1.8.3~dfsg-1 [59.9 kB]
Get:4 http://mirrors.linode.com/ubuntu artful/main amd64 libjs-sphinxdoc all 1.5.6-2 [78.2 kB]
Get:5 http://mirrors.linode.com/ubuntu artful/main amd64 python-asn1crypto all 0.22.0-1 [69.9 kB]
Get:6 http://mirrors.linode.com/ubuntu artful/main amd64 python-cffi-backend amd64 1.9.1-2build2 [59.7 kB]
Get:7 http://mirrors.linode.com/ubuntu artful/main amd64 python-enum34 all 1.1.6-1 [34.6 kB]
Get:8 http://mirrors.linode.com/ubuntu artful/main amd64 python-idna all 2.5-1 [31.5 kB]
Get:9 http://mirrors.linode.com/ubuntu artful/main amd64 python-ipaddress all 1.0.17-1 [18.2 kB]
Get:10 http://mirrors.linode.com/ubuntu artful/main amd64 python-six all 1.10.0-4 [10.8 kB]
Get:11 http://mirrors.linode.com/ubuntu artful/main amd64 python-cryptography amd64 1.9-1 [215 kB]
Get:12 http://mirrors.linode.com/ubuntu artful/main amd64 python-openssl all 16.2.0-1 [37.6 kB]
Get:13 http://mirrors.linode.com/ubuntu artful/main amd64 python-funcsigs all 1.0.2-3 [13.1 kB]
Get:14 http://mirrors.linode.com/ubuntu artful/main amd64 python-pbr all 2.0.0-0ubuntu1 [58.9 kB]
Get:15 http://mirrors.linode.com/ubuntu artful/main amd64 python-mock all 2.0.0-3 [47.4 kB]
Get:16 http://mirrors.linode.com/ubuntu artful/main amd64 python-certifi all 2017.4.17-2 [177 kB]
Get:17 http://mirrors.linode.com/ubuntu artful/main amd64 python-chardet all 3.0.4-1 [80.3 kB]
Get:18 http://mirrors.linode.com/ubuntu artful/main amd64 python-urllib3 all 1.21.1-1 [84.6 kB]
Get:19 http://mirrors.linode.com/ubuntu artful/main amd64 python-requests all 2.18.1-1 [57.9 kB]
Get:20 http://mirrors.linode.com/ubuntu artful/main amd64 python-tz all 2017.2-2 [31.7 kB]
Get:21 http://mirrors.linode.com/ubuntu artful/universe amd64 python-rfc3339 all 1.0-4 [6,290 B]
Get:22 http://mirrors.linode.com/ubuntu artful/main amd64 python-setuptools all 36.2.7-2 [260 kB]
Get:23 http://mirrors.linode.com/ubuntu artful/universe amd64 python-acme all 0.17.0-1 [58.6 kB]
Get:24 http://mirrors.linode.com/ubuntu artful/universe amd64 python-configargparse all 0.11.0-1 [22.3 kB]
Get:25 http://mirrors.linode.com/ubuntu artful/main amd64 python-configobj all 5.0.6-2 [34.2 kB]
Get:26 http://mirrors.linode.com/ubuntu artful/main amd64 python-configparser all 3.5.0-1 [59.6 kB]
Get:27 http://mirrors.linode.com/ubuntu artful/main amd64 python-future all 0.15.2-4ubuntu1 [335 kB]
Get:28 http://mirrors.linode.com/ubuntu artful/main amd64 python-parsedatetime all 2.4-2 [32.3 kB]
Get:29 http://mirrors.linode.com/ubuntu artful/main amd64 python-pyicu amd64 1.9.5-1build2 [183 kB]
Get:30 http://mirrors.linode.com/ubuntu artful/main amd64 python-pyparsing all 2.1.10+dfsg1-1 [51.7 kB]
Get:31 http://mirrors.linode.com/ubuntu artful/universe amd64 python-zope.hookable amd64 4.0.4-4build4 [9,324 B]
Get:32 http://mirrors.linode.com/ubuntu artful/main amd64 python-zope.interface amd64 4.3.2-1build2 [82.2 kB]
Get:33 http://mirrors.linode.com/ubuntu artful/universe amd64 python-zope.event all 4.2.0-1 [7,412 B]
Get:34 http://mirrors.linode.com/ubuntu artful/universe amd64 python-zope.component all 4.3.0-1 [38.4 kB]
Get:35 http://mirrors.linode.com/ubuntu artful/universe amd64 python-certbot all 0.17.0-2 [177 kB]
Get:36 http://mirrors.linode.com/ubuntu artful/universe amd64 certbot all 0.17.0-2 [16.7 kB]
Get:37 http://mirrors.linode.com/ubuntu artful/universe amd64 python-certbot-nginx all 0.17.0-1 [23.8 kB]
Fetched 2,723 kB in 0s (36.7 MB/s)
Extracting templates from packages: 100%
Selecting previously unselected package javascript-common.
(Reading database ... 106583 files and directories currently installed.)
Preparing to unpack .../00-javascript-common_11_all.deb ...
Unpacking javascript-common (11) ...
Selecting previously unselected package libjs-jquery.
Preparing to unpack .../01-libjs-jquery_3.1.1-2_all.deb ...
Unpacking libjs-jquery (3.1.1-2) ...
Selecting previously unselected package libjs-underscore.
Preparing to unpack .../02-libjs-underscore_1.8.3~dfsg-1_all.deb ...
Unpacking libjs-underscore (1.8.3~dfsg-1) ...
Selecting previously unselected package libjs-sphinxdoc.
Preparing to unpack .../03-libjs-sphinxdoc_1.5.6-2_all.deb ...
Unpacking libjs-sphinxdoc (1.5.6-2) ...
Selecting previously unselected package python-asn1crypto.
Preparing to unpack .../04-python-asn1crypto_0.22.0-1_all.deb ...
Unpacking python-asn1crypto (0.22.0-1) ...
Selecting previously unselected package python-cffi-backend.
Preparing to unpack .../05-python-cffi-backend_1.9.1-2build2_amd64.deb ...
Unpacking python-cffi-backend (1.9.1-2build2) ...
Selecting previously unselected package python-enum34.
Preparing to unpack .../06-python-enum34_1.1.6-1_all.deb ...
Unpacking python-enum34 (1.1.6-1) ...
Selecting previously unselected package python-idna.
Preparing to unpack .../07-python-idna_2.5-1_all.deb ...
Unpacking python-idna (2.5-1) ...
Selecting previously unselected package python-ipaddress.
Preparing to unpack .../08-python-ipaddress_1.0.17-1_all.deb ...
Unpacking python-ipaddress (1.0.17-1) ...
Selecting previously unselected package python-six.
Preparing to unpack .../09-python-six_1.10.0-4_all.deb ...
Unpacking python-six (1.10.0-4) ...
Selecting previously unselected package python-cryptography.
Preparing to unpack .../10-python-cryptography_1.9-1_amd64.deb ...
Unpacking python-cryptography (1.9-1) ...
Selecting previously unselected package python-openssl.
Preparing to unpack .../11-python-openssl_16.2.0-1_all.deb ...
Unpacking python-openssl (16.2.0-1) ...
Selecting previously unselected package python-funcsigs.
Preparing to unpack .../12-python-funcsigs_1.0.2-3_all.deb ...
Unpacking python-funcsigs (1.0.2-3) ...
Selecting previously unselected package python-pbr.
Preparing to unpack .../13-python-pbr_2.0.0-0ubuntu1_all.deb ...
Unpacking python-pbr (2.0.0-0ubuntu1) ...
Selecting previously unselected package python-mock.
Preparing to unpack .../14-python-mock_2.0.0-3_all.deb ...
Unpacking python-mock (2.0.0-3) ...
Selecting previously unselected package python-certifi.
Preparing to unpack .../15-python-certifi_2017.4.17-2_all.deb ...
Unpacking python-certifi (2017.4.17-2) ...
Selecting previously unselected package python-chardet.
Preparing to unpack .../16-python-chardet_3.0.4-1_all.deb ...
Unpacking python-chardet (3.0.4-1) ...
Selecting previously unselected package python-urllib3.
Preparing to unpack .../17-python-urllib3_1.21.1-1_all.deb ...
Unpacking python-urllib3 (1.21.1-1) ...
Selecting previously unselected package python-requests.
Preparing to unpack .../18-python-requests_2.18.1-1_all.deb ...
Unpacking python-requests (2.18.1-1) ...
Selecting previously unselected package python-tz.
Preparing to unpack .../19-python-tz_2017.2-2_all.deb ...
Unpacking python-tz (2017.2-2) ...
Selecting previously unselected package python-rfc3339.
Preparing to unpack .../20-python-rfc3339_1.0-4_all.deb ...
Unpacking python-rfc3339 (1.0-4) ...
Selecting previously unselected package python-setuptools.
Preparing to unpack .../21-python-setuptools_36.2.7-2_all.deb ...
Unpacking python-setuptools (36.2.7-2) ...
Selecting previously unselected package python-acme.
Preparing to unpack .../22-python-acme_0.17.0-1_all.deb ...
Unpacking python-acme (0.17.0-1) ...
Selecting previously unselected package python-configargparse.
Preparing to unpack .../23-python-configargparse_0.11.0-1_all.deb ...
Unpacking python-configargparse (0.11.0-1) ...
Selecting previously unselected package python-configobj.
Preparing to unpack .../24-python-configobj_5.0.6-2_all.deb ...
Unpacking python-configobj (5.0.6-2) ...
Selecting previously unselected package python-configparser.
Preparing to unpack .../25-python-configparser_3.5.0-1_all.deb ...
Unpacking python-configparser (3.5.0-1) ...
Selecting previously unselected package python-future.
Preparing to unpack .../26-python-future_0.15.2-4ubuntu1_all.deb ...
Unpacking python-future (0.15.2-4ubuntu1) ...
Selecting previously unselected package python-parsedatetime.
Preparing to unpack .../27-python-parsedatetime_2.4-2_all.deb ...
Unpacking python-parsedatetime (2.4-2) ...
Selecting previously unselected package python-pyicu.
Preparing to unpack .../28-python-pyicu_1.9.5-1build2_amd64.deb ...
Unpacking python-pyicu (1.9.5-1build2) ...
Selecting previously unselected package python-pyparsing.
Preparing to unpack .../29-python-pyparsing_2.1.10+dfsg1-1_all.deb ...
Unpacking python-pyparsing (2.1.10+dfsg1-1) ...
Selecting previously unselected package python-zope.hookable.
Preparing to unpack .../30-python-zope.hookable_4.0.4-4build4_amd64.deb ...
Unpacking python-zope.hookable (4.0.4-4build4) ...
Selecting previously unselected package python-zope.interface.
Preparing to unpack .../31-python-zope.interface_4.3.2-1build2_amd64.deb ...
Unpacking python-zope.interface (4.3.2-1build2) ...
Selecting previously unselected package python-zope.event.
Preparing to unpack .../32-python-zope.event_4.2.0-1_all.deb ...
Unpacking python-zope.event (4.2.0-1) ...
Selecting previously unselected package python-zope.component.
Preparing to unpack .../33-python-zope.component_4.3.0-1_all.deb ...
Unpacking python-zope.component (4.3.0-1) ...
Selecting previously unselected package python-certbot.
Preparing to unpack .../34-python-certbot_0.17.0-2_all.deb ...
Unpacking python-certbot (0.17.0-2) ...
Selecting previously unselected package certbot.
Preparing to unpack .../35-certbot_0.17.0-2_all.deb ...
Unpacking certbot (0.17.0-2) ...
Selecting previously unselected package python-certbot-nginx.
Preparing to unpack .../36-python-certbot-nginx_0.17.0-1_all.deb ...
Unpacking python-certbot-nginx (0.17.0-1) ...
Setting up python-idna (2.5-1) ...
Setting up libjs-jquery (3.1.1-2) ...
Setting up python-setuptools (36.2.7-2) ...
Setting up python-asn1crypto (0.22.0-1) ...
Setting up python-chardet (3.0.4-1) ...
Setting up libjs-underscore (1.8.3~dfsg-1) ...
Setting up python-certifi (2017.4.17-2) ...
Setting up python-tz (2017.2-2) ...
Setting up libjs-sphinxdoc (1.5.6-2) ...
Setting up python-configargparse (0.11.0-1) ...
Setting up python-configparser (3.5.0-1) ...
Setting up python-cffi-backend (1.9.1-2build2) ...
Setting up python-six (1.10.0-4) ...
Setting up python-zope.interface (4.3.2-1build2) ...
Setting up python-pbr (2.0.0-0ubuntu1) ...
update-alternatives: using /usr/bin/python2-pbr to provide /usr/bin/pbr (pbr) in auto mode
Setting up python-enum34 (1.1.6-1) ...
Setting up python-funcsigs (1.0.2-3) ...
Setting up python-zope.hookable (4.0.4-4build4) ...
Processing triggers for man-db (2.7.6.1-2) ...
Setting up javascript-common (11) ...
Setting up python-ipaddress (1.0.17-1) ...
Setting up python-future (0.15.2-4ubuntu1) ...
update-alternatives: using /usr/bin/python2-futurize to provide /usr/bin/futurize (futurize) in auto mode
update-alternatives: using /usr/bin/python2-pasteurize to provide /usr/bin/pasteurize (pasteurize) in auto mode
Setting up python-pyicu (1.9.5-1build2) ...
Setting up python-zope.event (4.2.0-1) ...
Setting up python-pyparsing (2.1.10+dfsg1-1) ...
Setting up python-rfc3339 (1.0-4) ...
Setting up python-urllib3 (1.21.1-1) ...
Setting up python-configobj (5.0.6-2) ...
Setting up python-parsedatetime (2.4-2) ...
Setting up python-zope.component (4.3.0-1) ...
Setting up python-mock (2.0.0-3) ...
Setting up python-cryptography (1.9-1) ...
Setting up python-requests (2.18.1-1) ...
Setting up python-openssl (16.2.0-1) ...
Setting up python-acme (0.17.0-1) ...
Setting up python-certbot (0.17.0-2) ...
Setting up certbot (0.17.0-2) ...
Created symlink /etc/systemd/system/timers.target.wants/certbot.timer → /lib/systemd/system/certbot.timer.
Setting up python-certbot-nginx (0.17.0-1) ...
vishus@localhost:~/backups/letsenc$ sudo certbot --nginx
Saving debug log to /var/log/letsencrypt/letsencrypt.log
No names were found in your configuration files. Please enter in your domain
name(s) (comma and/or space separated)  (Enter 'c' to cancel): vishus.net
Obtaining a new certificate
Performing the following challenges:
Client with the currently selected authenticator does not support any combination of challenges that will satisfy the CA.
Client with the currently selected authenticator does not support any combination of challenges that will satisfy the CA.
vishus@localhost:~/backups/letsenc$ sudo apt-get install software-properties-common
Reading package lists... Done
Building dependency tree
Reading state information... Done
The following additional packages will be installed:
  python3-software-properties unattended-upgrades
Suggested packages:
  bsd-mailx mail-transport-agent needrestart
The following NEW packages will be installed:
  python3-software-properties software-properties-common unattended-upgrades
0 upgraded, 3 newly installed, 0 to remove and 3 not upgraded.
Need to get 67.3 kB of archives.
After this operation, 666 kB of additional disk space will be used.
Do you want to continue? [Y/n] y
Get:1 http://mirrors.linode.com/ubuntu artful/main amd64 python3-software-properties all 0.96.24.17 [20.3 kB]
Get:2 http://mirrors.linode.com/ubuntu artful/main amd64 software-properties-common all 0.96.24.17 [9,514 B]
Get:3 http://mirrors.linode.com/ubuntu artful-updates/main amd64 unattended-upgrades all 0.98ubuntu1.1 [37.4 kB]
Fetched 67.3 kB in 0s (5,576 kB/s)
Preconfiguring packages ...
Selecting previously unselected package python3-software-properties.
(Reading database ... 107981 files and directories currently installed.)
Preparing to unpack .../python3-software-properties_0.96.24.17_all.deb ...
Unpacking python3-software-properties (0.96.24.17) ...
Selecting previously unselected package software-properties-common.
Preparing to unpack .../software-properties-common_0.96.24.17_all.deb ...
Unpacking software-properties-common (0.96.24.17) ...
Selecting previously unselected package unattended-upgrades.
Preparing to unpack .../unattended-upgrades_0.98ubuntu1.1_all.deb ...
Unpacking unattended-upgrades (0.98ubuntu1.1) ...
Processing triggers for ureadahead (0.100.0-20) ...
Processing triggers for systemd (234-2ubuntu12.1) ...
Setting up unattended-upgrades (0.98ubuntu1.1) ...

Creating config file /etc/apt/apt.conf.d/50unattended-upgrades with new version
Created symlink /etc/systemd/system/multi-user.target.wants/unattended-upgrades.service → /lib/systemd/system/unattended-upgrades.service.
Synchronizing state of unattended-upgrades.service with SysV service script with /lib/systemd/systemd-sysv-install.
Executing: /lib/systemd/systemd-sysv-install enable unattended-upgrades
Processing triggers for man-db (2.7.6.1-2) ...
Setting up python3-software-properties (0.96.24.17) ...
Processing triggers for dbus (1.10.22-1ubuntu1) ...
Setting up software-properties-common (0.96.24.17) ...
Processing triggers for systemd (234-2ubuntu12.1) ...
Processing triggers for ureadahead (0.100.0-20) ...
Processing triggers for dbus (1.10.22-1ubuntu1) ...
vishus@localhost:~/backups/letsenc$ sudo add-apt-repository ppa:certbot/certbot
 This is the PPA for packages prepared by Debian Let's Encrypt Team and backported for Ubuntu(s).
 More info: https://launchpad.net/~certbot/+archive/ubuntu/certbot
Press [ENTER] to continue or Ctrl-c to cancel adding it.

gpg: keybox '/tmp/tmpp9_gwyjp/pubring.gpg' created
gpg: /tmp/tmpp9_gwyjp/trustdb.gpg: trustdb created
gpg: key 8C47BE8E75BCA694: public key "Launchpad PPA for certbot" imported
gpg: Total number processed: 1
gpg:               imported: 1
OK
vishus@localhost:~/backups/letsenc$ sudo apt-get update
Hit:1 http://mirrors.linode.com/ubuntu artful InRelease
Hit:2 http://mirrors.linode.com/ubuntu artful-updates InRelease
Hit:3 http://mirrors.linode.com/ubuntu artful-backports InRelease
Hit:4 http://security.ubuntu.com/ubuntu artful-security InRelease
Hit:5 http://apt.postgresql.org/pub/repos/apt zesty-pgdg InRelease
Get:6 http://ppa.launchpad.net/certbot/certbot/ubuntu artful InRelease [21.3 kB]
Get:7 http://ppa.launchpad.net/certbot/certbot/ubuntu artful/main amd64 Packages [7,272 B]
Get:8 http://ppa.launchpad.net/certbot/certbot/ubuntu artful/main i386 Packages [7,272 B]
Get:9 http://ppa.launchpad.net/certbot/certbot/ubuntu artful/main Translation-en [4,648 B]
Fetched 40.4 kB in 1s (27.7 kB/s)
Reading package lists... Done
vishus@localhost:~/backups/letsenc$ sudo certbot --nginx
Saving debug log to /var/log/letsencrypt/letsencrypt.log
No names were found in your configuration files. Please enter in your domain
name(s) (comma and/or space separated)  (Enter 'c' to cancel): vishus.net
Obtaining a new certificate
Performing the following challenges:
Client with the currently selected authenticator does not support any combination of challenges that will satisfy the CA.
Client with the currently selected authenticator does not support any combination of challenges that will satisfy the CA.
vishus@localhost:~/backups/letsenc$ apt-get --help
apt 1.5.1 (amd64)
Usage: apt-get [options] command
       apt-get [options] install|remove pkg1 [pkg2 ...]
       apt-get [options] source pkg1 [pkg2 ...]

apt-get is a command line interface for retrieval of packages
and information about them from authenticated sources and
for installation, upgrade and removal of packages together
with their dependencies.

Most used commands:
  update - Retrieve new lists of packages
  upgrade - Perform an upgrade
  install - Install new packages (pkg is libc6 not libc6.deb)
  remove - Remove packages
  purge - Remove packages and config files
  autoremove - Remove automatically all unused packages
  dist-upgrade - Distribution upgrade, see apt-get(8)
  dselect-upgrade - Follow dselect selections
  build-dep - Configure build-dependencies for source packages
  clean - Erase downloaded archive files
  autoclean - Erase old downloaded archive files
  check - Verify that there are no broken dependencies
  source - Download source archives
  download - Download the binary package into the current directory
  changelog - Download and display the changelog for the given package

See apt-get(8) for more information about the available commands.
Configuration options and syntax is detailed in apt.conf(5).
Information about how to configure sources can be found in sources.list(5).
Package and version choices can be expressed via apt_preferences(5).
Security details are available in apt-secure(8).
                                        This APT has Super Cow Powers.
vishus@localhost:~/backups/letsenc$ sudo apt-get remove python-certbot-nginx
Reading package lists... Done
Building dependency tree
Reading state information... Done
The following packages were automatically installed and are no longer required:
  certbot javascript-common libjs-jquery libjs-sphinxdoc libjs-underscore python-acme python-asn1crypto python-certbot python-certifi
  python-cffi-backend python-chardet python-configargparse python-configobj python-configparser python-cryptography python-enum34
  python-funcsigs python-future python-idna python-ipaddress python-mock python-openssl python-parsedatetime python-pbr python-pyicu
  python-pyparsing python-requests python-rfc3339 python-six python-tz python-urllib3 python-zope.component python-zope.event
  python-zope.hookable python-zope.interface
Use 'sudo apt autoremove' to remove them.
The following packages will be REMOVED:
  python-certbot-nginx
0 upgraded, 0 newly installed, 1 to remove and 22 not upgraded.
After this operation, 109 kB disk space will be freed.
Do you want to continue? [Y/n] y
(Reading database ... 108034 files and directories currently installed.)
Removing python-certbot-nginx (0.17.0-1) ...
vishus@localhost:~/backups/letsenc$ cd ~/
vishus@localhost:~$ sudo apt-get install python-certbot-nginx
Reading package lists... Done
Building dependency tree
Reading state information... Done
The following additional packages will be installed:
  certbot dialog python-acme python-certbot python-dialog python-dnspython python-ndg-httpsclient python-psutil python-pyasn1
Suggested packages:
  python-certbot-apache python-certbot-doc python-acme-doc python-certbot-nginx-doc python-psutil-doc doc-base
The following NEW packages will be installed:
  dialog python-certbot-nginx python-dialog python-dnspython python-ndg-httpsclient python-psutil python-pyasn1
The following packages will be upgraded:
  certbot python-acme python-certbot
3 upgraded, 7 newly installed, 0 to remove and 19 not upgraded.
Need to get 833 kB of archives.
After this operation, 3,377 kB of additional disk space will be used.
Do you want to continue? [Y/n] y
Get:1 http://mirrors.linode.com/ubuntu artful/main amd64 python-dnspython all 1.15.0-1 [84.9 kB]
Get:2 http://mirrors.linode.com/ubuntu artful/universe amd64 dialog amd64 1.3-20160828-2 [216 kB]
Get:3 http://mirrors.linode.com/ubuntu artful/universe amd64 python-dialog amd64 3.3.0-2 [65.4 kB]
Get:4 http://mirrors.linode.com/ubuntu artful/main amd64 python-pyasn1 all 0.1.9-2 [45.4 kB]
Get:5 http://mirrors.linode.com/ubuntu artful/universe amd64 python-ndg-httpsclient all 0.4.3-1 [25.6 kB]
Get:6 http://mirrors.linode.com/ubuntu artful/main amd64 python-psutil amd64 5.0.1-1build2 [108 kB]
Get:7 http://ppa.launchpad.net/certbot/certbot/ubuntu artful/main amd64 certbot all 0.19.0-1+ubuntu17.10.1+certbot+1 [19.6 kB]
Get:8 http://ppa.launchpad.net/certbot/certbot/ubuntu artful/main amd64 python-certbot all 0.19.0-1+ubuntu17.10.1+certbot+1 [185 kB]
Get:9 http://ppa.launchpad.net/certbot/certbot/ubuntu artful/main amd64 python-acme all 0.19.0-1+ubuntu17.10.1+certbot+1 [59.4 kB]
Get:10 http://ppa.launchpad.net/certbot/certbot/ubuntu artful/main amd64 python-certbot-nginx all 0.19.0-1+ubuntu17.10.1+certbot+1 [23.8 kB]
Fetched 833 kB in 2s (382 kB/s)
Selecting previously unselected package python-dnspython.
(Reading database ... 108016 files and directories currently installed.)
Preparing to unpack .../0-python-dnspython_1.15.0-1_all.deb ...
Unpacking python-dnspython (1.15.0-1) ...
Preparing to unpack .../1-certbot_0.19.0-1+ubuntu17.10.1+certbot+1_all.deb ...
Unpacking certbot (0.19.0-1+ubuntu17.10.1+certbot+1) over (0.17.0-2) ...
Preparing to unpack .../2-python-certbot_0.19.0-1+ubuntu17.10.1+certbot+1_all.deb ...
Unpacking python-certbot (0.19.0-1+ubuntu17.10.1+certbot+1) over (0.17.0-2) ...
Preparing to unpack .../3-python-acme_0.19.0-1+ubuntu17.10.1+certbot+1_all.deb ...
Unpacking python-acme (0.19.0-1+ubuntu17.10.1+certbot+1) over (0.17.0-1) ...
Selecting previously unselected package dialog.
Preparing to unpack .../4-dialog_1.3-20160828-2_amd64.deb ...
Unpacking dialog (1.3-20160828-2) ...
Selecting previously unselected package python-dialog.
Preparing to unpack .../5-python-dialog_3.3.0-2_amd64.deb ...
Unpacking python-dialog (3.3.0-2) ...
Selecting previously unselected package python-pyasn1.
Preparing to unpack .../6-python-pyasn1_0.1.9-2_all.deb ...
Unpacking python-pyasn1 (0.1.9-2) ...
Selecting previously unselected package python-ndg-httpsclient.
Preparing to unpack .../7-python-ndg-httpsclient_0.4.3-1_all.deb ...
Unpacking python-ndg-httpsclient (0.4.3-1) ...
Selecting previously unselected package python-certbot-nginx.
Preparing to unpack .../8-python-certbot-nginx_0.19.0-1+ubuntu17.10.1+certbot+1_all.deb ...
Unpacking python-certbot-nginx (0.19.0-1+ubuntu17.10.1+certbot+1) ...
Selecting previously unselected package python-psutil.
Preparing to unpack .../9-python-psutil_5.0.1-1build2_amd64.deb ...
Unpacking python-psutil (5.0.1-1build2) ...
Setting up python-dnspython (1.15.0-1) ...
Setting up python-acme (0.19.0-1+ubuntu17.10.1+certbot+1) ...
Setting up dialog (1.3-20160828-2) ...
Setting up python-dialog (3.3.0-2) ...
Setting up python-pyasn1 (0.1.9-2) ...
Setting up python-psutil (5.0.1-1build2) ...
Processing triggers for man-db (2.7.6.1-2) ...
Setting up python-ndg-httpsclient (0.4.3-1) ...
Setting up python-certbot (0.19.0-1+ubuntu17.10.1+certbot+1) ...
Setting up certbot (0.19.0-1+ubuntu17.10.1+certbot+1) ...
Setting up python-certbot-nginx (0.19.0-1+ubuntu17.10.1+certbot+1) ...
vishus@localhost:~$ sudo certbot --nginx
Saving debug log to /var/log/letsencrypt/letsencrypt.log
Plugins selected: Authenticator nginx, Installer nginx
No names were found in your configuration files. Please enter in your domain
name(s) (comma and/or space separated)  (Enter 'c' to cancel): yvishus.net
Obtaining a new certificate
Performing the following challenges:
Client with the currently selected authenticator does not support any combination of challenges that will satisfy the CA.
Client with the currently selected authenticator does not support any combination of challenges that will satisfy the CA.
vishus@localhost:~$ sudo apt-get install -y python-openssl python-crypto python-setuptools
Reading package lists... Done
Building dependency tree
Reading state information... Done
python-setuptools is already the newest version (36.2.7-2).
python-setuptools set to manually installed.
Suggested packages:
  python-crypto-dbg python-crypto-doc python-openssl-doc python-openssl-dbg
The following NEW packages will be installed:
  python-crypto
The following packages will be upgraded:
  python-openssl
1 upgraded, 1 newly installed, 0 to remove and 18 not upgraded.
Need to get 292 kB of archives.
After this operation, 1,445 kB of additional disk space will be used.
Get:1 http://mirrors.linode.com/ubuntu artful/main amd64 python-crypto amd64 2.6.1-7build2 [245 kB]
Get:2 http://ppa.launchpad.net/certbot/certbot/ubuntu artful/main amd64 python-openssl all 17.3.0-1~0+ubuntu17.10.1+certbot+1 [47.5 kB]
Fetched 292 kB in 0s (484 kB/s)
Selecting previously unselected package python-crypto.
(Reading database ... 108427 files and directories currently installed.)
Preparing to unpack .../python-crypto_2.6.1-7build2_amd64.deb ...
Unpacking python-crypto (2.6.1-7build2) ...
Preparing to unpack .../python-openssl_17.3.0-1~0+ubuntu17.10.1+certbot+1_all.deb ...
Unpacking python-openssl (17.3.0-1~0+ubuntu17.10.1+certbot+1) over (16.2.0-1) ...
Setting up python-crypto (2.6.1-7build2) ...
Setting up python-openssl (17.3.0-1~0+ubuntu17.10.1+certbot+1) ...
vishus@localhost:~$ sudo python setup.py install
python: can't open file 'setup.py': [Errno 2] No such file or directory
vishus@localhost:~$ ls /opt
eff.org  letsencrypt
vishus@localhost:~$ ls eff.org
ls: cannot access 'eff.org': No such file or directory
vishus@localhost:~$ sudo ls eff.org
ls: cannot access 'eff.org': No such file or directory
vishus@localhost:~$ sudo ls /opt/eff.org
certbot
vishus@localhost:~$ sudo ls /opt/eff.org/certbot
venv
vishus@localhost:~$ sudo ls /opt/eff.org/certbot/venv
bin  certbot-auto-bootstrap-version.txt  include  lib  local  share
vishus@localhost:~$ sudo ls /opt/eff.org/certbot/venv/bin
activate      activate.fish     certbot       easy_install-2.7  letsencrypt  pip   pip2.7  python2    python-config  wheel
activate.csh  activate_this.py  easy_install  jws               pbr          pip2  python  python2.7  unit2
vishus@localhost:~$ sudo ls /opt/eff.org/certbot/venv/local
bin  include  lib
vishus@localhost:~$ sudo ls /opt/eff.org/certbot/venv/share
python-wheels
vishus@localhost:~$ sudo ls /opt/eff.org/certbot/venv/local/bin
activate      activate.fish     certbot       easy_install-2.7  letsencrypt  pip   pip2.7  python2    python-config  wheel
activate.csh  activate_this.py  easy_install  jws               pbr          pip2  python  python2.7  unit2
vishus@localhost:~$ sudo ls /opt/eff.org/certbot/venv/local/bin/activate
/opt/eff.org/certbot/venv/local/bin/activate
vishus@localhost:~$ sudo ls /opt/eff.org/certbot/venv/local/bin/letsencrypt
/opt/eff.org/certbot/venv/local/bin/letsencrypt
vishus@localhost:~$ sudo ls /opt/eff.org/certbot/venv/local/bin/certbot
/opt/eff.org/certbot/venv/local/bin/certbot
vishus@localhost:~$ ls /var
backups  cache  lib  local  lock  log  mail  opt  run  spool  tmp  www
vishus@localhost:~$ ls /
bin   dev  home        initrd.img.old  lib64       media  opt   root  sbin  sys  usr  vmlinuz
boot  etc  initrd.img  lib             lost+found  mnt    proc  run   srv   tmp  var  vmlinuz.old
vishus@localhost:~$ ls /bin
bash          cpio           gunzip      lsblk          ntfscluster    pwd         systemd                         vdir
bunzip2       dash           gzexe       lsmod          ntfscmp        rbash       systemd-ask-password            wdctl
busybox       date           gzip        mkdir          ntfsfallocate  readlink    systemd-escape                  which
bzcat         dd             hostname    mknod          ntfsfix        red         systemd-hwdb                    whiptail
bzcmp         df             ip          mktemp         ntfsinfo       rm          systemd-inhibit                 ypdomainname
bzdiff        dir            journalctl  more           ntfsls         rmdir       systemd-machine-id-setup        zcat
bzegrep       dmesg          kbd_mode    mount          ntfsmove       rnano       systemd-notify                  zcmp
bzexe         dnsdomainname  kill        mountpoint     ntfsrecover    run-parts   systemd-sysusers                zdiff
bzfgrep       domainname     kmod        mt             ntfssecaudit   sed         systemd-tmpfiles                zegrep
bzgrep        dumpkeys       less        mt-gnu         ntfstruncate   setfont     systemd-tty-ask-password-agent  zfgrep
bzip2         echo           lessecho    mv             ntfsusermap    setupcon    tar                             zforce
bzip2recover  ed             lessfile    nano           ntfswipe       sh          tempfile                        zgrep
bzless        egrep          lesskey     nc             open           sh.distrib  touch                           zless
bzmore        false          lesspipe    nc.openbsd     openvt         sleep       true                            zmore
cat           fgconsole      ln          netcat         pidof          ss          udevadm                         znew
chgrp         fgrep          loadkeys    networkctl     ping           static-sh   ulockmgr_server
chmod         findmnt        login       nisdomainname  ping4          stty        umount
chown         fuser          loginctl    ntfs-3g        ping6          su          uname
chvt          fusermount     lowntfs-3g  ntfs-3g.probe  plymouth       sync        uncompress
cp            grep           ls          ntfscat        ps             systemctl   unicode_start
vishus@localhost:~$ ls /etc
adduser.conf            dictionaries-common     iproute2         mime.types               python3        subuid
alternatives            discover.conf.d         issue            mke2fs.conf              python3.6      subuid-
apache2                 discover-modprobe.conf  issue.net        modprobe.d               rc0.d          sudoers
apm                     dpkg                    kernel           modules                  rc1.d          sudoers.d
apparmor                emacs                   kernel-img.conf  modules-load.d           rc2.d          sudoers.dist
apparmor.d              environment             ldap             mtab                     rc3.d          sysctl.conf
apt                     event.disabled          ld.so.cache      nanorc                   rc4.d          sysctl.d
bash.bashrc             fonts                   ld.so.conf       netplan                  rc5.d          sysstat
bash_completion         fstab                   ld.so.conf.d     network                  rc6.d          systemd
bash_completion.d       ftpusers                legal            networks                 rcS.d          terminfo
bindresvport.blacklist  fuse.conf               letsencrypt      newt                     resolv.conf    timezone
binfmt.d                gai.conf                libaudit.conf    nginx                    rmt            tmpfiles.d
ca-certificates         groff                   libnl-3          nsswitch.conf            rpc            ucf.conf
ca-certificates.conf    group                   lighttpd         opt                      rsyslog.conf   udev
calendar                group-                  locale.alias     os-release               rsyslog.d      ufw
console-setup           grub.d                  locale.gen       pam.conf                 securetty      updatedb.conf
cron.d                  gshadow                 localtime        pam.d                    security       update-manager
cron.daily              gshadow-                logcheck         passwd                   selinux        update-motd.d
cron.hourly             gss                     login.defs       passwd-                  sensors3.conf  vim
cron.monthly            hdparm.conf             logrotate.conf   perl                     sensors.d      vsftpd.conf
crontab                 host.conf               logrotate.d      pm                       services       vtrgb
cron.weekly             hostname                lsb-release      popularity-contest.conf  shadow         wgetrc
dbus-1                  hosts                   ltrace.conf      postgresql               shadow-        X11
debconf.conf            hosts.allow             machine-id       postgresql-common        shells         xdg
debian_version          hosts.deny              magic            profile                  skel           zsh_command_not_found
default                 init                    magic.mime       profile.d                ssh
deluser.conf            init.d                  mailcap          protocols                ssl
depmod.d                initramfs-tools         mailcap.order    python                   subgid
dhcp                    inputrc                 manpath.config   python2.7                subgid-
vishus@localhost:~$ ls /usr
bin  games  include  lib  local  sbin  share  src
vishus@localhost:~$ ls /usr/bin
[                                   gcc-ar                            nl                         size
2to3                                gcc-ar-7                          nm                         skill
2to3-2.7                            gcc-nm                            nohup                      slabtop
2to3-3.6                            gcc-nm-7                          nproc                      slogin
aa-enabled                          gcc-ranlib                        nroff                      snice
aa-exec                             gcc-ranlib-7                      nsenter                    soelim
add-apt-repository                  gcov                              nslookup                   sort
addpart                             gcov-7                            nstat                      sotruss
addr2line                           gcov-dump                         nsupdate                   splain
apropos                             gcov-dump-7                       ntfsdecrypt                split
apt                                 gcov-tool                         numfmt                     splitfont
apt-add-repository                  gcov-tool-7                       objcopy                    sprof
apt-cache                           gencat                            objdump                    ssh
apt-cdrom                           gen-preseed                       od                         ssh-add
apt-config                          geqn                              on_ac_power                ssh-agent
apt-extracttemplates                getconf                           openssl                    ssh-argv0
apt-ftparchive                      getent                            os-prober                  ssh-copy-id
apt-get                             getkeycodes                       pager                      ssh-import-id
apt-key                             getopt                            partx                      ssh-import-id-gh
apt-mark                            gettext                           passwd                     ssh-import-id-lp
apt-sortpkgs                        gettext.sh                        paste                      ssh-keygen
ar                                  ginstall-info                     pasteurize                 ssh-keyscan
arch                                git                               patch                      stat
as                                  git-receive-pack                  pathchk                    stdbuf
awk                                 git-shell                         pbr                        strace
b2sum                               git-upload-archive                pcimodules                 strings
base32                              git-upload-pack                   pdb                        strip
base64                              gold                              pdb2.7                     sudo
basename                            gpasswd                           pdb3                       sudoedit
bashbug                             gpg                               pdb3.6                     sudoreplay
bootctl                             gpg-agent                         peekfd                     sum
bsd-from                            gpgconf                           perl                       symcryptrun
bsd-write                           gpg-connect-agent                 perl5.26.0                 systemd-analyze
busctl                              gpgparsemail                      perl5.26-x86_64-linux-gnu  systemd-cat
c++                                 gpgsplit                          perlbug                    systemd-cgls
c89                                 gpgv                              perldoc                    systemd-cgtop
c89-gcc                             gpg-zip                           perlivp                    systemd-delta
c99                                 gpic                              perlthanks                 systemd-detect-virt
c99-gcc                             gprof                             pftp                       systemd-mount
cal                                 groff                             pg_archivecleanup          systemd-path
calendar                            grog                              pg_basebackup              systemd-resolve
captoinfo                           grops                             pgbench                    systemd-run
catchsegv                           grotty                            pg_config                  systemd-socket-activate
catman                              groups                            pg_conftool                systemd-stdio-bridge
cautious-launcher                   grub-editenv                      pg_createcluster           systemd-umount
cc                                  grub-file                         pg_ctlcluster              tabs
certbot                             grub-fstest                       pg_dropcluster             tac
c++filt                             grub-glue-efi                     pg_dump                    tail
chage                               grub-kbdcomp                      pg_dumpall                 tapestat
chardet                             grub-menulst2cfg                  pg_isready                 tasksel
chardet3                            grub-mkfont                       pg_lsclusters              taskset
chardetect                          grub-mkimage                      pg_receivewal              tbl
chardetect3                         grub-mklayout                     pg_receivexlog             tee
chattr                              grub-mknetdir                     pg_recvlogical             telnet
chcon                               grub-mkpasswd-pbkdf2              pg_renamecluster           telnet.netkit
check-language-support              grub-mkrelpath                    pgrep                      test
chfn                                grub-mkrescue                     pg_restore                 tic
chmem                               grub-mkstandalone                 pg_upgradecluster          time
chrt                                grub-mount                        pg_virtualenv              timedatectl
chsh                                grub-ntldr-img                    pic                        timeout
cifsiostat                          grub-render-label                 pico                       tload
ckbcomp                             grub-script-check                 piconv                     toe
cksum                               grub-syslinux2cfg                 pidstat                    top
clear                               gtbl                              pinentry                   touch
clear_console                       h2ph                              pinentry-curses            tput
clusterdb                           h2xs                              pinky                      tr
cmp                                 hd                                pkill                      tracepath
codepage                            head                              pl2pm                      traceroute6
col                                 helpztags                         pldd                       traceroute6.iputils
colcrt                              hexdump                           pmap                       troff
colrm                               host                              pod2html                   truncate
column                              hostid                            pod2man                    tset
comm                                hostnamectl                       pod2text                   tsort
compose                             hwe-support-status                pod2usage                  tty
corelist                            i386                              podchecker                 tzselect
cpan                                iconv                             podselect                  ubuntu-advantage
cpan5.26-x86_64-linux-gnu           id                                pr                         ubuntu-support-status
cpp                                 info                              preconv                    ucf
cpp-7                               infobrowser                       print                      ucfq
createdb                            infocmp                           printenv                   ucfr
createlang                          infotocap                         printerbanner              ul
createuser                          install                           printf                     unattended-upgrade
c_rehash                            install-info                      prlimit                    unattended-upgrades
crontab                             instmodsh                         prove                      unexpand
csplit                              ionice                            prtstat                    unicode_stop
ctstat                              iostat                            psfaddtable                uniq
curl                                ipcmk                             psfgettable                unlink
cut                                 ipcrm                             psfstriptable              unlzma
dbus-cleanup-sockets                ipcs                              psfxtable                  unshare
dbus-daemon                         iptables-xml                      pslog                      unxz
dbus-monitor                        ischroot                          psql                       update-alternatives
dbus-run-session                    ispell-wrapper                    pstree                     updatedb
dbus-send                           join                              pstree.x11                 updatedb.mlocate
dbus-update-activation-environment  json_pp                           ptar                       update-mime-database
dbus-uuidgen                        kbdinfo                           ptardiff                   update-mime-database.real
deallocvt                           kbxutil                           ptargrep                   uptime
debconf                             kernel-install                    ptx                        usb-devices
debconf-apt-progress                killall                           pwdx                       usbhid-dump
debconf-communicate                 laptop-detect                     py3clean                   users
debconf-copydb                      last                              py3compile                 utmpdump
debconf-escape                      lastb                             py3versions                uuidgen
debconf-set-selections              lastlog                           pybuild                    vacuumdb
debconf-show                        lcf                               pyclean                    vacuumlo
deb-systemd-helper                  ld                                pycompile                  vi
deb-systemd-invoke                  ld.bfd                            pydoc                      view
delpart                             ldd                               pydoc2.7                   vim
dh_bash-completion                  ld.gold                           pydoc3                     vim.basic
dh_pypy                             less                              pydoc3.6                   vimdiff
dh_python2                          lessecho                          pygettext                  vim.tiny
dh_python3                          lessfile                          pygettext2.7               vimtutor
dialog                              lesskey                           pygettext3                 virtualenv
diff                                lesspipe                          pygettext3.6               vmstat
diff3                               letsencrypt                       python                     volname
dig                                 lexgrog                           python2                    vsftpdwho
dircolors                           libnetcfg                         python2.7                  w
dirmngr                             link                              python2.7-config           wall
dirmngr-client                      linux32                           python2-config             watch
dirname                             linux64                           python2-futurize           watchgnupg
discover-config                     linux-boot-prober                 python2-pasteurize         wc
do-release-upgrade                  linux-check-removal               python2-pbr                wget
dpkg                                linux-update-symlinks             python3                    whatis
dpkg-architecture                   linux-version                     python3.6                  whereis
dpkg-buildflags                     lnstat                            python3.6m                 which
dpkg-buildpackage                   loadkeys                          python3m                   who
dpkg-checkbuilddeps                 loadunimap                        python-config              whoami
dpkg-deb                            locale                            pyversions                 whois
dpkg-distaddfile                    localectl                         ranlib                     w.procps
dpkg-divert                         localedef                         rcp                        write
dpkg-genbuildinfo                   locate                            readelf                    x86_64
dpkg-genchanges                     logger                            realpath                   x86_64-linux-gnu-addr2line
dpkg-gencontrol                     logname                           reindexdb                  x86_64-linux-gnu-ar
dpkg-gensymbols                     look                              rename.ul                  x86_64-linux-gnu-as
dpkg-maintscript-helper             lorder                            renice                     x86_64-linux-gnu-c++filt
dpkg-mergechangelogs                lsattr                            report-hw                  x86_64-linux-gnu-cpp
dpkg-name                           lsb_release                       reset                      x86_64-linux-gnu-cpp-7
dpkg-parsechangelog                 lscpu                             resizecons                 x86_64-linux-gnu-dwp
dpkg-query                          lshw                              resizepart                 x86_64-linux-gnu-elfedit
dpkg-scanpackages                   lsinitramfs                       rev                        x86_64-linux-gnu-g++
dpkg-scansources                    lsipc                             rgrep                      x86_64-linux-gnu-g++-7
dpkg-shlibdeps                      lslocks                           rlogin                     x86_64-linux-gnu-gcc
dpkg-source                         lslogins                          routef                     x86_64-linux-gnu-gcc-7
dpkg-split                          lsmem                             routel                     x86_64-linux-gnu-gcc-ar
dpkg-statoverride                   lsns                              rpcgen                     x86_64-linux-gnu-gcc-ar-7
dpkg-trigger                        lsof                              rsh                        x86_64-linux-gnu-gcc-nm
dpkg-vendor                         lspci                             rsync                      x86_64-linux-gnu-gcc-nm-7
dropdb                              lspgpot                           rtstat                     x86_64-linux-gnu-gcc-ranlib
droplang                            lsusb                             runcon                     x86_64-linux-gnu-gcc-ranlib-7
dropuser                            ltrace                            run-mailcap                x86_64-linux-gnu-gcov
du                                  lzcat                             rview                      x86_64-linux-gnu-gcov-7
dumpkeys                            lzcmp                             rvim                       x86_64-linux-gnu-gcov-dump
dwp                                 lzdiff                            sadf                       x86_64-linux-gnu-gcov-dump-7
easy_install                        lzegrep                           sar                        x86_64-linux-gnu-gcov-tool
edit                                lzfgrep                           sar.sysstat                x86_64-linux-gnu-gcov-tool-7
editor                              lzgrep                            savelog                    x86_64-linux-gnu-gold
eject                               lzless                            scp                        x86_64-linux-gnu-gprof
elfedit                             lzma                              screendump                 x86_64-linux-gnu-ld
enc2xs                              lzmainfo                          script                     x86_64-linux-gnu-ld.bfd
encguess                            lzmore                            scriptreplay               x86_64-linux-gnu-ld.gold
env                                 make                              sdiff                      x86_64-linux-gnu-nm
envsubst                            make-first-existing-target        see                        x86_64-linux-gnu-objcopy
eqn                                 man                               select-default-iwrap       x86_64-linux-gnu-objdump
ex                                  mandb                             select-editor              x86_64-linux-gnu-python2.7-config
expand                              manpath                           sensible-browser           x86_64-linux-gnu-python-config
expiry                              mapscrn                           sensible-editor            x86_64-linux-gnu-ranlib
expr                                mawk                              sensible-pager             x86_64-linux-gnu-readelf
factor                              mcookie                           seq                        x86_64-linux-gnu-size
faillog                             md5sum                            setarch                    x86_64-linux-gnu-strings
faked-sysv                          md5sum.textutils                  setkeycodes                x86_64-linux-gnu-strip
faked-tcp                           mesg                              setleds                    xargs
Fetched 572 kB in 0s (23.2 MB/s)
Selecting previously unselected package libpython-all-dev:amd64.
(Reading database ... 108593 files and directories currently installed.)
Preparing to unpack .../00-libpython-all-dev_2.7.14-2ubuntu1_amd64.deb ...
Unpacking libpython-all-dev:amd64 (2.7.14-2ubuntu1) ...
Selecting previously unselected package python-all.
Preparing to unpack .../01-python-all_2.7.14-2ubuntu1_amd64.deb ...
Unpacking python-all (2.7.14-2ubuntu1) ...
Selecting previously unselected package python-all-dev.
Preparing to unpack .../02-python-all-dev_2.7.14-2ubuntu1_amd64.deb ...
Unpacking python-all-dev (2.7.14-2ubuntu1) ...
Selecting previously unselected package python-dbus.
Preparing to unpack .../03-python-dbus_1.2.4-1build3_amd64.deb ...
Unpacking python-dbus (1.2.4-1build3) ...
Selecting previously unselected package python-gi.
Preparing to unpack .../04-python-gi_3.24.1-2build1_amd64.deb ...
Unpacking python-gi (3.24.1-2build1) ...
Selecting previously unselected package python-secretstorage.
Preparing to unpack .../05-python-secretstorage_2.3.1-2_all.deb ...
Unpacking python-secretstorage (2.3.1-2) ...
Selecting previously unselected package python-keyring.
Preparing to unpack .../06-python-keyring_10.4.0-1_all.deb ...
Unpacking python-keyring (10.4.0-1) ...
Selecting previously unselected package python-keyrings.alt.
Preparing to unpack .../07-python-keyrings.alt_2.2-2_all.deb ...
Unpacking python-keyrings.alt (2.2-2) ...
Selecting previously unselected package python-pip.
Preparing to unpack .../08-python-pip_9.0.1-2_all.deb ...
Unpacking python-pip (9.0.1-2) ...
Selecting previously unselected package python-wheel.
Preparing to unpack .../09-python-wheel_0.29.0-2_all.deb ...
Unpacking python-wheel (0.29.0-2) ...
Selecting previously unselected package python-xdg.
Preparing to unpack .../10-python-xdg_0.25-4_all.deb ...
Unpacking python-xdg (0.25-4) ...
Setting up python-wheel (0.29.0-2) ...
Setting up libpython-all-dev:amd64 (2.7.14-2ubuntu1) ...
Setting up python-keyrings.alt (2.2-2) ...
Setting up python-gi (3.24.1-2build1) ...
Processing triggers for man-db (2.7.6.1-2) ...
Setting up python-dbus (1.2.4-1build3) ...
Remove stale byte-compiled files...
Setting up python-pip (9.0.1-2) ...
Setting up python-all (2.7.14-2ubuntu1) ...
Setting up python-xdg (0.25-4) ...
Setting up python-secretstorage (2.3.1-2) ...
Setting up python-keyring (10.4.0-1) ...
Setting up python-all-dev (2.7.14-2ubuntu1) ...
vishus@localhost:~$ pip install acme-nginx
Collecting acme-nginx
  Downloading acme_nginx-0.0.8-py2-none-any.whl
Collecting pycrypto>=2.6 (from acme-nginx)
  Downloading pycrypto-2.6.1.tar.gz (446kB)
    100% |████████████████████████████████| 450kB 2.1MB/s
Collecting pyOpenSSL>=0.13 (from acme-nginx)
  Downloading pyOpenSSL-17.5.0-py2.py3-none-any.whl (53kB)
    100% |████████████████████████████████| 61kB 8.8MB/s
Collecting cryptography>=2.1.4 (from pyOpenSSL>=0.13->acme-nginx)
  Downloading cryptography-2.1.4-cp27-cp27mu-manylinux1_x86_64.whl (2.2MB)
    100% |████████████████████████████████| 2.2MB 456kB/s
Collecting six>=1.5.2 (from pyOpenSSL>=0.13->acme-nginx)
  Downloading six-1.11.0-py2.py3-none-any.whl
Collecting cffi>=1.7; platform_python_implementation != "PyPy" (from cryptography>=2.1.4->pyOpenSSL>=0.13->acme-nginx)
  Downloading cffi-1.11.3-cp27-cp27mu-manylinux1_x86_64.whl (406kB)
    100% |████████████████████████████████| 409kB 2.5MB/s
Collecting enum34; python_version < "3" (from cryptography>=2.1.4->pyOpenSSL>=0.13->acme-nginx)
  Downloading enum34-1.1.6-py2-none-any.whl
Collecting idna>=2.1 (from cryptography>=2.1.4->pyOpenSSL>=0.13->acme-nginx)
  Downloading idna-2.6-py2.py3-none-any.whl (56kB)
    100% |████████████████████████████████| 61kB 8.9MB/s
Collecting asn1crypto>=0.21.0 (from cryptography>=2.1.4->pyOpenSSL>=0.13->acme-nginx)
  Downloading asn1crypto-0.24.0-py2.py3-none-any.whl (101kB)
    100% |████████████████████████████████| 102kB 8.3MB/s
Collecting ipaddress; python_version < "3" (from cryptography>=2.1.4->pyOpenSSL>=0.13->acme-nginx)
  Downloading ipaddress-1.0.19.tar.gz
Collecting pycparser (from cffi>=1.7; platform_python_implementation != "PyPy"->cryptography>=2.1.4->pyOpenSSL>=0.13->acme-nginx)
  Downloading pycparser-2.18.tar.gz (245kB)
    100% |████████████████████████████████| 256kB 4.0MB/s
Building wheels for collected packages: pycrypto, ipaddress, pycparser
  Running setup.py bdist_wheel for pycrypto ... done
  Stored in directory: /home/vishus/.cache/pip/wheels/80/1f/94/f76e9746864f198eb0e304aeec319159fa41b082f61281ffce
  Running setup.py bdist_wheel for ipaddress ... done
  Stored in directory: /home/vishus/.cache/pip/wheels/d7/6b/69/666188e8101897abb2e115d408d139a372bdf6bfa7abb5aef5
  Running setup.py bdist_wheel for pycparser ... done
  Stored in directory: /home/vishus/.cache/pip/wheels/95/14/9a/5e7b9024459d2a6600aaa64e0ba485325aff7a9ac7489db1b6
Successfully built pycrypto ipaddress pycparser
Installing collected packages: pycrypto, pycparser, cffi, enum34, idna, asn1crypto, six, ipaddress, cryptography, pyOpenSSL, acme-nginx
Successfully installed acme-nginx-0.0.8 asn1crypto-0.24.0 cffi-1.11.3 cryptography-2.1.4 enum34-1.1.6 idna-2.6 ipaddress-1.0.19 pyOpenSSL-17.5.0 pycparser-2.18 pycrypto-2.6.1 six-1.11.0
vishus@localhost:~$ sudo acme-nginx -d vishus.net
sudo: acme-nginx: command not found
vishus@localhost:~$ find / -iname 'acme-nginx' -print
find: ‘/sys/kernel/debug’: Permission denied
find: ‘/tmp/systemd-private-27687110c7674a35a5c52f1bebd9d928-systemd-timesyncd.service-hmGYUd’: Permission denied
find: ‘/tmp/systemd-private-27687110c7674a35a5c52f1bebd9d928-systemd-resolved.service-DbuV3k’: Permission denied
find: ‘/run/sudo’: Permission denied
find: ‘/run/postgresql/10-main.pg_stat_tmp’: Permission denied
find: ‘/run/log/journal/55759790253c40198986868048a3094f’: Permission denied
find: ‘/run/systemd/ask-password-block’: Permission denied
find: ‘/run/systemd/inaccessible’: Permission denied
find: ‘/var/log/postgresql/pg_upgradecluster-9.6-10-main.3E3N’: Permission denied
find: ‘/var/log/letsencrypt’: Permission denied
find: ‘/var/log/unattended-upgrades’: Permission denied
find: ‘/var/tmp/systemd-private-27687110c7674a35a5c52f1bebd9d928-systemd-resolved.service-dMNtpU’: Permission denied
find: ‘/var/tmp/systemd-private-27687110c7674a35a5c52f1bebd9d928-systemd-timesyncd.service-RQLnIL’: Permission denied
find: ‘/var/cache/apt/archives/partial’: Permission denied
find: ‘/var/cache/ldconfig’: Permission denied
find: ‘/var/spool/rsyslog’: Permission denied
find: ‘/var/spool/cron/crontabs’: Permission denied
find: ‘/var/lib/apt/lists/partial’: Permission denied
find: ‘/var/lib/postgresql/9.6/main’: Permission denied
find: ‘/var/lib/postgresql/10/main’: Permission denied
find: ‘/var/lib/nginx/body’: Permission denied
find: ‘/var/lib/nginx/uwsgi’: Permission denied
find: ‘/var/lib/nginx/proxy’: Permission denied
find: ‘/var/lib/nginx/scgi’: Permission denied
find: ‘/var/lib/nginx/fastcgi’: Permission denied
/home/vishus/.local/bin/acme-nginx
find: ‘/proc/tty/driver’: Permission denied
find: ‘/proc/1/task/1/fd’: Permission denied
find: ‘/proc/1/task/1/fdinfo’: Permission denied
find: ‘/proc/1/task/1/ns’: Permission denied
find: ‘/proc/1/fd’: Permission denied
find: ‘/proc/1/map_files’: Permission denied
find: ‘/proc/1/fdinfo’: Permission denied
find: ‘/proc/1/ns’: Permission denied
find: ‘/proc/2/task/2/fd’: Permission denied
find: ‘/proc/2/task/2/fdinfo’: Permission denied
find: ‘/proc/2/task/2/ns’: Permission denied
find: ‘/proc/2/fd’: Permission denied
find: ‘/proc/2/map_files’: Permission denied
find: ‘/proc/2/fdinfo’: Permission denied
find: ‘/proc/2/ns’: Permission denied
find: ‘/proc/3/task/3/fd’: Permission denied
find: ‘/proc/3/task/3/fdinfo’: Permission denied
find: ‘/proc/3/task/3/ns’: Permission denied
find: ‘/proc/3/fd’: Permission denied
find: ‘/proc/3/map_files’: Permission denied
find: ‘/proc/3/fdinfo’: Permission denied
find: ‘/proc/3/ns’: Permission denied
find: ‘/proc/4/task/4/fd’: Permission denied
find: ‘/proc/4/task/4/fdinfo’: Permission denied
find: ‘/proc/4/task/4/ns’: Permission denied
find: ‘/proc/4/fd’: Permission denied
find: ‘/proc/4/map_files’: Permission denied
find: ‘/proc/4/fdinfo’: Permission denied
find: ‘/proc/4/ns’: Permission denied
find: ‘/proc/6/task/6/fd’: Permission denied
find: ‘/proc/6/task/6/fdinfo’: Permission denied
find: ‘/proc/6/task/6/ns’: Permission denied
find: ‘/proc/6/fd’: Permission denied
find: ‘/proc/6/map_files’: Permission denied
find: ‘/proc/6/fdinfo’: Permission denied
find: ‘/proc/6/ns’: Permission denied
find: ‘/proc/7/task/7/fd’: Permission denied
find: ‘/proc/7/task/7/fdinfo’: Permission denied
find: ‘/proc/7/task/7/ns’: Permission denied
find: ‘/proc/7/fd’: Permission denied
find: ‘/proc/7/map_files’: Permission denied
find: ‘/proc/7/fdinfo’: Permission denied
find: ‘/proc/7/ns’: Permission denied
find: ‘/proc/8/task/8/fd’: Permission denied
find: ‘/proc/8/task/8/fdinfo’: Permission denied
find: ‘/proc/8/task/8/ns’: Permission denied
find: ‘/proc/8/fd’: Permission denied
find: ‘/proc/8/map_files’: Permission denied
find: ‘/proc/8/fdinfo’: Permission denied
find: ‘/proc/8/ns’: Permission denied
find: ‘/proc/9/task/9/fd’: Permission denied
find: ‘/proc/9/task/9/fdinfo’: Permission denied
find: ‘/proc/9/task/9/ns’: Permission denied
find: ‘/proc/9/fd’: Permission denied
find: ‘/proc/9/map_files’: Permission denied
find: ‘/proc/9/fdinfo’: Permission denied
find: ‘/proc/9/ns’: Permission denied
find: ‘/proc/10/task/10/fd’: Permission denied
find: ‘/proc/10/task/10/fdinfo’: Permission denied
find: ‘/proc/10/task/10/ns’: Permission denied
find: ‘/proc/10/fd’: Permission denied
find: ‘/proc/10/map_files’: Permission denied
find: ‘/proc/10/fdinfo’: Permission denied
find: ‘/proc/10/ns’: Permission denied
find: ‘/proc/11/task/11/fd’: Permission denied
find: ‘/proc/11/task/11/fdinfo’: Permission denied
find: ‘/proc/11/task/11/ns’: Permission denied
find: ‘/proc/11/fd’: Permission denied
find: ‘/proc/11/map_files’: Permission denied
find: ‘/proc/11/fdinfo’: Permission denied
find: ‘/proc/11/ns’: Permission denied
find: ‘/proc/12/task/12/fd’: Permission denied
find: ‘/proc/12/task/12/fdinfo’: Permission denied
find: ‘/proc/12/task/12/ns’: Permission denied
find: ‘/proc/12/fd’: Permission denied
find: ‘/proc/12/map_files’: Permission denied
find: ‘/proc/12/fdinfo’: Permission denied
find: ‘/proc/12/ns’: Permission denied
find: ‘/proc/13/task/13/fd’: Permission denied
find: ‘/proc/13/task/13/fdinfo’: Permission denied
find: ‘/proc/13/task/13/ns’: Permission denied
find: ‘/proc/13/fd’: Permission denied
find: ‘/proc/13/map_files’: Permission denied
find: ‘/proc/13/fdinfo’: Permission denied
find: ‘/proc/13/ns’: Permission denied
find: ‘/proc/14/task/14/fd’: Permission denied
find: ‘/proc/14/task/14/fdinfo’: Permission denied
find: ‘/proc/14/task/14/ns’: Permission denied
find: ‘/proc/14/fd’: Permission denied
find: ‘/proc/14/map_files’: Permission denied
find: ‘/proc/14/fdinfo’: Permission denied
find: ‘/proc/14/ns’: Permission denied
find: ‘/proc/15/task/15/fd’: Permission denied
find: ‘/proc/15/task/15/fdinfo’: Permission denied
find: ‘/proc/15/task/15/ns’: Permission denied
find: ‘/proc/15/fd’: Permission denied
find: ‘/proc/15/map_files’: Permission denied
find: ‘/proc/15/fdinfo’: Permission denied
find: ‘/proc/15/ns’: Permission denied
find: ‘/proc/16/task/16/fd’: Permission denied
find: ‘/proc/16/task/16/fdinfo’: Permission denied
find: ‘/proc/16/task/16/ns’: Permission denied
find: ‘/proc/16/fd’: Permission denied
find: ‘/proc/16/map_files’: Permission denied
find: ‘/proc/16/fdinfo’: Permission denied
find: ‘/proc/16/ns’: Permission denied
find: ‘/proc/17/task/17/fd’: Permission denied
find: ‘/proc/17/task/17/fdinfo’: Permission denied
find: ‘/proc/17/task/17/ns’: Permission denied
find: ‘/proc/17/fd’: Permission denied
find: ‘/proc/17/map_files’: Permission denied
find: ‘/proc/17/fdinfo’: Permission denied
find: ‘/proc/17/ns’: Permission denied
find: ‘/proc/18/task/18/fd’: Permission denied
find: ‘/proc/18/task/18/fdinfo’: Permission denied
find: ‘/proc/18/task/18/ns’: Permission denied
find: ‘/proc/18/fd’: Permission denied
find: ‘/proc/18/map_files’: Permission denied
find: ‘/proc/18/fdinfo’: Permission denied
find: ‘/proc/18/ns’: Permission denied
find: ‘/proc/19/task/19/fd’: Permission denied
find: ‘/proc/19/task/19/fdinfo’: Permission denied
find: ‘/proc/19/task/19/ns’: Permission denied
find: ‘/proc/19/fd’: Permission denied
find: ‘/proc/19/map_files’: Permission denied
find: ‘/proc/19/fdinfo’: Permission denied
find: ‘/proc/19/ns’: Permission denied
find: ‘/proc/20/task/20/fd’: Permission denied
find: ‘/proc/20/task/20/fdinfo’: Permission denied
find: ‘/proc/20/task/20/ns’: Permission denied
find: ‘/proc/20/fd’: Permission denied
find: ‘/proc/20/map_files’: Permission denied
find: ‘/proc/20/fdinfo’: Permission denied
find: ‘/proc/20/ns’: Permission denied
find: ‘/proc/21/task/21/fd’: Permission denied
find: ‘/proc/21/task/21/fdinfo’: Permission denied
find: ‘/proc/21/task/21/ns’: Permission denied
find: ‘/proc/21/fd’: Permission denied
find: ‘/proc/21/map_files’: Permission denied
find: ‘/proc/21/fdinfo’: Permission denied
find: ‘/proc/21/ns’: Permission denied
find: ‘/proc/22/task/22/fd’: Permission denied
find: ‘/proc/22/task/22/fdinfo’: Permission denied
find: ‘/proc/22/task/22/ns’: Permission denied
find: ‘/proc/22/fd’: Permission denied
find: ‘/proc/22/map_files’: Permission denied
find: ‘/proc/22/fdinfo’: Permission denied
find: ‘/proc/22/ns’: Permission denied
find: ‘/proc/23/task/23/fd’: Permission denied
find: ‘/proc/23/task/23/fdinfo’: Permission denied
find: ‘/proc/23/task/23/ns’: Permission denied
find: ‘/proc/23/fd’: Permission denied
find: ‘/proc/23/map_files’: Permission denied
find: ‘/proc/23/fdinfo’: Permission denied
find: ‘/proc/23/ns’: Permission denied
find: ‘/proc/24/task/24/fd’: Permission denied
find: ‘/proc/24/task/24/fdinfo’: Permission denied
find: ‘/proc/24/task/24/ns’: Permission denied
find: ‘/proc/24/fd’: Permission denied
find: ‘/proc/24/map_files’: Permission denied
find: ‘/proc/24/fdinfo’: Permission denied
find: ‘/proc/24/ns’: Permission denied
find: ‘/proc/25/task/25/fd’: Permission denied
find: ‘/proc/25/task/25/fdinfo’: Permission denied
find: ‘/proc/25/task/25/ns’: Permission denied
find: ‘/proc/25/fd’: Permission denied
find: ‘/proc/25/map_files’: Permission denied
find: ‘/proc/25/fdinfo’: Permission denied
find: ‘/proc/25/ns’: Permission denied
find: ‘/proc/26/task/26/fd’: Permission denied
find: ‘/proc/26/task/26/fdinfo’: Permission denied
find: ‘/proc/26/task/26/ns’: Permission denied
find: ‘/proc/26/fd’: Permission denied
find: ‘/proc/26/map_files’: Permission denied
find: ‘/proc/26/fdinfo’: Permission denied
find: ‘/proc/26/ns’: Permission denied
find: ‘/proc/27/task/27/fd’: Permission denied
find: ‘/proc/27/task/27/fdinfo’: Permission denied
find: ‘/proc/27/task/27/ns’: Permission denied
find: ‘/proc/27/fd’: Permission denied
find: ‘/proc/27/map_files’: Permission denied
find: ‘/proc/27/fdinfo’: Permission denied
find: ‘/proc/27/ns’: Permission denied
find: ‘/proc/28/task/28/fd’: Permission denied
find: ‘/proc/28/task/28/fdinfo’: Permission denied
find: ‘/proc/28/task/28/ns’: Permission denied
find: ‘/proc/28/fd’: Permission denied
find: ‘/proc/28/map_files’: Permission denied
find: ‘/proc/28/fdinfo’: Permission denied
find: ‘/proc/28/ns’: Permission denied
find: ‘/proc/30/task/30/fd’: Permission denied
find: ‘/proc/30/task/30/fdinfo’: Permission denied
find: ‘/proc/30/task/30/ns’: Permission denied
find: ‘/proc/30/fd’: Permission denied
find: ‘/proc/30/map_files’: Permission denied
find: ‘/proc/30/fdinfo’: Permission denied
find: ‘/proc/30/ns’: Permission denied
find: ‘/proc/32/task/32/fd’: Permission denied
find: ‘/proc/32/task/32/fdinfo’: Permission denied
find: ‘/proc/32/task/32/ns’: Permission denied
find: ‘/proc/32/fd’: Permission denied
find: ‘/proc/32/map_files’: Permission denied
find: ‘/proc/32/fdinfo’: Permission denied
find: ‘/proc/32/ns’: Permission denied
find: ‘/proc/33/task/33/fd’: Permission denied
find: ‘/proc/33/task/33/fdinfo’: Permission denied
find: ‘/proc/33/task/33/ns’: Permission denied
find: ‘/proc/33/fd’: Permission denied
find: ‘/proc/33/map_files’: Permission denied
find: ‘/proc/33/fdinfo’: Permission denied
find: ‘/proc/33/ns’: Permission denied
find: ‘/proc/34/task/34/fd’: Permission denied
find: ‘/proc/34/task/34/fdinfo’: Permission denied
find: ‘/proc/34/task/34/ns’: Permission denied
find: ‘/proc/34/fd’: Permission denied
find: ‘/proc/34/map_files’: Permission denied
find: ‘/proc/34/fdinfo’: Permission denied
find: ‘/proc/34/ns’: Permission denied
find: ‘/proc/76/task/76/fd’: Permission denied
find: ‘/proc/76/task/76/fdinfo’: Permission denied
find: ‘/proc/76/task/76/ns’: Permission denied
find: ‘/proc/76/fd’: Permission denied
find: ‘/proc/76/map_files’: Permission denied
find: ‘/proc/76/fdinfo’: Permission denied
find: ‘/proc/76/ns’: Permission denied
find: ‘/proc/77/task/77/fd’: Permission denied
find: ‘/proc/77/task/77/fdinfo’: Permission denied
find: ‘/proc/77/task/77/ns’: Permission denied
find: ‘/proc/77/fd’: Permission denied
find: ‘/proc/77/map_files’: Permission denied
find: ‘/proc/77/fdinfo’: Permission denied
find: ‘/proc/77/ns’: Permission denied
find: ‘/proc/78/task/78/fd’: Permission denied
find: ‘/proc/78/task/78/fdinfo’: Permission denied
find: ‘/proc/78/task/78/ns’: Permission denied
find: ‘/proc/78/fd’: Permission denied
find: ‘/proc/78/map_files’: Permission denied
find: ‘/proc/78/fdinfo’: Permission denied
find: ‘/proc/78/ns’: Permission denied
find: ‘/proc/79/task/79/fd’: Permission denied
find: ‘/proc/79/task/79/fdinfo’: Permission denied
find: ‘/proc/79/task/79/ns’: Permission denied
find: ‘/proc/79/fd’: Permission denied
find: ‘/proc/79/map_files’: Permission denied
find: ‘/proc/79/fdinfo’: Permission denied
find: ‘/proc/79/ns’: Permission denied
find: ‘/proc/80/task/80/fd’: Permission denied
find: ‘/proc/80/task/80/fdinfo’: Permission denied
find: ‘/proc/80/task/80/ns’: Permission denied
find: ‘/proc/80/fd’: Permission denied
find: ‘/proc/80/map_files’: Permission denied
find: ‘/proc/80/fdinfo’: Permission denied
find: ‘/proc/80/ns’: Permission denied
find: ‘/proc/81/task/81/fd’: Permission denied
find: ‘/proc/81/task/81/fdinfo’: Permission denied
find: ‘/proc/81/task/81/ns’: Permission denied
find: ‘/proc/81/fd’: Permission denied
find: ‘/proc/81/map_files’: Permission denied
find: ‘/proc/81/fdinfo’: Permission denied
find: ‘/proc/81/ns’: Permission denied
find: ‘/proc/87/task/87/fd’: Permission denied
find: ‘/proc/87/task/87/fdinfo’: Permission denied
find: ‘/proc/87/task/87/ns’: Permission denied
find: ‘/proc/87/fd’: Permission denied
find: ‘/proc/87/map_files’: Permission denied
find: ‘/proc/87/fdinfo’: Permission denied
find: ‘/proc/87/ns’: Permission denied
find: ‘/proc/112/task/112/fd’: Permission denied
find: ‘/proc/112/task/112/fdinfo’: Permission denied
find: ‘/proc/112/task/112/ns’: Permission denied
find: ‘/proc/112/fd’: Permission denied
find: ‘/proc/112/map_files’: Permission denied
find: ‘/proc/112/fdinfo’: Permission denied
find: ‘/proc/112/ns’: Permission denied
find: ‘/proc/151/task/151/fd’: Permission denied
find: ‘/proc/151/task/151/fdinfo’: Permission denied
find: ‘/proc/151/task/151/ns’: Permission denied
find: ‘/proc/151/fd’: Permission denied
find: ‘/proc/151/map_files’: Permission denied
find: ‘/proc/151/fdinfo’: Permission denied
find: ‘/proc/151/ns’: Permission denied
find: ‘/proc/152/task/152/fd’: Permission denied
find: ‘/proc/152/task/152/fdinfo’: Permission denied
find: ‘/proc/152/task/152/ns’: Permission denied
find: ‘/proc/152/fd’: Permission denied
find: ‘/proc/152/map_files’: Permission denied
find: ‘/proc/152/fdinfo’: Permission denied
find: ‘/proc/152/ns’: Permission denied
find: ‘/proc/155/task/155/fd’: Permission denied
find: ‘/proc/155/task/155/fdinfo’: Permission denied
find: ‘/proc/155/task/155/ns’: Permission denied
find: ‘/proc/155/fd’: Permission denied
find: ‘/proc/155/map_files’: Permission denied
find: ‘/proc/155/fdinfo’: Permission denied
find: ‘/proc/155/ns’: Permission denied
find: ‘/proc/173/task/173/fd’: Permission denied
find: ‘/proc/173/task/173/fdinfo’: Permission denied
find: ‘/proc/173/task/173/ns’: Permission denied
find: ‘/proc/173/fd’: Permission denied
find: ‘/proc/173/map_files’: Permission denied
find: ‘/proc/173/fdinfo’: Permission denied
find: ‘/proc/173/ns’: Permission denied
find: ‘/proc/174/task/174/fd’: Permission denied
find: ‘/proc/174/task/174/fdinfo’: Permission denied
find: ‘/proc/174/task/174/ns’: Permission denied
find: ‘/proc/174/fd’: Permission denied
find: ‘/proc/174/map_files’: Permission denied
find: ‘/proc/174/fdinfo’: Permission denied
find: ‘/proc/174/ns’: Permission denied
find: ‘/proc/210/task/210/fd’: Permission denied
find: ‘/proc/210/task/210/fdinfo’: Permission denied
find: ‘/proc/210/task/210/ns’: Permission denied
find: ‘/proc/210/fd’: Permission denied
find: ‘/proc/210/map_files’: Permission denied
find: ‘/proc/210/fdinfo’: Permission denied
find: ‘/proc/210/ns’: Permission denied
find: ‘/proc/222/task/222/fd’: Permission denied
find: ‘/proc/222/task/222/fdinfo’: Permission denied
find: ‘/proc/222/task/222/ns’: Permission denied
find: ‘/proc/222/fd’: Permission denied
find: ‘/proc/222/map_files’: Permission denied
find: ‘/proc/222/fdinfo’: Permission denied
find: ‘/proc/222/ns’: Permission denied
find: ‘/proc/224/task/224/fd’: Permission denied
find: ‘/proc/224/task/224/fdinfo’: Permission denied
find: ‘/proc/224/task/224/ns’: Permission denied
find: ‘/proc/224/fd’: Permission denied
find: ‘/proc/224/map_files’: Permission denied
find: ‘/proc/224/fdinfo’: Permission denied
find: ‘/proc/224/ns’: Permission denied
find: ‘/proc/254/task/254/fd’: Permission denied
find: ‘/proc/254/task/254/fdinfo’: Permission denied
find: ‘/proc/254/task/254/ns’: Permission denied
find: ‘/proc/254/task/322/fd’: Permission denied
find: ‘/proc/254/task/322/fdinfo’: Permission denied
find: ‘/proc/254/task/322/ns’: Permission denied
find: ‘/proc/254/fd’: Permission denied
find: ‘/proc/254/map_files’: Permission denied
find: ‘/proc/254/fdinfo’: Permission denied
find: ‘/proc/254/ns’: Permission denied
find: ‘/proc/364/task/364/fd’: Permission denied
find: ‘/proc/364/task/364/fdinfo’: Permission denied
find: ‘/proc/364/task/364/ns’: Permission denied
find: ‘/proc/364/fd’: Permission denied
find: ‘/proc/364/map_files’: Permission denied
find: ‘/proc/364/fdinfo’: Permission denied
find: ‘/proc/364/ns’: Permission denied
find: ‘/proc/366/task/366/fd’: Permission denied
find: ‘/proc/366/task/366/fdinfo’: Permission denied
find: ‘/proc/366/task/366/ns’: Permission denied
find: ‘/proc/366/fd’: Permission denied
find: ‘/proc/366/map_files’: Permission denied
find: ‘/proc/366/fdinfo’: Permission denied
find: ‘/proc/366/ns’: Permission denied
find: ‘/proc/371/task/371/fd’: Permission denied
find: ‘/proc/371/task/371/fdinfo’: Permission denied
find: ‘/proc/371/task/371/ns’: Permission denied
find: ‘/proc/371/fd’: Permission denied
find: ‘/proc/371/map_files’: Permission denied
find: ‘/proc/371/fdinfo’: Permission denied
find: ‘/proc/371/ns’: Permission denied
find: ‘/proc/375/task/375/fd’: Permission denied
find: ‘/proc/375/task/375/fdinfo’: Permission denied
find: ‘/proc/375/task/375/ns’: Permission denied
find: ‘/proc/375/task/413/fd’: Permission denied
find: ‘/proc/375/task/413/fdinfo’: Permission denied
find: ‘/proc/375/task/413/ns’: Permission denied
find: ‘/proc/375/task/419/fd’: Permission denied
find: ‘/proc/375/task/419/fdinfo’: Permission denied
find: ‘/proc/375/task/419/ns’: Permission denied
find: ‘/proc/375/fd’: Permission denied
find: ‘/proc/375/map_files’: Permission denied
find: ‘/proc/375/fdinfo’: Permission denied
find: ‘/proc/375/ns’: Permission denied
find: ‘/proc/380/task/380/fd’: Permission denied
find: ‘/proc/380/task/380/fdinfo’: Permission denied
find: ‘/proc/380/task/380/ns’: Permission denied
find: ‘/proc/380/fd’: Permission denied
find: ‘/proc/380/map_files’: Permission denied
find: ‘/proc/380/fdinfo’: Permission denied
find: ‘/proc/380/ns’: Permission denied
find: ‘/proc/383/task/383/fd’: Permission denied
find: ‘/proc/383/task/383/fdinfo’: Permission denied
find: ‘/proc/383/task/383/ns’: Permission denied
find: ‘/proc/383/task/410/fd’: Permission denied
find: ‘/proc/383/task/410/fdinfo’: Permission denied
find: ‘/proc/383/task/410/ns’: Permission denied
find: ‘/proc/383/task/411/fd’: Permission denied
find: ‘/proc/383/task/411/fdinfo’: Permission denied
find: ‘/proc/383/task/411/ns’: Permission denied
find: ‘/proc/383/task/412/fd’: Permission denied
find: ‘/proc/383/task/412/fdinfo’: Permission denied
find: ‘/proc/383/task/412/ns’: Permission denied
find: ‘/proc/383/fd’: Permission denied
find: ‘/proc/383/map_files’: Permission denied
find: ‘/proc/383/fdinfo’: Permission denied
find: ‘/proc/383/ns’: Permission denied
find: ‘/proc/387/task/387/fd’: Permission denied
find: ‘/proc/387/task/387/fdinfo’: Permission denied
find: ‘/proc/387/task/387/ns’: Permission denied
find: ‘/proc/387/fd’: Permission denied
find: ‘/proc/387/map_files’: Permission denied
find: ‘/proc/387/fdinfo’: Permission denied
find: ‘/proc/387/ns’: Permission denied
find: ‘/proc/409/task/409/fd’: Permission denied
find: ‘/proc/409/task/409/fdinfo’: Permission denied
find: ‘/proc/409/task/409/ns’: Permission denied
find: ‘/proc/409/fd’: Permission denied
find: ‘/proc/409/map_files’: Permission denied
find: ‘/proc/409/fdinfo’: Permission denied
find: ‘/proc/409/ns’: Permission denied
find: ‘/proc/415/task/415/fd’: Permission denied
find: ‘/proc/415/task/415/fdinfo’: Permission denied
find: ‘/proc/415/task/415/ns’: Permission denied
find: ‘/proc/415/fd’: Permission denied
find: ‘/proc/415/map_files’: Permission denied
find: ‘/proc/415/fdinfo’: Permission denied
find: ‘/proc/415/ns’: Permission denied
find: ‘/proc/416/task/416/fd’: Permission denied
find: ‘/proc/416/task/416/fdinfo’: Permission denied
find: ‘/proc/416/task/416/ns’: Permission denied
find: ‘/proc/416/fd’: Permission denied
find: ‘/proc/416/map_files’: Permission denied
find: ‘/proc/416/fdinfo’: Permission denied
find: ‘/proc/416/ns’: Permission denied
find: ‘/proc/417/task/417/fd’: Permission denied
find: ‘/proc/417/task/417/fdinfo’: Permission denied
find: ‘/proc/417/task/417/ns’: Permission denied
find: ‘/proc/417/fd’: Permission denied
find: ‘/proc/417/map_files’: Permission denied
find: ‘/proc/417/fdinfo’: Permission denied
find: ‘/proc/417/ns’: Permission denied
find: ‘/proc/423/task/423/fd’: Permission denied
find: ‘/proc/423/task/423/fdinfo’: Permission denied
find: ‘/proc/423/task/423/ns’: Permission denied
find: ‘/proc/423/fd’: Permission denied
find: ‘/proc/423/map_files’: Permission denied
find: ‘/proc/423/fdinfo’: Permission denied
find: ‘/proc/423/ns’: Permission denied
find: ‘/proc/424/task/424/fd’: Permission denied
find: ‘/proc/424/task/424/fdinfo’: Permission denied
find: ‘/proc/424/task/424/ns’: Permission denied
find: ‘/proc/424/fd’: Permission denied
find: ‘/proc/424/map_files’: Permission denied
find: ‘/proc/424/fdinfo’: Permission denied
find: ‘/proc/424/ns’: Permission denied
find: ‘/proc/425/task/425/fd’: Permission denied
find: ‘/proc/425/task/425/fdinfo’: Permission denied
find: ‘/proc/425/task/425/ns’: Permission denied
find: ‘/proc/425/fd’: Permission denied
find: ‘/proc/425/map_files’: Permission denied
find: ‘/proc/425/fdinfo’: Permission denied
find: ‘/proc/425/ns’: Permission denied
find: ‘/proc/426/task/426/fd’: Permission denied
find: ‘/proc/426/task/426/fdinfo’: Permission denied
find: ‘/proc/426/task/426/ns’: Permission denied
find: ‘/proc/426/fd’: Permission denied
find: ‘/proc/426/map_files’: Permission denied
find: ‘/proc/426/fdinfo’: Permission denied
find: ‘/proc/426/ns’: Permission denied
find: ‘/proc/427/task/427/fd’: Permission denied
find: ‘/proc/427/task/427/fdinfo’: Permission denied
find: ‘/proc/427/task/427/ns’: Permission denied
find: ‘/proc/427/fd’: Permission denied
find: ‘/proc/427/map_files’: Permission denied
find: ‘/proc/427/fdinfo’: Permission denied
find: ‘/proc/427/ns’: Permission denied
find: ‘/proc/428/task/428/fd’: Permission denied
find: ‘/proc/428/task/428/fdinfo’: Permission denied
find: ‘/proc/428/task/428/ns’: Permission denied
find: ‘/proc/428/fd’: Permission denied
find: ‘/proc/428/map_files’: Permission denied
find: ‘/proc/428/fdinfo’: Permission denied
find: ‘/proc/428/ns’: Permission denied
find: ‘/proc/2953/task/2953/fd’: Permission denied
find: ‘/proc/2953/task/2953/fdinfo’: Permission denied
find: ‘/proc/2953/task/2953/ns’: Permission denied
find: ‘/proc/2953/fd’: Permission denied
find: ‘/proc/2953/map_files’: Permission denied
find: ‘/proc/2953/fdinfo’: Permission denied
find: ‘/proc/2953/ns’: Permission denied
find: ‘/proc/2954/task/2954/fd’: Permission denied
find: ‘/proc/2954/task/2954/fdinfo’: Permission denied
find: ‘/proc/2954/task/2954/ns’: Permission denied
find: ‘/proc/2954/task/2969/fd’: Permission denied
find: ‘/proc/2954/task/2969/fdinfo’: Permission denied
find: ‘/proc/2954/task/2969/ns’: Permission denied
find: ‘/proc/2954/task/2970/fd’: Permission denied
find: ‘/proc/2954/task/2970/fdinfo’: Permission denied
find: ‘/proc/2954/task/2970/ns’: Permission denied
find: ‘/proc/2954/task/2971/fd’: Permission denied
find: ‘/proc/2954/task/2971/fdinfo’: Permission denied
find: ‘/proc/2954/task/2971/ns’: Permission denied
find: ‘/proc/2954/task/2982/fd’: Permission denied
find: ‘/proc/2954/task/2982/fdinfo’: Permission denied
find: ‘/proc/2954/task/2982/ns’: Permission denied
find: ‘/proc/2954/task/2983/fd’: Permission denied
find: ‘/proc/2954/task/2983/fdinfo’: Permission denied
find: ‘/proc/2954/task/2983/ns’: Permission denied
find: ‘/proc/2954/task/2984/fd’: Permission denied
find: ‘/proc/2954/task/2984/fdinfo’: Permission denied
find: ‘/proc/2954/task/2984/ns’: Permission denied
find: ‘/proc/2954/task/2985/fd’: Permission denied
find: ‘/proc/2954/task/2985/fdinfo’: Permission denied
find: ‘/proc/2954/task/2985/ns’: Permission denied
find: ‘/proc/2954/task/2986/fd’: Permission denied
find: ‘/proc/2954/task/2986/fdinfo’: Permission denied
find: ‘/proc/2954/task/2986/ns’: Permission denied
find: ‘/proc/2954/task/2987/fd’: Permission denied
find: ‘/proc/2954/task/2987/fdinfo’: Permission denied
find: ‘/proc/2954/task/2987/ns’: Permission denied
find: ‘/proc/2954/task/2988/fd’: Permission denied
find: ‘/proc/2954/task/2988/fdinfo’: Permission denied
find: ‘/proc/2954/task/2988/ns’: Permission denied
find: ‘/proc/2954/task/2989/fd’: Permission denied
find: ‘/proc/2954/task/2989/fdinfo’: Permission denied
find: ‘/proc/2954/task/2989/ns’: Permission denied
find: ‘/proc/2954/task/2990/fd’: Permission denied
find: ‘/proc/2954/task/2990/fdinfo’: Permission denied
find: ‘/proc/2954/task/2990/ns’: Permission denied
find: ‘/proc/2954/fd’: Permission denied
find: ‘/proc/2954/map_files’: Permission denied
find: ‘/proc/2954/fdinfo’: Permission denied
find: ‘/proc/2954/ns’: Permission denied
find: ‘/proc/2955/task/2955/fd’: Permission denied
find: ‘/proc/2955/task/2955/fdinfo’: Permission denied
find: ‘/proc/2955/task/2955/ns’: Permission denied
find: ‘/proc/2955/fd’: Permission denied
find: ‘/proc/2955/map_files’: Permission denied
find: ‘/proc/2955/fdinfo’: Permission denied
find: ‘/proc/2955/ns’: Permission denied
find: ‘/proc/4012/task/4012/fd’: Permission denied
find: ‘/proc/4012/task/4012/fdinfo’: Permission denied
find: ‘/proc/4012/task/4012/ns’: Permission denied
find: ‘/proc/4012/fd’: Permission denied
find: ‘/proc/4012/map_files’: Permission denied
find: ‘/proc/4012/fdinfo’: Permission denied
find: ‘/proc/4012/ns’: Permission denied
find: ‘/proc/4015/task/4015/fd’: Permission denied
find: ‘/proc/4015/task/4015/fdinfo’: Permission denied
find: ‘/proc/4015/task/4015/ns’: Permission denied
find: ‘/proc/4015/fd’: Permission denied
find: ‘/proc/4015/map_files’: Permission denied
find: ‘/proc/4015/fdinfo’: Permission denied
find: ‘/proc/4015/ns’: Permission denied
find: ‘/proc/4042/task/4042/fd’: Permission denied
find: ‘/proc/4042/task/4042/fdinfo’: Permission denied
find: ‘/proc/4042/task/4042/ns’: Permission denied
find: ‘/proc/4042/fd’: Permission denied
find: ‘/proc/4042/map_files’: Permission denied
find: ‘/proc/4042/fdinfo’: Permission denied
find: ‘/proc/4042/ns’: Permission denied
find: ‘/proc/5844/task/5844/fd’: Permission denied
find: ‘/proc/5844/task/5844/fdinfo’: Permission denied
find: ‘/proc/5844/task/5844/ns’: Permission denied
find: ‘/proc/5844/fd’: Permission denied
find: ‘/proc/5844/map_files’: Permission denied
find: ‘/proc/5844/fdinfo’: Permission denied
find: ‘/proc/5844/ns’: Permission denied
find: ‘/proc/5845/task/5845/fd’: Permission denied
find: ‘/proc/5845/task/5845/fdinfo’: Permission denied
find: ‘/proc/5845/task/5845/ns’: Permission denied
find: ‘/proc/5845/fd’: Permission denied
find: ‘/proc/5845/map_files’: Permission denied
find: ‘/proc/5845/fdinfo’: Permission denied
find: ‘/proc/5845/ns’: Permission denied
find: ‘/proc/6710/task/6710/fd’: Permission denied
find: ‘/proc/6710/task/6710/fdinfo’: Permission denied
find: ‘/proc/6710/task/6710/ns’: Permission denied
find: ‘/proc/6710/fd’: Permission denied
find: ‘/proc/6710/map_files’: Permission denied
find: ‘/proc/6710/fdinfo’: Permission denied
find: ‘/proc/6710/ns’: Permission denied
find: ‘/proc/6736/task/6736/fd’: Permission denied
find: ‘/proc/6736/task/6736/fdinfo’: Permission denied
find: ‘/proc/6736/task/6736/ns’: Permission denied
find: ‘/proc/6736/fd’: Permission denied
find: ‘/proc/6736/map_files’: Permission denied
find: ‘/proc/6736/fdinfo’: Permission denied
find: ‘/proc/6736/ns’: Permission denied
find: ‘/proc/9713/task/9713/fd’: Permission denied
find: ‘/proc/9713/task/9713/fdinfo’: Permission denied
find: ‘/proc/9713/task/9713/ns’: Permission denied
find: ‘/proc/9713/fd’: Permission denied
find: ‘/proc/9713/map_files’: Permission denied
find: ‘/proc/9713/fdinfo’: Permission denied
find: ‘/proc/9713/ns’: Permission denied
find: ‘/proc/10694/task/10694/fd’: Permission denied
find: ‘/proc/10694/task/10694/fdinfo’: Permission denied
find: ‘/proc/10694/task/10694/ns’: Permission denied
find: ‘/proc/10694/fd’: Permission denied
find: ‘/proc/10694/map_files’: Permission denied
find: ‘/proc/10694/fdinfo’: Permission denied
find: ‘/proc/10694/ns’: Permission denied
find: ‘/proc/11226/task/11226/fd’: Permission denied
find: ‘/proc/11226/task/11226/fdinfo’: Permission denied
find: ‘/proc/11226/task/11226/ns’: Permission denied
find: ‘/proc/11226/task/11227/fd’: Permission denied
find: ‘/proc/11226/task/11227/fdinfo’: Permission denied
find: ‘/proc/11226/task/11227/ns’: Permission denied
find: ‘/proc/11226/fd’: Permission denied
find: ‘/proc/11226/map_files’: Permission denied
find: ‘/proc/11226/fdinfo’: Permission denied
find: ‘/proc/11226/ns’: Permission denied
find: ‘/proc/12032/task/12032/fd’: Permission denied
find: ‘/proc/12032/task/12032/fdinfo’: Permission denied
find: ‘/proc/12032/task/12032/ns’: Permission denied
find: ‘/proc/12032/fd’: Permission denied
find: ‘/proc/12032/map_files’: Permission denied
find: ‘/proc/12032/fdinfo’: Permission denied
find: ‘/proc/12032/ns’: Permission denied
find: ‘/proc/12121/task/12121/fd’: Permission denied
find: ‘/proc/12121/task/12121/fdinfo’: Permission denied
find: ‘/proc/12121/task/12121/ns’: Permission denied
find: ‘/proc/12121/fd’: Permission denied
find: ‘/proc/12121/map_files’: Permission denied
find: ‘/proc/12121/fdinfo’: Permission denied
find: ‘/proc/12121/ns’: Permission denied
find: ‘/proc/12122/task/12122/fd’: Permission denied
find: ‘/proc/12122/task/12122/fdinfo’: Permission denied
find: ‘/proc/12122/task/12122/ns’: Permission denied
find: ‘/proc/12122/fd’: Permission denied
find: ‘/proc/12122/map_files’: Permission denied
find: ‘/proc/12122/fdinfo’: Permission denied
find: ‘/proc/12122/ns’: Permission denied
find: ‘/proc/12123/task/12123/fd’: Permission denied
find: ‘/proc/12123/task/12123/fdinfo’: Permission denied
find: ‘/proc/12123/task/12123/ns’: Permission denied
find: ‘/proc/12123/fd’: Permission denied
find: ‘/proc/12123/map_files’: Permission denied
find: ‘/proc/12123/fdinfo’: Permission denied
find: ‘/proc/12123/ns’: Permission denied
find: ‘/proc/12134/task/12134/fd’: Permission denied
find: ‘/proc/12134/task/12134/fdinfo’: Permission denied
find: ‘/proc/12134/task/12134/ns’: Permission denied
find: ‘/proc/12134/fd’: Permission denied
find: ‘/proc/12134/map_files’: Permission denied
find: ‘/proc/12134/fdinfo’: Permission denied
find: ‘/proc/12134/ns’: Permission denied
find: ‘/proc/12135/task/12135/fd’: Permission denied
find: ‘/proc/12135/task/12135/fdinfo’: Permission denied
find: ‘/proc/12135/task/12135/ns’: Permission denied
find: ‘/proc/12135/fd’: Permission denied
find: ‘/proc/12135/map_files’: Permission denied
find: ‘/proc/12135/fdinfo’: Permission denied
find: ‘/proc/12135/ns’: Permission denied
find: ‘/proc/12136/task/12136/fd’: Permission denied
find: ‘/proc/12136/task/12136/fdinfo’: Permission denied
find: ‘/proc/12136/task/12136/ns’: Permission denied
find: ‘/proc/12136/fd’: Permission denied
find: ‘/proc/12136/map_files’: Permission denied
find: ‘/proc/12136/fdinfo’: Permission denied
find: ‘/proc/12136/ns’: Permission denied
find: ‘/proc/12150/task/12150/fd’: Permission denied
find: ‘/proc/12150/task/12150/fdinfo’: Permission denied
find: ‘/proc/12150/task/12150/ns’: Permission denied
find: ‘/proc/12150/fd’: Permission denied
find: ‘/proc/12150/map_files’: Permission denied
find: ‘/proc/12150/fdinfo’: Permission denied
find: ‘/proc/12150/ns’: Permission denied
find: ‘/proc/12161/task/12161/fd’: Permission denied
find: ‘/proc/12161/task/12161/fdinfo’: Permission denied
find: ‘/proc/12161/task/12161/ns’: Permission denied
find: ‘/proc/12161/fd’: Permission denied
find: ‘/proc/12161/map_files’: Permission denied
find: ‘/proc/12161/fdinfo’: Permission denied
find: ‘/proc/12161/ns’: Permission denied
find: ‘/proc/12174/task/12174/fd’: Permission denied
find: ‘/proc/12174/task/12174/fdinfo’: Permission denied
find: ‘/proc/12174/task/12174/ns’: Permission denied
find: ‘/proc/12174/fd’: Permission denied
find: ‘/proc/12174/map_files’: Permission denied
find: ‘/proc/12174/fdinfo’: Permission denied
find: ‘/proc/12174/ns’: Permission denied
find: ‘/proc/13444/task/13444/fd’: Permission denied
find: ‘/proc/13444/task/13444/fdinfo’: Permission denied
find: ‘/proc/13444/task/13444/ns’: Permission denied
find: ‘/proc/13444/fd’: Permission denied
find: ‘/proc/13444/map_files’: Permission denied
find: ‘/proc/13444/fdinfo’: Permission denied
find: ‘/proc/13444/ns’: Permission denied
find: ‘/etc/ssl/private’: Permission denied
find: ‘/etc/letsencrypt/accounts’: Permission denied
find: ‘/root’: Permission denied
find: ‘/lost+found’: Permission denied
vishus@localhost:~$ find / -iname 'acme-nginx' -print 2>/dev/null
/home/vishus/.local/bin/acme-nginx
vishus@localhost:~$ cd /home/vishus/.local
vishus@localhost:~/.local$ ls
bin  lib
vishus@localhost:~/.local$ ls -A
bin  lib
vishus@localhost:~/.local$ cd bin
vishus@localhost:~/.local/bin$ ls -A
acme-nginx
vishus@localhost:~/.local/bin$ cd acme-nginx
-bash: cd: acme-nginx: Not a directory
vishus@localhost:~/.local/bin$ cd acme-nginx
-bash: cd: acme-nginx: Not a directory
vishus@localhost:~/.local/bin$ ls -l
total 4
-rwxrwxr-x 1 vishus vishus 219 Jan 12 08:33 acme-nginx
vishus@localhost:~/.local/bin$ sudo acme-nginx -d vishus.net
sudo: acme-nginx: command not found
vishus@localhost:~/.local/bin$ vi acme-nginx
vishus@localhost:~/.local/bin$ bash acme-nginx -d vishus.net
acme-nginx: line 4: import: command not found
acme-nginx: line 5: import: command not found
from: can't read /var/mail/acme_nginx.client
acme-nginx: line 10: syntax error near unexpected token `('
acme-nginx: line 10: `    sys.argv[0] = re.sub(r'(-script\.pyw?|\.exe)?$', '', sys.argv[0])'
vishus@localhost:~/.local/bin$ bash acme-nginx
acme-nginx: line 4: import: command not found
acme-nginx: line 5: import: command not found
from: can't read /var/mail/acme_nginx.client
acme-nginx: line 10: syntax error near unexpected token `('
acme-nginx: line 10: `    sys.argv[0] = re.sub(r'(-script\.pyw?|\.exe)?$', '', sys.argv[0])'
vishus@localhost:~/.local/bin$ acme-nginx
acme-nginx: command not found
vishus@localhost:~/.local/bin$ cd /opt/letsencrypt
vishus@localhost:/opt/letsencrypt$ sudo -H ./letsencrypt-auto certonly --standalone -d vishus.net
Saving debug log to /var/log/letsencrypt/letsencrypt.log
Plugins selected: Authenticator standalone, Installer None
Obtaining a new certificate
Performing the following challenges:
http-01 challenge for vishus.net
Cleaning up challenges
Problem binding to port 80: Could not bind to IPv4 or IPv6.
vishus@localhost:/opt/letsencrypt$ cd /home/vishus
vishus@localhost:~$ mkdir le-pad
vishus@localhost:~$ cd le-pad
vishus@localhost:~/le-pad$ wget https://dl.eff.org/certbot-auto
Will not apply HSTS. The HSTS database must be a regular and non-world-writable file.
ERROR: could not open HSTS store at '/home/vishus/.wget-hsts'. HSTS will be disabled.
--2018-01-12 08:44:09--  https://dl.eff.org/certbot-auto
Resolving dl.eff.org (dl.eff.org)... 2a04:4e42:a::201, 151.101.40.201
Connecting to dl.eff.org (dl.eff.org)|2a04:4e42:a::201|:443... connected.
HTTP request sent, awaiting response... 200 OK
Length: 57381 (56K) [application/octet-stream]
Saving to: ‘certbot-auto’

certbot-auto                        100%[=================================================================>]  56.04K  --.-KB/s    in 0.003s

2018-01-12 08:44:10 (17.1 MB/s) - ‘certbot-auto’ saved [57381/57381]

vishus@localhost:~/le-pad$ chmod a+x ./certbot-auto
vishus@localhost:~/le-pad$ ./certbot-auto --help
Requesting to rerun ./certbot-auto with root privileges...

-------------------------------------------------------------------------------

  certbot-auto [SUBCOMMAND] [options] [-d DOMAIN] [-d DOMAIN] ...

Certbot can obtain and install HTTPS/TLS/SSL certificates.  By default,
it will attempt to use a webserver both for obtaining and installing the
certificate. The most common SUBCOMMANDS and flags are:

obtain, install, and renew certificates:
    (default) run   Obtain & install a certificate in your current webserver
    certonly        Obtain or renew a certificate, but do not install it
    renew           Renew all previously obtained certificates that are near
expiry
   -d DOMAINS       Comma-separated list of domains to obtain a certificate for

  --apache          Use the Apache plugin for authentication & installation
  --standalone      Run a standalone webserver for authentication
  --nginx           Use the Nginx plugin for authentication & installation
  --webroot         Place files in a server's webroot folder for authentication
  --manual          Obtain certificates interactively, or using shell script
hooks

   -n               Run non-interactively
  --test-cert       Obtain a test certificate from a staging server
  --dry-run         Test "renew" or "certonly" without saving any certificates
to disk

manage certificates:
    certificates    Display information about certificates you have from Certbot
    revoke          Revoke a certificate (supply --cert-path)
    delete          Delete a certificate

manage your account with Let's Encrypt:
    register        Create a Let's Encrypt ACME account
  --agree-tos       Agree to the ACME server's Subscriber Agreement
   -m EMAIL         Email address for important account notifications

More detailed help:

  -h, --help [TOPIC]    print this message, or detailed help on a topic;
                        the available TOPICS are:

   all, automation, commands, paths, security, testing, or any of the
   subcommands or plugins (certonly, renew, install, register, nginx,
   apache, standalone, webroot, etc.)
-------------------------------------------------------------------------------
vishus@localhost:~/le-pad$ sudo ./certbot-auto -d vishus.net --nginx --dry-run
--dry-run currently only works with the 'certonly' or 'renew' subcommands ('run')
vishus@localhost:~/le-pad$ sudo ./certbot-auto -d vishus.net --nginx
Saving debug log to /var/log/letsencrypt/letsencrypt.log
Plugins selected: Authenticator nginx, Installer nginx
Obtaining a new certificate
Performing the following challenges:
Client with the currently selected authenticator does not support any combination of challenges that will satisfy the CA.
Client with the currently selected authenticator does not support any combination of challenges that will satisfy the CA.
vishus@localhost:~/le-pad$ sudo certbot --authenticator standalone --installer nginx -d vishus.net --pre-hook "service nginx stop" --post-hoo k "service nginx start"
Saving debug log to /var/log/letsencrypt/letsencrypt.log
Plugins selected: Authenticator standalone, Installer nginx
Running pre-hook command: service nginx stop
Obtaining a new certificate
Performing the following challenges:
http-01 challenge for vishus.net
Waiting for verification...
Cleaning up challenges
Running post-hook command: service nginx start
Cannot find a VirtualHost matching domain vishus.net. In order for Certbot to correctly perform the challenge please add a corresponding server_name directive to your nginx configuration: https://nginx.org/en/docs/http/server_names.html

IMPORTANT NOTES:
 - Unable to install the certificate
 - Congratulations! Your certificate and chain have been saved at:
   /etc/letsencrypt/live/vishus.net/fullchain.pem
   Your key file has been saved at:
   /etc/letsencrypt/live/vishus.net/privkey.pem
   Your cert will expire on 2018-04-12. To obtain a new or tweaked
   version of this certificate in the future, simply run certbot again
   with the "certonly" option. To non-interactively renew *all* of
   your certificates, run "certbot renew"
vishus@localhost:~/le-pad$ cd ../backups
vishus@localhost:~/backups$ ls
blogr                                       blogr-systemd-backup-post-restart.service  executables  nginx
blogr-service-backup-old-blogr-exe.service  db                                         letsenc      server
blogr-service-backup.service                default-enabled                            logs         systemd-blogr-attempt1
vishus@localhost:~/backups$ cd letsenc
vishus@localhost:~/backups/letsenc$ sudo tar -cvjSf /home/vishus/backups/letsenc/lets-encrypt.tar.bz2 /etc/letsencrypt
tar: Removing leading `/' from member names
/etc/letsencrypt/
/etc/letsencrypt/csr/
/etc/letsencrypt/csr/0000_csr-certbot.pem
/etc/letsencrypt/ssl-dhparams.pem
/etc/letsencrypt/options-ssl-nginx.conf
/etc/letsencrypt/accounts/
/etc/letsencrypt/accounts/acme-v01.api.letsencrypt.org/
/etc/letsencrypt/accounts/acme-v01.api.letsencrypt.org/directory/
/etc/letsencrypt/accounts/acme-v01.api.letsencrypt.org/directory/3f6dfadb9ff20393d60d9fab8d582a81/
/etc/letsencrypt/accounts/acme-v01.api.letsencrypt.org/directory/3f6dfadb9ff20393d60d9fab8d582a81/private_key.json
/etc/letsencrypt/accounts/acme-v01.api.letsencrypt.org/directory/3f6dfadb9ff20393d60d9fab8d582a81/regr.json
/etc/letsencrypt/accounts/acme-v01.api.letsencrypt.org/directory/3f6dfadb9ff20393d60d9fab8d582a81/meta.json
/etc/letsencrypt/.updated-options-ssl-nginx-conf-digest.txt
/etc/letsencrypt/live/
/etc/letsencrypt/live/vishus.net/
/etc/letsencrypt/live/vishus.net/fullchain.pem
/etc/letsencrypt/live/vishus.net/chain.pem
/etc/letsencrypt/live/vishus.net/README
/etc/letsencrypt/live/vishus.net/cert.pem
/etc/letsencrypt/live/vishus.net/privkey.pem
/etc/letsencrypt/.updated-ssl-dhparams-pem-digest.txt
/etc/letsencrypt/renewal-hooks/
/etc/letsencrypt/renewal-hooks/pre/
/etc/letsencrypt/renewal-hooks/post/
/etc/letsencrypt/renewal-hooks/deploy/
/etc/letsencrypt/archive/
/etc/letsencrypt/archive/vishus.net/
/etc/letsencrypt/archive/vishus.net/fullchain1.pem
/etc/letsencrypt/archive/vishus.net/privkey1.pem
/etc/letsencrypt/archive/vishus.net/cert1.pem
/etc/letsencrypt/archive/vishus.net/chain1.pem
/etc/letsencrypt/keys/
/etc/letsencrypt/keys/0000_key-certbot.pem
/etc/letsencrypt/renewal/
/etc/letsencrypt/renewal/vishus.net.conf
vishus@localhost:~/backups/letsenc$ ls /etc/letsencrypt/live/vishus.net
ls: cannot access '/etc/letsencrypt/live/vishus.net': Permission denied
vishus@localhost:~/backups/letsenc$ sudo ls /etc/letsencrypt/live/vishus.net
cert.pem  chain.pem  fullchain.pem  privkey.pem  README
vishus@localhost:~/backups/letsenc$ openssl rand -base64 32
XJyPFUxIUU3QIozfkk/MWyAJwPb3DihykXcEiqOMfVA=
vishus@localhost:~/backups/letsenc$ sudo vi /etc/letsencrypt/live/vishus.net/chain.pem
vishus@localhost:~/backups/letsenc$ sudo vi /etc/letsencrypt/live/vishus.net/cert.pem
vishus@localhost:~/backups/letsenc$ sudo vi /etc/letsencrypt/live/vishus.net/cert.pem
vishus@localhost:~/backups/letsenc$ sudo vi /etc/letsencrypt/live/vishus.net/chain.pem
vishus@localhost:~/backups/letsenc$ sudo vi /etc/letsencrypt/live/vishus.net/privkey.pem
vishus@localhost:~/backups/letsenc$ sudo vi /etc/letsencrypt/live/vishus.net/chain.pem
vishus@localhost:~/backups/letsenc$ cd ~/blogr
vishus@localhost:~/blogr$ sudo systemctl stop blogr
vishus@localhost:~/blogr$ bash build.sh
   Compiling blogr v0.4.3 (file:///home/vishus/blogr)
    Finished release [optimized] target(s) in 59.77 secs
vishus@localhost:~/blogr$  sudo systemctl start blogr
vishus@localhost:~/blogr$ vi logs/requests.log
vishus@localhost:~/blogr$ sudo systemctl stop blogr
vishus@localhost:~/blogr$ bash build.sh
error: failed to parse manifest at `/home/vishus/blogr/Cargo.toml`

Caused by:
  could not parse input as TOML

Caused by:
  duplicate key: `rocket` for key `dependencies`
vishus@localhost:~/blogr$ bash build.sh
 Downloading rustls v0.9.0
 Downloading hyper-sync-rustls v0.1.0
 Downloading webpki v0.14.0
 Downloading webpki-roots v0.11.0
   Compiling rocket v0.3.3
   Compiling ring v0.11.0
   Compiling cookie v0.9.2
   Compiling webpki v0.14.0
   Compiling rustls v0.9.0
   Compiling webpki-roots v0.11.0
   Compiling hyper-sync-rustls v0.1.0
   Compiling rocket_contrib v0.3.3
   Compiling rocket_codegen v0.3.3
   Compiling rocket-auth-login v0.2.1
   Compiling blogr v0.4.3 (file:///home/vishus/blogr)
    Finished release [optimized] target(s) in 185.80 secs
vishus@localhost:~/blogr$ sudo systemctl start blogr
vishus@localhost:~/blogr$ vi logs/requests.log
vishus@localhost:~/blogr$ vi /etc/nginx/sites-available/blogr
vishus@localhost:~/blogr$ vi /etc/nginx/sites-available/blog
vishus@localhost:~/blogr$ sudo vi /etc/nginx/sites-available/blog
vishus@localhost:~/blogr$ sudo systemctl stop nginx
vishus@localhost:~/blogr$ sudo systemctl start nginx
vishus@localhost:~/blogr$ vi logs/requests.log
vishus@localhost:~/blogr$ sudo vi /etc/nginx/sites-available/blog
vishus@localhost:~/blogr$ sudo systemctl stop nginx
vishus@localhost:~/blogr$ sudo systemctl start nginx
vishus@localhost:~/blogr$ sudo vi /etc/nginx/sites-available/blog
vishus@localhost:~/blogr$ sudo systemctl stop nginx
vishus@localhost:~/blogr$ sudo systemctl start nginx
vishus@localhost:~/blogr$ sudo vi /etc/nginx/sites-available/blog
vishus@localhost:~/blogr$ sudo systemctl stop nginx
vishus@localhost:~/blogr$ sudo systemctl start nginx
vishus@localhost:~/blogr$ sudo vi /etc/nginx/sites-available/blog
vishus@localhost:~/blogr$ cp /etc/nginx/sites-available/blog /home/vishus/backups/nginx-ssl-conf.bak
vishus@localhost:~/blogr$ sudo vi /etc/nginx/sites-available/blog
vishus@localhost:~/blogr$ sudo systemctl stop blogr
vishus@localhost:~/blogr$ bash build.sh
    Finished release [optimized] target(s) in 0.0 secs
vishus@localhost:~/blogr$ sudo systemctl start blogr
vishus@localhost:~/blogr$ sudo vi /etc/nginx/sites-available/blog
vishus@localhost:~/blogr$ sudo systemctl stop blogr
vishus@localhost:~/blogr$ sudo systemctl start blogr
vishus@localhost:~/blogr$ vi logs/requests.log
vishus@localhost:~/blogr$ vi logs/requests.log
vishus@localhost:~/blogr$ sudo vi /etc/nginx/sites-available/blog
vishus@localhost:~/blogr$ bash build.sh
    Finished release [optimized] target(s) in 0.0 secs
vishus@localhost:~/blogr$ bash build.sh
   Compiling blogr v0.4.3 (file:///home/vishus/blogr)
    Finished release [optimized] target(s) in 57.71 secs
vishus@localhost:~/blogr$ sudo systemctl start blogr
vishus@localhost:~/blogr$ vi logs/requests.log
vishus@localhost:~/blogr$ sudo vi /etc/nginx/sites-available/blog
vishus@localhost:~/blogr$ sudo systemctl daemon-reload
vishus@localhost:~/blogr$ sudo systemctl stop nginx
vishus@localhost:~/blogr$ sudo systemctl stop blogr
vishus@localhost:~/blogr$ sudo systemctl start nginx
vishus@localhost:~/blogr$ sudo systemctl start blogr
vishus@localhost:~/blogr$ cd ../
vishus@localhost:~$ ls backups
blogr                                       db               logs                systemd-blogr-attempt1
blogr-service-backup-old-blogr-exe.service  default-enabled  nginx
blogr-service-backup.service                executables      nginx-ssl-conf.bak
blogr-systemd-backup-post-restart.service   letsenc          server
vishus@localhost:~$ mkdir backups/blogr/2018-01-12
vishus@localhost:~$ sudo tar -cvjSf backups/blogr/2018-01-12/pre-ssl.tar.bz2 ~/blogr
[sudo] password for vishus:

...files...

vishus@localhost:~$ ls -lA backups/blogr/2018-01-12
total 300936
-rw-r--r-- 1 root root 308150730 Jan 12 23:16 pre-ssl.tar.bz2
vishus@localhost:~$ ls /srv/ssl
ls: cannot access '/srv/ssl': No such file or directory
vishus@localhost:~$ ls /srv
ftp
vishus@localhost:~$ ls /srv/ftp
vishus@localhost:~$ ls /etc/letsencrypt/live
ls: cannot open directory '/etc/letsencrypt/live': Permission denied
vishus@localhost:~$ ls /etc/letsencrypt/live/vishus.net/
ls: cannot access '/etc/letsencrypt/live/vishus.net/': Permission denied
vishus@localhost:~$ sudo /etc/letsencrypt/live/vishus.net/
[sudo] password for vishus:
sudo: /etc/letsencrypt/live/vishus.net/: command not found
vishus@localhost:~$ sudo ls /etc/letsencrypt/live/vishus.net/
cert.pem  chain.pem  fullchain.pem  privkey.pem  README
vishus@localhost:~$ sudo vi /etc/hosts
vishus@localhost:~$ vi /etc/letsencrypt/live/vishus.net/README
vishus@localhost:~$ sudo vi /etc/letsencrypt/live/vishus.net/README
vishus@localhost:~$ sudo vi /etc/nginx/snippets/letsencrypt.conf
vishus@localhost:~$ sudo mkdir -p /var/www/letsencrypt/.well-known/acme-challenge
vishus@localhost:~$ sudo vi /etc/nginx/snippets/ssl.conf
vishus@localhost:~$ sudo vi /etc/nginx/sites-available/blog
vishus@localhost:~$ sudo vi /etc/nginx/sites-available/blog
vishus@localhost:~$ sudo cp /etc/nginx/sites-available/blog ~/backups/nginx-ssl-config.bak
vishus@localhost:~$ sudo vi crontab -e
vishus@localhost:~$ crontab -e
no crontab for vishus - using an empty one

Select an editor.  To change later, run 'select-editor'.
  1. /bin/nano        <---- easiest
  2. /usr/bin/vim.basic
  3. /usr/bin/vim.tiny
  4. /bin/ed

Choose 1-4 [1]: 2
crontab: installing new crontab
vishus@localhost:~$ cp blogr blogr-ssl
cp: -r not specified; omitting directory 'blogr'
vishus@localhost:~$ ls
backups  blog0                blogr   blogr-archive  blogr-exe-1                   blog.tar.bz2  deploy.env
blog     blogarchive.tar.bz2  blogr0  blogr-exe      blogr-exe-pre-prod_dev-modes  default       le-pad
vishus@localhost:~$ mkdir blogr-tls
vishus@localhost:~$ sudo cp -R blogr blogr-tls
vishus@localhost:~$ sudo mv -R blogr-tls/* blogr-tls
mv: invalid option -- 'R'
Try 'mv --help' for more information.
vishus@localhost:~$ sudo mv blogr-tls/* blogr-tls
mv: 'blogr-tls/blogr' and 'blogr-tls/blogr' are the same file
vishus@localhost:~$ mkdir blogr-ssl
vishus@localhost:~$ sudo mv blogr-tls/blogr/* blogr-ssl
vishus@localhost:~$ ls blogr-ssl
blogr-executable                       build-backup.sh  libpq-win.lib     production.sh               run.sh           static
blogr-executable-before-img-preview    build.sh         logs              Rocket.toml                 scripts          target
blogr-executable-post-body-bg-img.bak  Cargo.lock       notes             Rocket.toml.old1            src              templates
blogr-post-copyright-and-icons         Cargo.toml       Prod-Cargo.toml   Rocket.toml.old-vishus-net  SSL-Cargo.toml
blogr-pre-copyright-and-icons          Cargo.toml.bak   Prod-Rocket.toml  run-backup.sh               SSL-Rocket.toml
vishus@localhost:~$ ls blogr-tls
blogr
vishus@localhost:~$ ls blogr-tls/blogr
vishus@localhost:~$ rm blogr-tls/blogr
rm: cannot remove 'blogr-tls/blogr': Is a directory
vishus@localhost:~$ sudo rm -rf blogr-tls
vishus@localhost:~$ ls
backups  blog0                blogr   blogr-archive  blogr-exe-1                   blogr-ssl     default     le-pad
blog     blogarchive.tar.bz2  blogr0  blogr-exe      blogr-exe-pre-prod_dev-modes  blog.tar.bz2  deploy.env
vishus@localhost:~$ mv blogr-ssl blogr-tls
vishus@localhost:~$ cp --help
Usage: cp [OPTION]... [-T] SOURCE DEST
  or:  cp [OPTION]... SOURCE... DIRECTORY
  or:  cp [OPTION]... -t DIRECTORY SOURCE...
Copy SOURCE to DEST, or multiple SOURCE(s) to DIRECTORY.

Mandatory arguments to long options are mandatory for short options too.
  -a, --archive                same as -dR --preserve=all
      --attributes-only        don't copy the file data, just the attributes
      --backup[=CONTROL]       make a backup of each existing destination file
  -b                           like --backup but does not accept an argument
      --copy-contents          copy contents of special files when recursive
  -d                           same as --no-dereference --preserve=links
  -f, --force                  if an existing destination file cannot be
                                 opened, remove it and try again (this option
                                 is ignored when the -n option is also used)
  -i, --interactive            prompt before overwrite (overrides a previous -n
                                  option)
  -H                           follow command-line symbolic links in SOURCE
  -l, --link                   hard link files instead of copying
  -L, --dereference            always follow symbolic links in SOURCE
  -n, --no-clobber             do not overwrite an existing file (overrides
                                 a previous -i option)
  -P, --no-dereference         never follow symbolic links in SOURCE
  -p                           same as --preserve=mode,ownership,timestamps
      --preserve[=ATTR_LIST]   preserve the specified attributes (default:
                                 mode,ownership,timestamps), if possible
                                 additional attributes: context, links, xattr,
                                 all
      --no-preserve=ATTR_LIST  don't preserve the specified attributes
      --parents                use full source file name under DIRECTORY
  -R, -r, --recursive          copy directories recursively
      --reflink[=WHEN]         control clone/CoW copies. See below
      --remove-destination     remove each existing destination file before
                                 attempting to open it (contrast with --force)
      --sparse=WHEN            control creation of sparse files. See below
      --strip-trailing-slashes  remove any trailing slashes from each SOURCE
                                 argument
  -s, --symbolic-link          make symbolic links instead of copying
  -S, --suffix=SUFFIX          override the usual backup suffix
  -t, --target-directory=DIRECTORY  copy all SOURCE arguments into DIRECTORY
  -T, --no-target-directory    treat DEST as a normal file
  -u, --update                 copy only when the SOURCE file is newer
                                 than the destination file or when the
                                 destination file is missing
  -v, --verbose                explain what is being done
  -x, --one-file-system        stay on this file system
  -Z                           set SELinux security context of destination
                                 file to default type
      --context[=CTX]          like -Z, or if CTX is specified then set the
                                 SELinux or SMACK security context to CTX
      --help     display this help and exit
      --version  output version information and exit

By default, sparse SOURCE files are detected by a crude heuristic and the
corresponding DEST file is made sparse as well.  That is the behavior
selected by --sparse=auto.  Specify --sparse=always to create a sparse DEST
file whenever the SOURCE file contains a long enough sequence of zero bytes.
Use --sparse=never to inhibit creation of sparse files.

When --reflink[=always] is specified, perform a lightweight copy, where the
data blocks are copied only when modified.  If this is not possible the copy
fails, or if --reflink=auto is specified, fall back to a standard copy.

The backup suffix is '~', unless set with --suffix or SIMPLE_BACKUP_SUFFIX.
The version control method may be selected via the --backup option or through
the VERSION_CONTROL environment variable.  Here are the values:

  none, off       never make backups (even if --backup is given)
  numbered, t     make numbered backups
  existing, nil   numbered if numbered backups exist, simple otherwise
  simple, never   always make simple backups

As a special case, cp makes a backup of SOURCE when the force and backup
options are given and SOURCE and DEST are the same name for an existing,
regular file.

GNU coreutils online help: <http://www.gnu.org/software/coreutils/>
Full documentation at: <http://www.gnu.org/software/coreutils/cp>
or available locally via: info '(coreutils) cp invocation'
vishus@localhost:~$ sudo cp -R blogr blogr-tls
vishus@localhost:~$ ls blogr-tls
blogr                                  build-backup.sh  logs              Rocket.toml.old1            SSL-Cargo.toml
blogr-executable                       build.sh         notes             Rocket.toml.old-vishus-net  SSL-Rocket.toml
blogr-executable-before-img-preview    Cargo.lock       Prod-Cargo.toml   run-backup.sh               static
blogr-executable-post-body-bg-img.bak  Cargo.toml       Prod-Rocket.toml  run.sh                      target
blogr-post-copyright-and-icons         Cargo.toml.bak   production.sh     scripts                     templates
blogr-pre-copyright-and-icons          libpq-win.lib    Rocket.toml       src
vishus@localhost:~$ chmod -R 666 blogr-tls
chmod: cannot access 'blogr-tls/run-backup.sh': Permission denied
chmod: cannot access 'blogr-tls/libpq-win.lib': Permission denied
chmod: cannot access 'blogr-tls/Rocket.toml.old1': Permission denied
chmod: cannot access 'blogr-tls/target': Permission denied
chmod: cannot access 'blogr-tls/notes': Permission denied
chmod: cannot access 'blogr-tls/blogr': Permission denied
chmod: cannot access 'blogr-tls/build-backup.sh': Permission denied
chmod: cannot access 'blogr-tls/src': Permission denied
chmod: cannot access 'blogr-tls/Cargo.toml.bak': Permission denied
chmod: cannot access 'blogr-tls/build.sh': Permission denied
chmod: cannot access 'blogr-tls/blogr-pre-copyright-and-icons': Permission denied
chmod: cannot access 'blogr-tls/blogr-executable': Permission denied
chmod: cannot access 'blogr-tls/Cargo.toml': Permission denied
chmod: cannot access 'blogr-tls/production.sh': Permission denied
chmod: cannot access 'blogr-tls/blogr-post-copyright-and-icons': Permission denied
chmod: cannot access 'blogr-tls/Prod-Cargo.toml': Permission denied
chmod: cannot access 'blogr-tls/Rocket.toml.old-vishus-net': Permission denied
chmod: cannot access 'blogr-tls/Cargo.lock': Permission denied
chmod: cannot access 'blogr-tls/blogr-executable-post-body-bg-img.bak': Permission denied
chmod: cannot access 'blogr-tls/run.sh': Permission denied
chmod: cannot access 'blogr-tls/blogr-executable-before-img-preview': Permission denied
chmod: cannot access 'blogr-tls/scripts': Permission denied
chmod: cannot access 'blogr-tls/SSL-Cargo.toml': Permission denied
chmod: cannot access 'blogr-tls/static': Permission denied
chmod: cannot access 'blogr-tls/SSL-Rocket.toml': Permission denied
chmod: cannot access 'blogr-tls/Rocket.toml': Permission denied
chmod: cannot access 'blogr-tls/logs': Permission denied
chmod: cannot access 'blogr-tls/Prod-Rocket.toml': Permission denied
chmod: cannot access 'blogr-tls/templates': Permission denied
vishus@localhost:~$ sudo chmod -R 666 blogr-tls
vishus@localhost:~$ sudo ls -lA blogr
total 52048
-rwxrwxr-x 1 vishus vishus   10614496 Jan 12 09:36 blogr-executable
-rwxrwxr-x 1 vishus vishus   10610304 Jan 12 03:12 blogr-executable-before-img-preview
-rwxrwxr-x 1 vishus vishus   10614984 Jan 11 00:10 blogr-executable-post-body-bg-img.bak
-rwxrwxr-x 1 vishus vishus   10619184 Jan  8 03:45 blogr-post-copyright-and-icons
-rwxrwxr-x 1 vishus vishus   10619184 Jan  8 03:42 blogr-pre-copyright-and-icons
-rwxrwxr-x 1 vishus vishus        299 Jan  9 01:31 build-backup.sh
-rwxrwxr-x 1 vishus vishus        380 Jan  9 01:32 build.sh
-rwxrwxrwx 1 vishus www-data    78756 Jan 12 09:31 Cargo.lock
-rw------- 1 vishus vishus       2606 Jan 12 09:33 Cargo.toml
-rwxrwxrwx 1 vishus www-data     1793 Jan  7 08:49 Cargo.toml.bak
-rw------- 1 vishus vishus         48 Jan 11 00:09 .gitignore
-rwxrwxrwx 1 vishus www-data    34018 Oct  3 05:42 libpq-win.lib
drwxrwxrwx 2 vishus www-data     4096 Jan 12 09:47 logs
drwxrwxrwx 3 vishus www-data     4096 Dec 30 10:21 notes
-rw------- 1 vishus vishus       2693 Jan 12 09:11 Prod-Cargo.toml
-rw------- 1 vishus vishus        739 Jan 12 09:03 Prod-Rocket.toml
-rwxrwxrwx 1 vishus vishus        209 Jan  3 05:44 production.sh
-rwxrwxrwx 1 vishus www-data      663 Jan 12 09:33 Rocket.toml
-rwxrwxrwx 1 vishus www-data      663 Dec 31 03:26 Rocket.toml.old1
-rwxrwxrwx 1 vishus www-data      666 Dec 31 05:30 Rocket.toml.old-vishus-net
-rw-rw-r-- 1 vishus vishus        199 Jan  9 01:06 run-backup.sh
-rw-rw-r-- 1 vishus vishus        364 Jan  9 01:36 run.sh
drwx------ 2 vishus vishus       4096 Jan  3 11:08 scripts
drwxrwxrwx 2 vishus www-data     4096 Jan 12 09:30 src
-rw------- 1 vishus vishus       2693 Jan 12 09:11 SSL-Cargo.toml
-rw------- 1 vishus vishus        739 Jan 12 09:02 SSL-Rocket.toml
drwxrwxrwx 8 vishus www-data     4096 Jan  9 01:41 static
drwxrwxrwx 4 vishus www-data     4096 Dec 31 02:18 target
drwxrwxrwx 3 vishus www-data     4096 Jan  3 06:28 templates
vishus@localhost:~$ chmod 777 blogr-tls/target/release/blogr
chmod: cannot access 'blogr-tls/target/release/blogr': Permission denied
vishus@localhost:~$ sudo chmod 777 blogr-tls/target/release/blogr
vishus@localhost:~$ sudo ls -lA blogr-tls
total 52048
drw-rw-rw- 9 root root     4096 Jan 13 03:41 blogr
-rw-rw-rw- 1 root root 10614496 Jan 13 03:35 blogr-executable
-rw-rw-rw- 1 root root 10610304 Jan 13 03:35 blogr-executable-before-img-preview
-rw-rw-rw- 1 root root 10614984 Jan 13 03:35 blogr-executable-post-body-bg-img.bak
-rw-rw-rw- 1 root root 10619184 Jan 13 03:35 blogr-post-copyright-and-icons
-rw-rw-rw- 1 root root 10619184 Jan 13 03:35 blogr-pre-copyright-and-icons
-rw-rw-rw- 1 root root      299 Jan 13 03:35 build-backup.sh
-rw-rw-rw- 1 root root      380 Jan 13 03:35 build.sh
-rw-rw-rw- 1 root root    78756 Jan 13 03:35 Cargo.lock
-rw-rw-rw- 1 root root     2606 Jan 13 03:35 Cargo.toml
-rw-rw-rw- 1 root root     1793 Jan 13 03:35 Cargo.toml.bak
-rw-rw-rw- 1 root root    34018 Jan 13 03:35 libpq-win.lib
drw-rw-rw- 2 root root     4096 Jan 13 03:35 logs
drw-rw-rw- 3 root root     4096 Jan 13 03:35 notes
-rw-rw-rw- 1 root root     2693 Jan 13 03:35 Prod-Cargo.toml
-rw-rw-rw- 1 root root      739 Jan 13 03:35 Prod-Rocket.toml
-rw-rw-rw- 1 root root      209 Jan 13 03:35 production.sh
-rw-rw-rw- 1 root root      663 Jan 13 03:35 Rocket.toml
-rw-rw-rw- 1 root root      663 Jan 13 03:35 Rocket.toml.old1
-rw-rw-rw- 1 root root      666 Jan 13 03:35 Rocket.toml.old-vishus-net
-rw-rw-rw- 1 root root      199 Jan 13 03:35 run-backup.sh
-rw-rw-rw- 1 root root      364 Jan 13 03:35 run.sh
drw-rw-rw- 2 root root     4096 Jan 13 03:35 scripts
drw-rw-rw- 2 root root     4096 Jan 13 03:35 src
-rw-rw-rw- 1 root root     2693 Jan 13 03:35 SSL-Cargo.toml
-rw-rw-rw- 1 root root      739 Jan 13 03:35 SSL-Rocket.toml
drw-rw-rw- 8 root root     4096 Jan 13 03:35 static
drw-rw-rw- 4 root root     4096 Jan 13 03:35 target
drw-rw-rw- 3 root root     4096 Jan 13 03:35 templates
vishus@localhost:~$ ls /home/vishus/blogr-tls
ls: cannot access '/home/vishus/blogr-tls/run-backup.sh': Permission denied
ls: cannot access '/home/vishus/blogr-tls/libpq-win.lib': Permission denied
ls: cannot access '/home/vishus/blogr-tls/Rocket.toml.old1': Permission denied
ls: cannot access '/home/vishus/blogr-tls/target': Permission denied
ls: cannot access '/home/vishus/blogr-tls/notes': Permission denied
ls: cannot access '/home/vishus/blogr-tls/blogr': Permission denied
ls: cannot access '/home/vishus/blogr-tls/build-backup.sh': Permission denied
ls: cannot access '/home/vishus/blogr-tls/src': Permission denied
ls: cannot access '/home/vishus/blogr-tls/Cargo.toml.bak': Permission denied
ls: cannot access '/home/vishus/blogr-tls/build.sh': Permission denied
ls: cannot access '/home/vishus/blogr-tls/blogr-pre-copyright-and-icons': Permission denied
ls: cannot access '/home/vishus/blogr-tls/blogr-executable': Permission denied
ls: cannot access '/home/vishus/blogr-tls/Cargo.toml': Permission denied
ls: cannot access '/home/vishus/blogr-tls/production.sh': Permission denied
ls: cannot access '/home/vishus/blogr-tls/blogr-post-copyright-and-icons': Permission denied
ls: cannot access '/home/vishus/blogr-tls/Prod-Cargo.toml': Permission denied
ls: cannot access '/home/vishus/blogr-tls/Rocket.toml.old-vishus-net': Permission denied
ls: cannot access '/home/vishus/blogr-tls/Cargo.lock': Permission denied
ls: cannot access '/home/vishus/blogr-tls/blogr-executable-post-body-bg-img.bak': Permission denied
ls: cannot access '/home/vishus/blogr-tls/run.sh': Permission denied
ls: cannot access '/home/vishus/blogr-tls/blogr-executable-before-img-preview': Permission denied
ls: cannot access '/home/vishus/blogr-tls/scripts': Permission denied
ls: cannot access '/home/vishus/blogr-tls/SSL-Cargo.toml': Permission denied
ls: cannot access '/home/vishus/blogr-tls/static': Permission denied
ls: cannot access '/home/vishus/blogr-tls/SSL-Rocket.toml': Permission denied
ls: cannot access '/home/vishus/blogr-tls/Rocket.toml': Permission denied
ls: cannot access '/home/vishus/blogr-tls/logs': Permission denied
ls: cannot access '/home/vishus/blogr-tls/Prod-Rocket.toml': Permission denied
ls: cannot access '/home/vishus/blogr-tls/templates': Permission denied
blogr                                  build-backup.sh  logs              Rocket.toml.old1            SSL-Cargo.toml
blogr-executable                       build.sh         notes             Rocket.toml.old-vishus-net  SSL-Rocket.toml
blogr-executable-before-img-preview    Cargo.lock       Prod-Cargo.toml   run-backup.sh               static
blogr-executable-post-body-bg-img.bak  Cargo.toml       Prod-Rocket.toml  run.sh                      target
blogr-post-copyright-and-icons         Cargo.toml.bak   production.sh     scripts                     templates
blogr-pre-copyright-and-icons          libpq-win.lib    Rocket.toml       src
vishus@localhost:~$ sudo ls /home/vishus/blogr-tls
blogr                                  build-backup.sh  logs              Rocket.toml.old1            SSL-Cargo.toml
blogr-executable                       build.sh         notes             Rocket.toml.old-vishus-net  SSL-Rocket.toml
blogr-executable-before-img-preview    Cargo.lock       Prod-Cargo.toml   run-backup.sh               static
blogr-executable-post-body-bg-img.bak  Cargo.toml       Prod-Rocket.toml  run.sh                      target
blogr-post-copyright-and-icons         Cargo.toml.bak   production.sh     scripts                     templates
blogr-pre-copyright-and-icons          libpq-win.lib    Rocket.toml       src
vishus@localhost:~$ sudo ls -lA /home/vishus/blogr-tls
total 52048
drw-rw-rw- 9 root root     4096 Jan 13 03:41 blogr
-rw-rw-rw- 1 root root 10614496 Jan 13 03:35 blogr-executable
-rw-rw-rw- 1 root root 10610304 Jan 13 03:35 blogr-executable-before-img-preview
-rw-rw-rw- 1 root root 10614984 Jan 13 03:35 blogr-executable-post-body-bg-img.bak
-rw-rw-rw- 1 root root 10619184 Jan 13 03:35 blogr-post-copyright-and-icons
-rw-rw-rw- 1 root root 10619184 Jan 13 03:35 blogr-pre-copyright-and-icons
-rw-rw-rw- 1 root root      299 Jan 13 03:35 build-backup.sh
-rw-rw-rw- 1 root root      380 Jan 13 03:35 build.sh
-rw-rw-rw- 1 root root    78756 Jan 13 03:35 Cargo.lock
-rw-rw-rw- 1 root root     2606 Jan 13 03:35 Cargo.toml
-rw-rw-rw- 1 root root     1793 Jan 13 03:35 Cargo.toml.bak
-rw-rw-rw- 1 root root    34018 Jan 13 03:35 libpq-win.lib
drw-rw-rw- 2 root root     4096 Jan 13 03:35 logs
drw-rw-rw- 3 root root     4096 Jan 13 03:35 notes
-rw-rw-rw- 1 root root     2693 Jan 13 03:35 Prod-Cargo.toml
-rw-rw-rw- 1 root root      739 Jan 13 03:35 Prod-Rocket.toml
-rw-rw-rw- 1 root root      209 Jan 13 03:35 production.sh
-rw-rw-rw- 1 root root      663 Jan 13 03:35 Rocket.toml
-rw-rw-rw- 1 root root      663 Jan 13 03:35 Rocket.toml.old1
-rw-rw-rw- 1 root root      666 Jan 13 03:35 Rocket.toml.old-vishus-net
-rw-rw-rw- 1 root root      199 Jan 13 03:35 run-backup.sh
-rw-rw-rw- 1 root root      364 Jan 13 03:35 run.sh
drw-rw-rw- 2 root root     4096 Jan 13 03:35 scripts
drw-rw-rw- 2 root root     4096 Jan 13 03:35 src
-rw-rw-rw- 1 root root     2693 Jan 13 03:35 SSL-Cargo.toml
-rw-rw-rw- 1 root root      739 Jan 13 03:35 SSL-Rocket.toml
drw-rw-rw- 8 root root     4096 Jan 13 03:35 static
drw-rw-rw- 4 root root     4096 Jan 13 03:35 target
drw-rw-rw- 3 root root     4096 Jan 13 03:35 templates
vishus@localhost:~$ chmod -R 776 blogr-tls
...permission denied...
vishus@localhost:~$ sudo chmod -R 776 blogr-tls
vishus@localhost:~$ sudo ls -lA /home/vishus/blogr-tls
total 52048
drwxrwxrw- 9 root root     4096 Jan 13 03:41 blogr
-rwxrwxrw- 1 root root 10614496 Jan 13 03:35 blogr-executable
-rwxrwxrw- 1 root root 10610304 Jan 13 03:35 blogr-executable-before-img-preview
-rwxrwxrw- 1 root root 10614984 Jan 13 03:35 blogr-executable-post-body-bg-img.bak
-rwxrwxrw- 1 root root 10619184 Jan 13 03:35 blogr-post-copyright-and-icons
-rwxrwxrw- 1 root root 10619184 Jan 13 03:35 blogr-pre-copyright-and-icons
-rwxrwxrw- 1 root root      299 Jan 13 03:35 build-backup.sh
-rwxrwxrw- 1 root root      380 Jan 13 03:35 build.sh
-rwxrwxrw- 1 root root    78756 Jan 13 03:35 Cargo.lock
-rwxrwxrw- 1 root root     2606 Jan 13 03:35 Cargo.toml
-rwxrwxrw- 1 root root     1793 Jan 13 03:35 Cargo.toml.bak
-rwxrwxrw- 1 root root    34018 Jan 13 03:35 libpq-win.lib
drwxrwxrw- 2 root root     4096 Jan 13 03:35 logs
drwxrwxrw- 3 root root     4096 Jan 13 03:35 notes
-rwxrwxrw- 1 root root     2693 Jan 13 03:35 Prod-Cargo.toml
-rwxrwxrw- 1 root root      739 Jan 13 03:35 Prod-Rocket.toml
-rwxrwxrw- 1 root root      209 Jan 13 03:35 production.sh
-rwxrwxrw- 1 root root      663 Jan 13 03:35 Rocket.toml
-rwxrwxrw- 1 root root      663 Jan 13 03:35 Rocket.toml.old1
-rwxrwxrw- 1 root root      666 Jan 13 03:35 Rocket.toml.old-vishus-net
-rwxrwxrw- 1 root root      199 Jan 13 03:35 run-backup.sh
-rwxrwxrw- 1 root root      364 Jan 13 03:35 run.sh
drwxrwxrw- 2 root root     4096 Jan 13 03:35 scripts
drwxrwxrw- 2 root root     4096 Jan 13 03:35 src
-rwxrwxrw- 1 root root     2693 Jan 13 03:35 SSL-Cargo.toml
-rwxrwxrw- 1 root root      739 Jan 13 03:35 SSL-Rocket.toml
drwxrwxrw- 8 root root     4096 Jan 13 03:35 static
drwxrwxrw- 4 root root     4096 Jan 13 03:35 target
drwxrwxrw- 3 root root     4096 Jan 13 03:35 templates
vishus@localhost:~$ sudo chmod -R 777 blogr-tls
vishus@localhost:~$ vi blogr-tls/build.sh
vishus@localhost:~$ vi run.sh
vishus@localhost:~$ ls -lA blogr-tls
total 52056
drwxrwxrwx 9 root   root       4096 Jan 13 03:41 blogr
-rwxrwxrwx 1 root   root   10614496 Jan 13 03:35 blogr-executable
-rwxrwxrwx 1 root   root   10610304 Jan 13 03:35 blogr-executable-before-img-preview
-rwxrwxrwx 1 root   root   10614984 Jan 13 03:35 blogr-executable-post-body-bg-img.bak
-rwxrwxrwx 1 root   root   10619184 Jan 13 03:35 blogr-post-copyright-and-icons
-rwxrwxrwx 1 root   root   10619184 Jan 13 03:35 blogr-pre-copyright-and-icons
-rwxrwxrwx 1 root   root        299 Jan 13 03:35 build-backup.sh
-rwxrwxrwx 1 root   root        396 Jan 13 03:48 build.sh
-rwxrwxrwx 1 root   root      78756 Jan 13 03:35 Cargo.lock
-rw------- 1 vishus vishus     2693 Jan 13 03:47 Cargo.toml
-rwxrwxrwx 1 root   root       1793 Jan 13 03:35 Cargo.toml.bak
-rwxrwxrwx 1 root   root      34018 Jan 13 03:35 libpq-win.lib
drwxrwxrwx 2 root   root       4096 Jan 13 03:35 logs
-rwxrwxrwx 1 root   root       2606 Jan 13 03:35 non-https-Cargo.toml
-rwxrwxrwx 1 root   root        663 Jan 13 03:35 non-https-Rocket.toml
drwxrwxrwx 3 root   root       4096 Jan 13 03:35 notes
-rwxrwxrwx 1 root   root       2693 Jan 13 03:35 Prod-Cargo.toml
-rwxrwxrwx 1 root   root        739 Jan 13 03:35 Prod-Rocket.toml
-rwxrwxrwx 1 root   root        209 Jan 13 03:35 production.sh
-rw------- 1 vishus vishus      739 Jan 13 03:47 Rocket.toml
-rwxrwxrwx 1 root   root        663 Jan 13 03:35 Rocket.toml.old1
-rwxrwxrwx 1 root   root        666 Jan 13 03:35 Rocket.toml.old-vishus-net
-rwxrwxrwx 1 root   root        199 Jan 13 03:35 run-backup.sh
-rwxrwxrwx 1 root   root        364 Jan 13 03:35 run.sh
drwxrwxrwx 2 root   root       4096 Jan 13 03:35 scripts
drwxrwxrwx 2 root   root       4096 Jan 13 03:46 src
-rwxrwxrwx 1 root   root       2693 Jan 13 03:35 SSL-Cargo.toml
-rwxrwxrwx 1 root   root        739 Jan 13 03:35 SSL-Rocket.toml
drwxrwxrwx 8 root   root       4096 Jan 13 03:35 static
drwxrwxrwx 4 root   root       4096 Jan 13 03:35 target
drwxrwxrwx 3 root   root       4096 Jan 13 03:35 templates
vishus@localhost:~$ sudo vi run.sh
vishus@localhost:~$ sudo vi blogr-tls/run.sh
vishus@localhost:~$ sudo vi /etc/nginx/sites-available/blog
vishus@localhost:~$ sudo systemctl stop blogr
vishus@localhost:~$ cd blogr-tls
vishus@localhost:~/blogr-tls$ bash build.sh
   Compiling rayon-core v1.3.0
   Compiling rayon v0.7.1
   Compiling ring v0.11.0
   Compiling webpki v0.14.0
   Compiling cookie v0.9.2
   Compiling webpki-roots v0.11.0
   Compiling rustls v0.9.0
   Compiling hyper-sync-rustls v0.1.0
   Compiling rocket v0.3.3
   Compiling rocket_contrib v0.3.3
   Compiling rocket_codegen v0.3.3
   Compiling rocket-auth-login v0.2.1
   Compiling blogr v0.4.3 (file:///home/vishus/blogr-tls)
    Finished release [optimized] target(s) in 185.88 secs
vishus@localhost:~/blogr-tls$ sudo systemctl stop nginx
vishus@localhost:~/blogr-tls$ sudo systemctl start nginx
Job for nginx.service failed because the control process exited with error code.
See "systemctl  status nginx.service" and "journalctl  -xe" for details.
vishus@localhost:~/blogr-tls$ systemctl status nginx.service
● nginx.service - A high performance web server and a reverse proxy server
   Loaded: loaded (/lib/systemd/system/nginx.service; enabled; vendor preset: enabled)
   Active: failed (Result: exit-code) since Sat 2018-01-13 04:07:19 UTC; 17s ago
     Docs: man:nginx(8)
  Process: 30258 ExecStop=/sbin/start-stop-daemon --quiet --stop --retry QUIT/5 --pidfile /run/nginx.pid (code=exited, status=0/SUCCESS)
  Process: 14890 ExecStart=/usr/sbin/nginx -g daemon on; master_process on; (code=exited, status=0/SUCCESS)
  Process: 30483 ExecStartPre=/usr/sbin/nginx -t -q -g daemon on; master_process on; (code=exited, status=1/FAILURE)
 Main PID: 14891 (code=exited, status=0/SUCCESS)
vishus@localhost:~/blogr-tls$ nginx -t
nginx: [alert] could not open error log file: open() "/var/log/nginx/error.log" failed (13: Permission denied)
2018/01/13 04:08:21 [warn] 30503#30503: the "user" directive makes sense only if the master process runs with super-user privileges, ignored in /etc/nginx/nginx.conf:1
2018/01/13 04:08:21 [emerg] 30503#30503: open() "/nginx/snippets/letsencrypt.conf" failed (2: No such file or directory) in /etc/nginx/sites-enabled/blog:5
nginx: configuration file /etc/nginx/nginx.conf test failed
vishus@localhost:~/blogr-tls$ sudo nginx -t
nginx: [emerg] open() "/nginx/snippets/letsencrypt.conf" failed (2: No such file or directory) in /etc/nginx/sites-enabled/blog:5
nginx: configuration file /etc/nginx/nginx.conf test failed
vishus@localhost:~/blogr-tls$ sudo vi /etc/nginx/sites-available/blog
vishus@localhost:~/blogr-tls$ sudo nginx -t
nginx: [emerg] invalid number of arguments in "gzip" directive in /etc/nginx/sites-enabled/blog:54
nginx: configuration file /etc/nginx/nginx.conf test failed
vishus@localhost:~/blogr-tls$ sudo vi /etc/nginx/sites-available/blog
vishus@localhost:~/blogr-tls$ sudo vi /etc/nginx/sites-available/blog
vishus@localhost:~/blogr-tls$ sudo nginx -t
nginx: the configuration file /etc/nginx/nginx.conf syntax is ok
nginx: configuration file /etc/nginx/nginx.conf test is successful
vishus@localhost:~/blogr-tls$ sudo systemctl start nginx
vishus@localhost:~/blogr-tls$ sudo vi /etc/nginx/sites-available/blog
vishus@localhost:~/blogr-tls$ sudo vi /etc/nginx/sites-available/blog
vishus@localhost:~/blogr-tls$ sudo systemctl restart nginx
vishus@localhost:~/blogr-tls$ sudo cp /etc/nginx/sites-available/blog nginx-tls-conf.bak
vishus@localhost:~/blogr-tls$ sudo vi /etc/systemd/system/blogr.service
vishus@localhost:~/blogr-tls$ sudo vi /etc/systemd/system/blogr-tls.service
vishus@localhost:~/blogr-tls$ sudo systemctl daemon-reload
vishus@localhost:~/blogr-tls$ sudo systemctl start blogr-tls
vishus@localhost:~/blogr-tls$ df -H
Filesystem      Size  Used Avail Use% Mounted on
udev            1.1G     0  1.1G   0% /dev
tmpfs           210M   27M  183M  13% /run
/dev/sda         32G   12G   18G  41% /
tmpfs           1.1G  8.2k  1.1G   1% /dev/shm
tmpfs           5.3M     0  5.3M   0% /run/lock
tmpfs           1.1G     0  1.1G   0% /sys/fs/cgroup
tmpfs           210M     0  210M   0% /run/user/1000
vishus@localhost:~/blogr-tls$ cat --help
Usage: cat [OPTION]... [FILE]...
Concatenate FILE(s) to standard output.

With no FILE, or when FILE is -, read standard input.

  -A, --show-all           equivalent to -vET
  -b, --number-nonblank    number nonempty output lines, overrides -n
  -e                       equivalent to -vE
  -E, --show-ends          display $ at end of each line
  -n, --number             number all output lines
  -s, --squeeze-blank      suppress repeated empty output lines
  -t                       equivalent to -vT
  -T, --show-tabs          display TAB characters as ^I
  -u                       (ignored)
  -v, --show-nonprinting   use ^ and M- notation, except for LFD and TAB
      --help     display this help and exit
      --version  output version information and exit

Examples:
  cat f - g  Output f's contents, then standard input, then g's contents.
  cat        Copy standard input to standard output.

GNU coreutils online help: <http://www.gnu.org/software/coreutils/>
Full documentation at: <http://www.gnu.org/software/coreutils/cat>
or available locally via: info '(coreutils) cat invocation'
vishus@localhost:~/blogr-tls$ head --help
Usage: head [OPTION]... [FILE]...
Print the first 10 lines of each FILE to standard output.
With more than one FILE, precede each with a header giving the file name.

With no FILE, or when FILE is -, read standard input.

Mandatory arguments to long options are mandatory for short options too.
  -c, --bytes=[-]NUM       print the first NUM bytes of each file;
                             with the leading '-', print all but the last
                             NUM bytes of each file
  -n, --lines=[-]NUM       print the first NUM lines instead of the first 10;
                             with the leading '-', print all but the last
                             NUM lines of each file
  -q, --quiet, --silent    never print headers giving file names
  -v, --verbose            always print headers giving file names
  -z, --zero-terminated    line delimiter is NUL, not newline
      --help     display this help and exit
      --version  output version information and exit

NUM may have a multiplier suffix:
b 512, kB 1000, K 1024, MB 1000*1000, M 1024*1024,
GB 1000*1000*1000, G 1024*1024*1024, and so on for T, P, E, Z, Y.

GNU coreutils online help: <http://www.gnu.org/software/coreutils/>
Full documentation at: <http://www.gnu.org/software/coreutils/head>
or available locally via: info '(coreutils) head invocation'
vishus@localhost:~/blogr-tls$ tail --help
Usage: tail [OPTION]... [FILE]...
Print the last 10 lines of each FILE to standard output.
With more than one FILE, precede each with a header giving the file name.

With no FILE, or when FILE is -, read standard input.

Mandatory arguments to long options are mandatory for short options too.
  -c, --bytes=[+]NUM       output the last NUM bytes; or use -c +NUM to
                             output starting with byte NUM of each file
  -f, --follow[={name|descriptor}]
                           output appended data as the file grows;
                             an absent option argument means 'descriptor'
  -F                       same as --follow=name --retry
  -n, --lines=[+]NUM       output the last NUM lines, instead of the last 10;
                             or use -n +NUM to output starting with line NUM
      --max-unchanged-stats=N
                           with --follow=name, reopen a FILE which has not
                             changed size after N (default 5) iterations
                             to see if it has been unlinked or renamed
                             (this is the usual case of rotated log files);
                             with inotify, this option is rarely useful
      --pid=PID            with -f, terminate after process ID, PID dies
  -q, --quiet, --silent    never output headers giving file names
      --retry              keep trying to open a file if it is inaccessible
  -s, --sleep-interval=N   with -f, sleep for approximately N seconds
                             (default 1.0) between iterations;
                             with inotify and --pid=P, check process P at
                             least once every N seconds
  -v, --verbose            always output headers giving file names
  -z, --zero-terminated    line delimiter is NUL, not newline
      --help     display this help and exit
      --version  output version information and exit

NUM may have a multiplier suffix:
b 512, kB 1000, K 1024, MB 1000*1000, M 1024*1024,
GB 1000*1000*1000, G 1024*1024*1024, and so on for T, P, E, Z, Y.

With --follow (-f), tail defaults to following the file descriptor, which
means that even if a tail'ed file is renamed, tail will continue to track
its end.  This default behavior is not desirable when you really want to
track the actual name of the file, not the file descriptor (e.g., log
rotation).  Use --follow=name in that case.  That causes tail to track the
named file in a way that accommodates renaming, removal and creation.

GNU coreutils online help: <http://www.gnu.org/software/coreutils/>
Full documentation at: <http://www.gnu.org/software/coreutils/tail>
or available locally via: info '(coreutils) tail invocation'
vishus@localhost:~/blogr-tls$